[0.118s] Invoking command in '/home/wjs/cart_ros2/build/sllidar_ros2': CMAKE_PREFIX_PATH=${CMAKE_PREFIX_PATH}:/opt/ros/galactic /usr/bin/cmake --build /home/wjs/cart_ros2/build/sllidar_ros2 -- -j4 -l4
[0.474s] [ 14%] Built target sllidar_client
[0.565s] [100%] Built target sllidar_node
[0.688s] Invoked command in '/home/wjs/cart_ros2/build/sllidar_ros2' returned '0': CMAKE_PREFIX_PATH=${CMAKE_PREFIX_PATH}:/opt/ros/galactic /usr/bin/cmake --build /home/wjs/cart_ros2/build/sllidar_ros2 -- -j4 -l4
[0.706s] Invoking command in '/home/wjs/cart_ros2/build/sllidar_ros2': CMAKE_PREFIX_PATH=${CMAKE_PREFIX_PATH}:/opt/ros/galactic /usr/bin/cmake --install /home/wjs/cart_ros2/build/sllidar_ros2
[0.764s] -- Install configuration: ""
[0.765s] -- Execute custom install script
[0.767s] -- Up-to-date symlink: /home/wjs/cart_ros2/install/share/sllidar_ros2/launch/run_lidar_F.launch.py
[0.778s] -- Up-to-date symlink: /home/wjs/cart_ros2/install/share/sllidar_ros2/launch/run_lidar_F.launch.py.bak
[0.778s] -- Up-to-date symlink: /home/wjs/cart_ros2/install/share/sllidar_ros2/launch/run_lidar_R.launch.py
[0.779s] -- Up-to-date symlink: /home/wjs/cart_ros2/install/share/sllidar_ros2/launch/run_lidars.launch.py
[0.779s] -- Up-to-date symlink: /home/wjs/cart_ros2/install/share/sllidar_ros2/launch/sllidar_a3_filtered.launch.py
[0.785s] -- Up-to-date symlink: /home/wjs/cart_ros2/install/share/sllidar_ros2/launch/sllidar_a3_launch.py
[0.786s] -- Up-to-date symlink: /home/wjs/cart_ros2/install/share/sllidar_ros2/launch/sllidar_launch.py
[0.787s] -- Up-to-date symlink: /home/wjs/cart_ros2/install/share/sllidar_ros2/launch/sllidar_s1_launch.py
[0.788s] -- Up-to-date symlink: /home/wjs/cart_ros2/install/share/sllidar_ros2/launch/sllidar_s1_tcp_launch.py
[0.789s] -- Up-to-date symlink: /home/wjs/cart_ros2/install/share/sllidar_ros2/launch/sllidar_s2_launch.py
[0.791s] -- Up-to-date symlink: /home/wjs/cart_ros2/install/share/sllidar_ros2/launch/sllidar_s2e_launch.py
[0.793s] -- Up-to-date symlink: /home/wjs/cart_ros2/install/share/sllidar_ros2/launch/sllidar_t1_launch.py
[0.794s] -- Up-to-date symlink: /home/wjs/cart_ros2/install/share/sllidar_ros2/launch/view_sllidar_a3_launch.py
[0.795s] -- Up-to-date symlink: /home/wjs/cart_ros2/install/share/sllidar_ros2/launch/view_sllidar_launch.py
[0.796s] -- Up-to-date symlink: /home/wjs/cart_ros2/install/share/sllidar_ros2/launch/view_sllidar_s1_launch.py
[0.797s] -- Up-to-date symlink: /home/wjs/cart_ros2/install/share/sllidar_ros2/launch/view_sllidar_s1_tcp_launch.py
[0.798s] -- Up-to-date symlink: /home/wjs/cart_ros2/install/share/sllidar_ros2/launch/view_sllidar_s2_launch.py
[0.798s] -- Up-to-date symlink: /home/wjs/cart_ros2/install/share/sllidar_ros2/launch/view_sllidar_s2e_launch.py
[0.800s] -- Up-to-date symlink: /home/wjs/cart_ros2/install/share/sllidar_ros2/launch/view_sllidar_t1_launch.py
[0.802s] -- Up-to-date symlink: /home/wjs/cart_ros2/install/share/sllidar_ros2/rviz/sllidar_ros2.rviz
[0.804s] -- Up-to-date symlink: /home/wjs/cart_ros2/install/lib/sllidar_ros2/sllidar_node
[0.815s] -- Up-to-date symlink: /home/wjs/cart_ros2/install/lib/sllidar_ros2/sllidar_client
[0.816s] -- Up-to-date symlink: /home/wjs/cart_ros2/install/share/ament_index/resource_index/package_run_dependencies/sllidar_ros2
[0.818s] -- Up-to-date symlink: /home/wjs/cart_ros2/install/share/ament_index/resource_index/parent_prefix_path/sllidar_ros2
[0.819s] -- Up-to-date symlink: /home/wjs/cart_ros2/install/share/sllidar_ros2/environment/ament_prefix_path.sh
[0.822s] -- Up-to-date symlink: /home/wjs/cart_ros2/install/share/sllidar_ros2/environment/ament_prefix_path.dsv
[0.822s] -- Up-to-date symlink: /home/wjs/cart_ros2/install/share/sllidar_ros2/environment/path.sh
[0.824s] -- Up-to-date symlink: /home/wjs/cart_ros2/install/share/sllidar_ros2/environment/path.dsv
[0.825s] -- Up-to-date symlink: /home/wjs/cart_ros2/install/share/sllidar_ros2/local_setup.bash
[0.827s] -- Up-to-date symlink: /home/wjs/cart_ros2/install/share/sllidar_ros2/local_setup.sh
[0.829s] -- Up-to-date symlink: /home/wjs/cart_ros2/install/share/sllidar_ros2/local_setup.zsh
[0.830s] -- Up-to-date symlink: /home/wjs/cart_ros2/install/share/sllidar_ros2/local_setup.dsv
[0.831s] -- Symlinking: /home/wjs/cart_ros2/install/share/sllidar_ros2/package.dsv
[0.901s] -- Up-to-date symlink: /home/wjs/cart_ros2/install/share/ament_index/resource_index/packages/sllidar_ros2
[0.902s] -- Up-to-date symlink: /home/wjs/cart_ros2/install/share/sllidar_ros2/cmake/ament_cmake_export_dependencies-extras.cmake
[0.904s] -- Up-to-date symlink: /home/wjs/cart_ros2/install/share/sllidar_ros2/cmake/ament_cmake_export_include_directories-extras.cmake
[0.905s] -- Up-to-date symlink: /home/wjs/cart_ros2/install/share/sllidar_ros2/cmake/sllidar_ros2Config.cmake
[0.906s] -- Up-to-date symlink: /home/wjs/cart_ros2/install/share/sllidar_ros2/cmake/sllidar_ros2Config-version.cmake
[0.908s] -- Up-to-date symlink: /home/wjs/cart_ros2/install/share/sllidar_ros2/package.xml
[0.923s] Invoked command in '/home/wjs/cart_ros2/build/sllidar_ros2' returned '0': CMAKE_PREFIX_PATH=${CMAKE_PREFIX_PATH}:/opt/ros/galactic /usr/bin/cmake --install /home/wjs/cart_ros2/build/sllidar_ros2
