[0.091s] Invoking command in '/home/wjs/cart_ros2/build/laser_filters': CMAKE_PREFIX_PATH=${CMAKE_PREFIX_PATH}:/opt/ros/galactic /usr/bin/cmake --build /home/wjs/cart_ros2/build/laser_filters -- -j4 -l4
[0.599s] [ 14%] Built target laser_scan_filters
[0.736s] [ 28%] Built target gtest_main
[0.943s] [ 42%] Built target scan_to_cloud_filter_chain
[1.146s] [ 57%] Built target scan_to_scan_filter_chain
[1.365s] [ 71%] Built target generic_laser_filter_node
[1.522s] [ 85%] Built target gtest
[1.711s] [100%] Built target test_scan_filter_chain
[1.829s] Invoked command in '/home/wjs/cart_ros2/build/laser_filters' returned '0': CMAKE_PREFIX_PATH=${CMAKE_PREFIX_PATH}:/opt/ros/galactic /usr/bin/cmake --build /home/wjs/cart_ros2/build/laser_filters -- -j4 -l4
[1.846s] Invoking command in '/home/wjs/cart_ros2/build/laser_filters': CMAKE_PREFIX_PATH=${CMAKE_PREFIX_PATH}:/opt/ros/galactic /usr/bin/cmake --install /home/wjs/cart_ros2/build/laser_filters
[1.931s] -- Install configuration: ""
[1.932s] -- Execute custom install script
[1.935s] -- Up-to-date symlink: /home/wjs/cart_ros2/install/share/laser_filters//laser_filters_plugins.xml
[1.938s] -- Up-to-date symlink: /home/wjs/cart_ros2/install/include/laser_filters/angular_bounds_filter.h
[1.939s] -- Up-to-date symlink: /home/wjs/cart_ros2/install/include/laser_filters/angular_bounds_filter_in_place.h
[1.939s] -- Up-to-date symlink: /home/wjs/cart_ros2/install/include/laser_filters/array_filter.h
[1.941s] -- Up-to-date symlink: /home/wjs/cart_ros2/install/include/laser_filters/box_filter.h
[1.943s] -- Up-to-date symlink: /home/wjs/cart_ros2/install/include/laser_filters/footprint_filter.h
[1.944s] -- Up-to-date symlink: /home/wjs/cart_ros2/install/include/laser_filters/intensity_filter.h
[1.944s] -- Up-to-date symlink: /home/wjs/cart_ros2/install/include/laser_filters/interpolation_filter.h
[1.945s] -- Up-to-date symlink: /home/wjs/cart_ros2/install/include/laser_filters/median_filter.h
[1.946s] -- Up-to-date symlink: /home/wjs/cart_ros2/install/include/laser_filters/range_filter.h
[1.947s] -- Up-to-date symlink: /home/wjs/cart_ros2/install/include/laser_filters/scan_mask_filter.h
[1.948s] -- Up-to-date symlink: /home/wjs/cart_ros2/install/include/laser_filters/scan_shadows_filter.h
[1.949s] -- Up-to-date symlink: /home/wjs/cart_ros2/install/include/laser_filters/speckle_filter.h
[1.959s] -- Up-to-date symlink: /home/wjs/cart_ros2/install/share/laser_filters/environment/library_path.sh
[1.960s] -- Up-to-date symlink: /home/wjs/cart_ros2/install/share/laser_filters/environment/library_path.dsv
[1.963s] -- Up-to-date symlink: /home/wjs/cart_ros2/install/lib/liblaser_scan_filters.so
[1.965s] -- Up-to-date symlink: /home/wjs/cart_ros2/install/lib/laser_filters/scan_to_cloud_filter_chain
[1.968s] -- Up-to-date symlink: /home/wjs/cart_ros2/install/lib/laser_filters/scan_to_scan_filter_chain
[1.969s] -- Up-to-date symlink: /home/wjs/cart_ros2/install/lib/laser_filters/generic_laser_filter_node
[1.975s] -- Up-to-date symlink: /home/wjs/cart_ros2/install/share/laser_filters/examples/box_filter_example.launch.py
[1.975s] -- Up-to-date symlink: /home/wjs/cart_ros2/install/share/laser_filters/examples/box_filter_example.yaml
[1.979s] -- Up-to-date symlink: /home/wjs/cart_ros2/install/share/laser_filters/examples/footprint_filter_example.launch.py
[1.981s] -- Up-to-date symlink: /home/wjs/cart_ros2/install/share/laser_filters/examples/footprint_filter_example.yaml
[1.983s] -- Up-to-date symlink: /home/wjs/cart_ros2/install/share/laser_filters/examples/intensity_filter_example.launch.py
[1.984s] -- Up-to-date symlink: /home/wjs/cart_ros2/install/share/laser_filters/examples/intensity_filter_example.yaml
[1.985s] -- Up-to-date symlink: /home/wjs/cart_ros2/install/share/laser_filters/examples/mask_filter_example.launch.py
[1.987s] -- Up-to-date symlink: /home/wjs/cart_ros2/install/share/laser_filters/examples/mask_filter_example.yaml
[1.988s] -- Up-to-date symlink: /home/wjs/cart_ros2/install/share/laser_filters/examples/median_filter_example.launch.py
[1.990s] -- Up-to-date symlink: /home/wjs/cart_ros2/install/share/laser_filters/examples/median_filter_example.yaml
[1.992s] -- Up-to-date symlink: /home/wjs/cart_ros2/install/share/laser_filters/examples/multiple_filters_example.launch.py
[1.995s] -- Up-to-date symlink: /home/wjs/cart_ros2/install/share/laser_filters/examples/multiple_filters_example.yaml
[1.997s] -- Up-to-date symlink: /home/wjs/cart_ros2/install/share/laser_filters/examples/pass_through_example.launch.py
[1.998s] -- Up-to-date symlink: /home/wjs/cart_ros2/install/share/laser_filters/examples/pass_through_example.yaml
[2.000s] -- Up-to-date symlink: /home/wjs/cart_ros2/install/share/laser_filters/examples/range_filter_example.launch.py
[2.001s] -- Up-to-date symlink: /home/wjs/cart_ros2/install/share/laser_filters/examples/range_filter_example.yaml
[2.003s] -- Up-to-date symlink: /home/wjs/cart_ros2/install/share/laser_filters/examples/shadow_filter_example.launch.py
[2.004s] -- Up-to-date symlink: /home/wjs/cart_ros2/install/share/laser_filters/examples/shadow_filter_example.yaml
[2.006s] -- Up-to-date symlink: /home/wjs/cart_ros2/install/share/laser_filters/examples/speckle_filter_example.launch
[2.007s] -- Up-to-date symlink: /home/wjs/cart_ros2/install/share/laser_filters/examples/speckle_filter_example.yaml
[2.009s] -- Up-to-date symlink: /home/wjs/cart_ros2/install/share/ament_index/resource_index/package_run_dependencies/laser_filters
[2.012s] -- Up-to-date symlink: /home/wjs/cart_ros2/install/share/ament_index/resource_index/parent_prefix_path/laser_filters
[2.013s] -- Up-to-date symlink: /home/wjs/cart_ros2/install/share/laser_filters/environment/ament_prefix_path.sh
[2.015s] -- Up-to-date symlink: /home/wjs/cart_ros2/install/share/laser_filters/environment/ament_prefix_path.dsv
[2.017s] -- Up-to-date symlink: /home/wjs/cart_ros2/install/share/laser_filters/environment/path.sh
[2.021s] -- Up-to-date symlink: /home/wjs/cart_ros2/install/share/laser_filters/environment/path.dsv
[2.021s] -- Up-to-date symlink: /home/wjs/cart_ros2/install/share/laser_filters/local_setup.bash
[2.023s] -- Up-to-date symlink: /home/wjs/cart_ros2/install/share/laser_filters/local_setup.sh
[2.025s] -- Up-to-date symlink: /home/wjs/cart_ros2/install/share/laser_filters/local_setup.zsh
[2.027s] -- Up-to-date symlink: /home/wjs/cart_ros2/install/share/laser_filters/local_setup.dsv
[2.028s] -- Symlinking: /home/wjs/cart_ros2/install/share/laser_filters/package.dsv
[2.089s] -- Up-to-date symlink: /home/wjs/cart_ros2/install/share/ament_index/resource_index/packages/laser_filters
[2.090s] -- Up-to-date symlink: /home/wjs/cart_ros2/install/share/ament_index/resource_index/filters__pluginlib__plugin/laser_filters
[2.100s] -- Up-to-date symlink: /home/wjs/cart_ros2/install/share/laser_filters/cmake/ament_cmake_export_dependencies-extras.cmake
[2.102s] -- Up-to-date symlink: /home/wjs/cart_ros2/install/share/laser_filters/cmake/ament_cmake_export_include_directories-extras.cmake
[2.104s] -- Up-to-date symlink: /home/wjs/cart_ros2/install/share/laser_filters/cmake/ament_cmake_export_libraries-extras.cmake
[2.108s] -- Up-to-date symlink: /home/wjs/cart_ros2/install/share/laser_filters/cmake/laser_filtersConfig.cmake
[2.109s] -- Up-to-date symlink: /home/wjs/cart_ros2/install/share/laser_filters/cmake/laser_filtersConfig-version.cmake
[2.111s] -- Up-to-date symlink: /home/wjs/cart_ros2/install/share/laser_filters/package.xml
[2.114s] -- Up-to-date symlink: /home/wjs/cart_ros2/install/share/laser_filters/config_filter/angle_filter_F.yaml
[2.115s] -- Up-to-date symlink: /home/wjs/cart_ros2/install/share/laser_filters/config_filter/angle_filter_R.yaml
[2.131s] Invoked command in '/home/wjs/cart_ros2/build/laser_filters' returned '0': CMAKE_PREFIX_PATH=${CMAKE_PREFIX_PATH}:/opt/ros/galactic /usr/bin/cmake --install /home/wjs/cart_ros2/build/laser_filters
