[0.093s] Invoking command in '/home/wjs/cart_ros2/build/stella_ahrs': CMAKE_PREFIX_PATH=${CMAKE_PREFIX_PATH}:/opt/ros/galactic /usr/bin/cmake --build /home/wjs/cart_ros2/build/stella_ahrs -- -j4 -l4
[0.514s] [100%] Built target stella_ahrs_node
[0.782s] Invoked command in '/home/wjs/cart_ros2/build/stella_ahrs' returned '0': CMAKE_PREFIX_PATH=${CMAKE_PREFIX_PATH}:/opt/ros/galactic /usr/bin/cmake --build /home/wjs/cart_ros2/build/stella_ahrs -- -j4 -l4
[0.803s] Invoking command in '/home/wjs/cart_ros2/build/stella_ahrs': CMAKE_PREFIX_PATH=${CMAKE_PREFIX_PATH}:/opt/ros/galactic /usr/bin/cmake --install /home/wjs/cart_ros2/build/stella_ahrs
[0.865s] -- Install configuration: ""
[0.873s] -- Execute custom install script
[0.873s] -- Up-to-date symlink: /home/wjs/cart_ros2/install/share/stella_ahrs//launch/stella_ahrs_launch.py
[0.874s] -- Up-to-date symlink: /home/wjs/cart_ros2/install/share/stella_ahrs/rviz/imu_test.rviz
[0.874s] -- Up-to-date symlink: /home/wjs/cart_ros2/install/lib/stella_ahrs/stella_ahrs_node
[0.886s] -- Up-to-date symlink: /home/wjs/cart_ros2/install/share/ament_index/resource_index/package_run_dependencies/stella_ahrs
[0.887s] -- Up-to-date symlink: /home/wjs/cart_ros2/install/share/ament_index/resource_index/parent_prefix_path/stella_ahrs
[0.887s] -- Up-to-date symlink: /home/wjs/cart_ros2/install/share/stella_ahrs/environment/ament_prefix_path.sh
[0.887s] -- Up-to-date symlink: /home/wjs/cart_ros2/install/share/stella_ahrs/environment/ament_prefix_path.dsv
[0.891s] -- Up-to-date symlink: /home/wjs/cart_ros2/install/share/stella_ahrs/environment/path.sh
[0.891s] -- Up-to-date symlink: /home/wjs/cart_ros2/install/share/stella_ahrs/environment/path.dsv
[0.891s] -- Up-to-date symlink: /home/wjs/cart_ros2/install/share/stella_ahrs/local_setup.bash
[0.891s] -- Up-to-date symlink: /home/wjs/cart_ros2/install/share/stella_ahrs/local_setup.sh
[0.892s] -- Up-to-date symlink: /home/wjs/cart_ros2/install/share/stella_ahrs/local_setup.zsh
[0.893s] -- Up-to-date symlink: /home/wjs/cart_ros2/install/share/stella_ahrs/local_setup.dsv
[0.897s] -- Symlinking: /home/wjs/cart_ros2/install/share/stella_ahrs/package.dsv
[0.945s] -- Up-to-date symlink: /home/wjs/cart_ros2/install/share/ament_index/resource_index/packages/stella_ahrs
[0.946s] -- Up-to-date symlink: /home/wjs/cart_ros2/install/share/stella_ahrs/cmake/ament_cmake_export_include_directories-extras.cmake
[0.947s] -- Up-to-date symlink: /home/wjs/cart_ros2/install/share/stella_ahrs/cmake/stella_ahrsConfig.cmake
[0.951s] -- Up-to-date symlink: /home/wjs/cart_ros2/install/share/stella_ahrs/cmake/stella_ahrsConfig-version.cmake
[0.952s] -- Up-to-date symlink: /home/wjs/cart_ros2/install/share/stella_ahrs/package.xml
[1.001s] Invoked command in '/home/wjs/cart_ros2/build/stella_ahrs' returned '0': CMAKE_PREFIX_PATH=${CMAKE_PREFIX_PATH}:/opt/ros/galactic /usr/bin/cmake --install /home/wjs/cart_ros2/build/stella_ahrs
