[0.201s] Invoking command in '/home/wjs/cart_ros2/build/roboteq_interfaces': CMAKE_PREFIX_PATH=${CMAKE_PREFIX_PATH}:/opt/ros/galactic /usr/bin/cmake --build /home/wjs/cart_ros2/build/roboteq_interfaces -- -j4 -l4
[1.396s] [ 10%] Built target roboteq_interfaces__rosidl_generator_c
[1.409s] [ 12%] Built target roboteq_interfaces__cpp
[1.412s] [ 23%] Built target roboteq_interfaces__rosidl_typesupport_introspection_c
[1.413s] [ 34%] Built target roboteq_interfaces__rosidl_typesupport_fastrtps_cpp
[1.413s] [ 45%] Built target roboteq_interfaces__rosidl_typesupport_cpp
[1.414s] [ 56%] Built target roboteq_interfaces__rosidl_typesupport_fastrtps_c
[1.414s] [ 67%] Built target roboteq_interfaces__rosidl_typesupport_introspection_cpp
[1.414s] [ 78%] Built target roboteq_interfaces__rosidl_typesupport_c
[1.415s] [ 78%] Built target roboteq_interfaces
[1.509s] [ 80%] Built target roboteq_interfaces__py
[1.658s] [ 89%] Built target roboteq_interfaces__python
[1.799s] [ 92%] Built target roboteq_interfaces__rosidl_typesupport_c__pyext
[1.924s] [ 96%] Built target roboteq_interfaces__rosidl_typesupport_introspection_c__pyext
[2.076s] [100%] Built target roboteq_interfaces__rosidl_typesupport_fastrtps_c__pyext
[4.214s] Invoked command in '/home/wjs/cart_ros2/build/roboteq_interfaces' returned '0': CMAKE_PREFIX_PATH=${CMAKE_PREFIX_PATH}:/opt/ros/galactic /usr/bin/cmake --build /home/wjs/cart_ros2/build/roboteq_interfaces -- -j4 -l4
[4.226s] Invoking command in '/home/wjs/cart_ros2/build/roboteq_interfaces': CMAKE_PREFIX_PATH=${CMAKE_PREFIX_PATH}:/opt/ros/galactic /usr/bin/cmake --install /home/wjs/cart_ros2/build/roboteq_interfaces
[4.299s] -- Install configuration: ""
[4.314s] -- Execute custom install script
[4.315s] -- Up-to-date symlink: /home/wjs/cart_ros2/install/share/ament_index/resource_index/rosidl_interfaces/roboteq_interfaces
[4.319s] -- Up-to-date symlink: /home/wjs/cart_ros2/install/include/roboteq_interfaces/msg/channel_values.h
[4.329s] -- Up-to-date symlink: /home/wjs/cart_ros2/install/include/roboteq_interfaces/msg/detail/channel_values__functions.h
[4.329s] -- Up-to-date symlink: /home/wjs/cart_ros2/install/include/roboteq_interfaces/msg/detail/channel_values__struct.h
[4.330s] -- Up-to-date symlink: /home/wjs/cart_ros2/install/include/roboteq_interfaces/msg/detail/channel_values__type_support.h
[4.330s] -- Up-to-date symlink: /home/wjs/cart_ros2/install/include/roboteq_interfaces/msg/rosidl_generator_c__visibility_control.h
[4.331s] -- Up-to-date symlink: /home/wjs/cart_ros2/install/include/roboteq_interfaces/srv/command.h
[4.331s] -- Up-to-date symlink: /home/wjs/cart_ros2/install/include/roboteq_interfaces/srv/config.h
[4.332s] -- Up-to-date symlink: /home/wjs/cart_ros2/install/include/roboteq_interfaces/srv/detail/command__functions.h
[4.332s] -- Up-to-date symlink: /home/wjs/cart_ros2/install/include/roboteq_interfaces/srv/detail/command__struct.h
[4.332s] -- Up-to-date symlink: /home/wjs/cart_ros2/install/include/roboteq_interfaces/srv/detail/command__type_support.h
[4.333s] -- Up-to-date symlink: /home/wjs/cart_ros2/install/include/roboteq_interfaces/srv/detail/config__functions.h
[4.333s] -- Up-to-date symlink: /home/wjs/cart_ros2/install/include/roboteq_interfaces/srv/detail/config__struct.h
[4.333s] -- Up-to-date symlink: /home/wjs/cart_ros2/install/include/roboteq_interfaces/srv/detail/config__type_support.h
[4.334s] -- Up-to-date symlink: /home/wjs/cart_ros2/install/include/roboteq_interfaces/srv/detail/maintenance__functions.h
[4.334s] -- Up-to-date symlink: /home/wjs/cart_ros2/install/include/roboteq_interfaces/srv/detail/maintenance__struct.h
[4.335s] -- Up-to-date symlink: /home/wjs/cart_ros2/install/include/roboteq_interfaces/srv/detail/maintenance__type_support.h
[4.335s] -- Up-to-date symlink: /home/wjs/cart_ros2/install/include/roboteq_interfaces/srv/maintenance.h
[4.335s] -- Up-to-date symlink: /home/wjs/cart_ros2/install/share/roboteq_interfaces/environment/library_path.sh
[4.335s] -- Up-to-date symlink: /home/wjs/cart_ros2/install/share/roboteq_interfaces/environment/library_path.dsv
[4.336s] -- Up-to-date symlink: /home/wjs/cart_ros2/install/include/roboteq_interfaces/msg/detail/channel_values__rosidl_typesupport_fastrtps_c.h
[4.336s] -- Up-to-date symlink: /home/wjs/cart_ros2/install/include/roboteq_interfaces/msg/rosidl_typesupport_fastrtps_c__visibility_control.h
[4.336s] -- Up-to-date symlink: /home/wjs/cart_ros2/install/include/roboteq_interfaces/srv/detail/command__rosidl_typesupport_fastrtps_c.h
[4.337s] -- Up-to-date symlink: /home/wjs/cart_ros2/install/include/roboteq_interfaces/srv/detail/config__rosidl_typesupport_fastrtps_c.h
[4.337s] -- Up-to-date symlink: /home/wjs/cart_ros2/install/include/roboteq_interfaces/srv/detail/maintenance__rosidl_typesupport_fastrtps_c.h
[4.337s] -- Up-to-date symlink: /home/wjs/cart_ros2/install/lib/libroboteq_interfaces__rosidl_typesupport_fastrtps_c.so
[4.338s] -- Up-to-date symlink: /home/wjs/cart_ros2/install/include/roboteq_interfaces/msg/detail/channel_values__rosidl_typesupport_fastrtps_cpp.hpp
[4.338s] -- Up-to-date symlink: /home/wjs/cart_ros2/install/include/roboteq_interfaces/msg/rosidl_typesupport_fastrtps_cpp__visibility_control.h
[4.339s] -- Up-to-date symlink: /home/wjs/cart_ros2/install/include/roboteq_interfaces/srv/detail/command__rosidl_typesupport_fastrtps_cpp.hpp
[4.339s] -- Up-to-date symlink: /home/wjs/cart_ros2/install/include/roboteq_interfaces/srv/detail/config__rosidl_typesupport_fastrtps_cpp.hpp
[4.339s] -- Up-to-date symlink: /home/wjs/cart_ros2/install/include/roboteq_interfaces/srv/detail/maintenance__rosidl_typesupport_fastrtps_cpp.hpp
[4.340s] -- Up-to-date symlink: /home/wjs/cart_ros2/install/lib/libroboteq_interfaces__rosidl_typesupport_fastrtps_cpp.so
[4.340s] -- Up-to-date symlink: /home/wjs/cart_ros2/install/include/roboteq_interfaces/msg/detail/channel_values__rosidl_typesupport_introspection_c.h
[4.340s] -- Up-to-date symlink: /home/wjs/cart_ros2/install/include/roboteq_interfaces/msg/rosidl_typesupport_introspection_c__visibility_control.h
[4.341s] -- Up-to-date symlink: /home/wjs/cart_ros2/install/include/roboteq_interfaces/srv/detail/command__rosidl_typesupport_introspection_c.h
[4.341s] -- Up-to-date symlink: /home/wjs/cart_ros2/install/include/roboteq_interfaces/srv/detail/config__rosidl_typesupport_introspection_c.h
[4.341s] -- Up-to-date symlink: /home/wjs/cart_ros2/install/include/roboteq_interfaces/srv/detail/maintenance__rosidl_typesupport_introspection_c.h
[4.342s] -- Up-to-date symlink: /home/wjs/cart_ros2/install/include/roboteq_interfaces/msg/channel_values.hpp
[4.344s] -- Up-to-date symlink: /home/wjs/cart_ros2/install/include/roboteq_interfaces/msg/detail/channel_values__builder.hpp
[4.345s] -- Up-to-date symlink: /home/wjs/cart_ros2/install/include/roboteq_interfaces/msg/detail/channel_values__struct.hpp
[4.346s] -- Up-to-date symlink: /home/wjs/cart_ros2/install/include/roboteq_interfaces/msg/detail/channel_values__traits.hpp
[4.346s] -- Up-to-date symlink: /home/wjs/cart_ros2/install/include/roboteq_interfaces/srv/command.hpp
[4.346s] -- Up-to-date symlink: /home/wjs/cart_ros2/install/include/roboteq_interfaces/srv/config.hpp
[4.347s] -- Up-to-date symlink: /home/wjs/cart_ros2/install/include/roboteq_interfaces/srv/detail/command__builder.hpp
[4.349s] -- Up-to-date symlink: /home/wjs/cart_ros2/install/include/roboteq_interfaces/srv/detail/command__struct.hpp
[4.350s] -- Up-to-date symlink: /home/wjs/cart_ros2/install/include/roboteq_interfaces/srv/detail/command__traits.hpp
[4.351s] -- Up-to-date symlink: /home/wjs/cart_ros2/install/include/roboteq_interfaces/srv/detail/config__builder.hpp
[4.352s] -- Up-to-date symlink: /home/wjs/cart_ros2/install/include/roboteq_interfaces/srv/detail/config__struct.hpp
[4.352s] -- Up-to-date symlink: /home/wjs/cart_ros2/install/include/roboteq_interfaces/srv/detail/config__traits.hpp
[4.352s] -- Up-to-date symlink: /home/wjs/cart_ros2/install/include/roboteq_interfaces/srv/detail/maintenance__builder.hpp
[4.353s] -- Up-to-date symlink: /home/wjs/cart_ros2/install/include/roboteq_interfaces/srv/detail/maintenance__struct.hpp
[4.356s] -- Up-to-date symlink: /home/wjs/cart_ros2/install/include/roboteq_interfaces/srv/detail/maintenance__traits.hpp
[4.356s] -- Up-to-date symlink: /home/wjs/cart_ros2/install/include/roboteq_interfaces/srv/maintenance.hpp
[4.357s] -- Up-to-date symlink: /home/wjs/cart_ros2/install/include/roboteq_interfaces/msg/detail/channel_values__rosidl_typesupport_introspection_cpp.hpp
[4.359s] -- Up-to-date symlink: /home/wjs/cart_ros2/install/include/roboteq_interfaces/srv/detail/command__rosidl_typesupport_introspection_cpp.hpp
[4.368s] -- Up-to-date symlink: /home/wjs/cart_ros2/install/include/roboteq_interfaces/srv/detail/config__rosidl_typesupport_introspection_cpp.hpp
[4.369s] -- Up-to-date symlink: /home/wjs/cart_ros2/install/include/roboteq_interfaces/srv/detail/maintenance__rosidl_typesupport_introspection_cpp.hpp
[4.369s] -- Up-to-date symlink: /home/wjs/cart_ros2/install/share/roboteq_interfaces/environment/pythonpath.sh
[4.369s] -- Up-to-date symlink: /home/wjs/cart_ros2/install/share/roboteq_interfaces/environment/pythonpath.dsv
[4.370s] -- Up-to-date symlink: /home/wjs/cart_ros2/install/lib/python3.8/site-packages/roboteq_interfaces/__init__.py
[4.370s] -- Up-to-date symlink: /home/wjs/cart_ros2/install/lib/python3.8/site-packages/roboteq_interfaces/msg/__init__.py
[4.370s] -- Up-to-date symlink: /home/wjs/cart_ros2/install/lib/python3.8/site-packages/roboteq_interfaces/msg/_channel_values.py
[4.371s] -- Up-to-date symlink: /home/wjs/cart_ros2/install/lib/python3.8/site-packages/roboteq_interfaces/srv/__init__.py
[4.372s] -- Up-to-date symlink: /home/wjs/cart_ros2/install/lib/python3.8/site-packages/roboteq_interfaces/srv/_command.py
[4.373s] -- Up-to-date symlink: /home/wjs/cart_ros2/install/lib/python3.8/site-packages/roboteq_interfaces/srv/_config.py
[4.374s] -- Up-to-date symlink: /home/wjs/cart_ros2/install/lib/python3.8/site-packages/roboteq_interfaces/srv/_maintenance.py
[4.377s] -- Up-to-date symlink: /home/wjs/cart_ros2/install/lib/python3.8/site-packages/roboteq_interfaces/roboteq_interfaces_s__rosidl_typesupport_fastrtps_c.cpython-38-aarch64-linux-gnu.so
[4.377s] -- Up-to-date symlink: /home/wjs/cart_ros2/install/lib/python3.8/site-packages/roboteq_interfaces/roboteq_interfaces_s__rosidl_typesupport_introspection_c.cpython-38-aarch64-linux-gnu.so
[4.379s] -- Up-to-date symlink: /home/wjs/cart_ros2/install/lib/python3.8/site-packages/roboteq_interfaces/roboteq_interfaces_s__rosidl_typesupport_c.cpython-38-aarch64-linux-gnu.so
[4.381s] -- Up-to-date symlink: /home/wjs/cart_ros2/install/lib/libroboteq_interfaces__python.so
[4.382s] -- Up-to-date symlink: /home/wjs/cart_ros2/install/share/roboteq_interfaces/msg/ChannelValues.idl
[4.384s] -- Up-to-date symlink: /home/wjs/cart_ros2/install/share/roboteq_interfaces/srv/Command.idl
[4.385s] -- Up-to-date symlink: /home/wjs/cart_ros2/install/share/roboteq_interfaces/srv/Config.idl
[4.386s] -- Up-to-date symlink: /home/wjs/cart_ros2/install/share/roboteq_interfaces/srv/Maintenance.idl
[4.388s] -- Up-to-date symlink: /home/wjs/cart_ros2/install/share/roboteq_interfaces/msg/ChannelValues.msg
[4.389s] -- Up-to-date symlink: /home/wjs/cart_ros2/install/share/roboteq_interfaces/srv/Command.srv
[4.390s] -- Up-to-date symlink: /home/wjs/cart_ros2/install/share/roboteq_interfaces/srv/Command_Request.msg
[4.393s] -- Up-to-date symlink: /home/wjs/cart_ros2/install/share/roboteq_interfaces/srv/Command_Response.msg
[4.394s] -- Up-to-date symlink: /home/wjs/cart_ros2/install/share/roboteq_interfaces/srv/Config.srv
[4.395s] -- Up-to-date symlink: /home/wjs/cart_ros2/install/share/roboteq_interfaces/srv/Config_Request.msg
[4.397s] -- Up-to-date symlink: /home/wjs/cart_ros2/install/share/roboteq_interfaces/srv/Config_Response.msg
[4.398s] -- Up-to-date symlink: /home/wjs/cart_ros2/install/share/roboteq_interfaces/srv/Maintenance.srv
[4.400s] -- Up-to-date symlink: /home/wjs/cart_ros2/install/share/roboteq_interfaces/srv/Maintenance_Request.msg
[4.402s] -- Up-to-date symlink: /home/wjs/cart_ros2/install/share/roboteq_interfaces/srv/Maintenance_Response.msg
[4.403s] -- Up-to-date symlink: /home/wjs/cart_ros2/install/share/ament_index/resource_index/package_run_dependencies/roboteq_interfaces
[4.405s] -- Up-to-date symlink: /home/wjs/cart_ros2/install/share/ament_index/resource_index/parent_prefix_path/roboteq_interfaces
[4.406s] -- Up-to-date symlink: /home/wjs/cart_ros2/install/share/roboteq_interfaces/environment/ament_prefix_path.sh
[4.407s] -- Up-to-date symlink: /home/wjs/cart_ros2/install/share/roboteq_interfaces/environment/ament_prefix_path.dsv
[4.408s] -- Up-to-date symlink: /home/wjs/cart_ros2/install/share/roboteq_interfaces/environment/path.sh
[4.410s] -- Up-to-date symlink: /home/wjs/cart_ros2/install/share/roboteq_interfaces/environment/path.dsv
[4.411s] -- Up-to-date symlink: /home/wjs/cart_ros2/install/share/roboteq_interfaces/local_setup.bash
[4.412s] -- Up-to-date symlink: /home/wjs/cart_ros2/install/share/roboteq_interfaces/local_setup.sh
[4.414s] -- Up-to-date symlink: /home/wjs/cart_ros2/install/share/roboteq_interfaces/local_setup.zsh
[4.416s] -- Up-to-date symlink: /home/wjs/cart_ros2/install/share/roboteq_interfaces/local_setup.dsv
[4.417s] -- Symlinking: /home/wjs/cart_ros2/install/share/roboteq_interfaces/package.dsv
[4.465s] -- Up-to-date symlink: /home/wjs/cart_ros2/install/share/ament_index/resource_index/packages/roboteq_interfaces
[4.466s] -- Up-to-date symlink: /home/wjs/cart_ros2/install/share/roboteq_interfaces/cmake/rosidl_cmake-extras.cmake
[4.467s] -- Up-to-date symlink: /home/wjs/cart_ros2/install/share/roboteq_interfaces/cmake/ament_cmake_export_dependencies-extras.cmake
[4.469s] -- Up-to-date symlink: /home/wjs/cart_ros2/install/share/roboteq_interfaces/cmake/ament_cmake_export_libraries-extras.cmake
[4.472s] -- Up-to-date symlink: /home/wjs/cart_ros2/install/share/roboteq_interfaces/cmake/ament_cmake_export_targets-extras.cmake
[4.474s] -- Up-to-date symlink: /home/wjs/cart_ros2/install/share/roboteq_interfaces/cmake/ament_cmake_export_include_directories-extras.cmake
[4.475s] -- Up-to-date symlink: /home/wjs/cart_ros2/install/share/roboteq_interfaces/cmake/rosidl_cmake_export_typesupport_libraries-extras.cmake
[4.475s] -- Up-to-date symlink: /home/wjs/cart_ros2/install/share/roboteq_interfaces/cmake/rosidl_cmake_export_typesupport_targets-extras.cmake
[4.477s] -- Up-to-date symlink: /home/wjs/cart_ros2/install/share/roboteq_interfaces/cmake/roboteq_interfacesConfig.cmake
[4.478s] -- Up-to-date symlink: /home/wjs/cart_ros2/install/share/roboteq_interfaces/cmake/roboteq_interfacesConfig-version.cmake
[4.479s] -- Up-to-date symlink: /home/wjs/cart_ros2/install/share/roboteq_interfaces/package.xml
[4.480s] -- Up-to-date: /home/wjs/cart_ros2/install/lib/libroboteq_interfaces__rosidl_generator_c.so
[4.483s] -- Up-to-date: /home/wjs/cart_ros2/install/lib/libroboteq_interfaces__rosidl_typesupport_introspection_c.so
[4.485s] -- Up-to-date: /home/wjs/cart_ros2/install/lib/libroboteq_interfaces__rosidl_typesupport_c.so
[4.487s] -- Up-to-date: /home/wjs/cart_ros2/install/lib/libroboteq_interfaces__rosidl_typesupport_introspection_cpp.so
[4.489s] -- Up-to-date: /home/wjs/cart_ros2/install/lib/libroboteq_interfaces__rosidl_typesupport_cpp.so
[4.657s] -- Up-to-date: /home/wjs/cart_ros2/install/share/roboteq_interfaces/cmake/roboteq_interfaces__rosidl_generator_cExport.cmake
[4.658s] -- Up-to-date: /home/wjs/cart_ros2/install/share/roboteq_interfaces/cmake/roboteq_interfaces__rosidl_generator_cExport-noconfig.cmake
[4.661s] -- Up-to-date: /home/wjs/cart_ros2/install/share/roboteq_interfaces/cmake/roboteq_interfaces__rosidl_typesupport_introspection_cExport.cmake
[4.663s] -- Up-to-date: /home/wjs/cart_ros2/install/share/roboteq_interfaces/cmake/roboteq_interfaces__rosidl_typesupport_introspection_cExport-noconfig.cmake
[4.665s] -- Up-to-date: /home/wjs/cart_ros2/install/share/roboteq_interfaces/cmake/roboteq_interfaces__rosidl_typesupport_cExport.cmake
[4.666s] -- Up-to-date: /home/wjs/cart_ros2/install/share/roboteq_interfaces/cmake/roboteq_interfaces__rosidl_typesupport_cExport-noconfig.cmake
[4.668s] -- Up-to-date: /home/wjs/cart_ros2/install/share/roboteq_interfaces/cmake/roboteq_interfaces__rosidl_generator_cppExport.cmake
[4.669s] -- Up-to-date: /home/wjs/cart_ros2/install/share/roboteq_interfaces/cmake/roboteq_interfaces__rosidl_typesupport_introspection_cppExport.cmake
[4.670s] -- Up-to-date: /home/wjs/cart_ros2/install/share/roboteq_interfaces/cmake/roboteq_interfaces__rosidl_typesupport_introspection_cppExport-noconfig.cmake
[4.671s] -- Up-to-date: /home/wjs/cart_ros2/install/share/roboteq_interfaces/cmake/roboteq_interfaces__rosidl_typesupport_cppExport.cmake
[4.672s] -- Up-to-date: /home/wjs/cart_ros2/install/share/roboteq_interfaces/cmake/roboteq_interfaces__rosidl_typesupport_cppExport-noconfig.cmake
[4.697s] Invoked command in '/home/wjs/cart_ros2/build/roboteq_interfaces' returned '0': CMAKE_PREFIX_PATH=${CMAKE_PREFIX_PATH}:/opt/ros/galactic /usr/bin/cmake --install /home/wjs/cart_ros2/build/roboteq_interfaces
