[0.134s] Invoking command in '/home/wjs/cart_ros2/build/sllidar_ros2': CMAKE_PREFIX_PATH=${CMAKE_PREFIX_PATH}:/opt/ros/galactic /usr/bin/cmake --build /home/wjs/cart_ros2/build/sllidar_ros2 -- -j4 -l4
[0.576s] [ 85%] Built target sllidar_node
[0.599s] [100%] Built target sllidar_client
[0.704s] Invoked command in '/home/wjs/cart_ros2/build/sllidar_ros2' returned '0': CMAKE_PREFIX_PATH=${CMAKE_PREFIX_PATH}:/opt/ros/galactic /usr/bin/cmake --build /home/wjs/cart_ros2/build/sllidar_ros2 -- -j4 -l4
[0.735s] Invoking command in '/home/wjs/cart_ros2/build/sllidar_ros2': CMAKE_PREFIX_PATH=${CMAKE_PREFIX_PATH}:/opt/ros/galactic /usr/bin/cmake --install /home/wjs/cart_ros2/build/sllidar_ros2
[0.786s] -- Install configuration: ""
[0.788s] -- Execute custom install script
[0.794s] -- Up-to-date symlink: /home/wjs/cart_ros2/install/share/sllidar_ros2/launch/run_lidar_F.launch.py
[0.794s] -- Up-to-date symlink: /home/wjs/cart_ros2/install/share/sllidar_ros2/launch/run_lidar_F.launch.py.bak
[0.795s] -- Up-to-date symlink: /home/wjs/cart_ros2/install/share/sllidar_ros2/launch/run_lidar_R.launch.py
[0.796s] -- Up-to-date symlink: /home/wjs/cart_ros2/install/share/sllidar_ros2/launch/run_lidars.launch.py
[0.797s] -- Up-to-date symlink: /home/wjs/cart_ros2/install/share/sllidar_ros2/launch/sllidar_a3_filtered.launch.py
[0.799s] -- Up-to-date symlink: /home/wjs/cart_ros2/install/share/sllidar_ros2/launch/sllidar_a3_launch.py
[0.799s] -- Up-to-date symlink: /home/wjs/cart_ros2/install/share/sllidar_ros2/launch/sllidar_launch.py
[0.800s] -- Up-to-date symlink: /home/wjs/cart_ros2/install/share/sllidar_ros2/launch/sllidar_s1_launch.py
[0.801s] -- Up-to-date symlink: /home/wjs/cart_ros2/install/share/sllidar_ros2/launch/sllidar_s1_tcp_launch.py
[0.802s] -- Up-to-date symlink: /home/wjs/cart_ros2/install/share/sllidar_ros2/launch/sllidar_s2_launch.py
[0.803s] -- Up-to-date symlink: /home/wjs/cart_ros2/install/share/sllidar_ros2/launch/sllidar_s2e_launch.py
[0.805s] -- Up-to-date symlink: /home/wjs/cart_ros2/install/share/sllidar_ros2/launch/sllidar_t1_launch.py
[0.806s] -- Up-to-date symlink: /home/wjs/cart_ros2/install/share/sllidar_ros2/launch/view_sllidar_a3_launch.py
[0.806s] -- Up-to-date symlink: /home/wjs/cart_ros2/install/share/sllidar_ros2/launch/view_sllidar_launch.py
[0.806s] -- Up-to-date symlink: /home/wjs/cart_ros2/install/share/sllidar_ros2/launch/view_sllidar_s1_launch.py
[0.807s] -- Up-to-date symlink: /home/wjs/cart_ros2/install/share/sllidar_ros2/launch/view_sllidar_s1_tcp_launch.py
[0.808s] -- Up-to-date symlink: /home/wjs/cart_ros2/install/share/sllidar_ros2/launch/view_sllidar_s2_launch.py
[0.809s] -- Up-to-date symlink: /home/wjs/cart_ros2/install/share/sllidar_ros2/launch/view_sllidar_s2e_launch.py
[0.810s] -- Up-to-date symlink: /home/wjs/cart_ros2/install/share/sllidar_ros2/launch/view_sllidar_t1_launch.py
[0.812s] -- Up-to-date symlink: /home/wjs/cart_ros2/install/share/sllidar_ros2/rviz/sllidar_ros2.rviz
[0.814s] -- Up-to-date symlink: /home/wjs/cart_ros2/install/lib/sllidar_ros2/sllidar_node
[0.816s] -- Up-to-date symlink: /home/wjs/cart_ros2/install/lib/sllidar_ros2/sllidar_client
[0.817s] -- Up-to-date symlink: /home/wjs/cart_ros2/install/share/ament_index/resource_index/package_run_dependencies/sllidar_ros2
[0.818s] -- Up-to-date symlink: /home/wjs/cart_ros2/install/share/ament_index/resource_index/parent_prefix_path/sllidar_ros2
[0.820s] -- Up-to-date symlink: /home/wjs/cart_ros2/install/share/sllidar_ros2/environment/ament_prefix_path.sh
[0.821s] -- Up-to-date symlink: /home/wjs/cart_ros2/install/share/sllidar_ros2/environment/ament_prefix_path.dsv
[0.823s] -- Up-to-date symlink: /home/wjs/cart_ros2/install/share/sllidar_ros2/environment/path.sh
[0.824s] -- Up-to-date symlink: /home/wjs/cart_ros2/install/share/sllidar_ros2/environment/path.dsv
[0.825s] -- Up-to-date symlink: /home/wjs/cart_ros2/install/share/sllidar_ros2/local_setup.bash
[0.826s] -- Up-to-date symlink: /home/wjs/cart_ros2/install/share/sllidar_ros2/local_setup.sh
[0.827s] -- Up-to-date symlink: /home/wjs/cart_ros2/install/share/sllidar_ros2/local_setup.zsh
[0.829s] -- Up-to-date symlink: /home/wjs/cart_ros2/install/share/sllidar_ros2/local_setup.dsv
[0.830s] -- Symlinking: /home/wjs/cart_ros2/install/share/sllidar_ros2/package.dsv
[0.882s] -- Up-to-date symlink: /home/wjs/cart_ros2/install/share/ament_index/resource_index/packages/sllidar_ros2
[0.883s] -- Up-to-date symlink: /home/wjs/cart_ros2/install/share/sllidar_ros2/cmake/ament_cmake_export_dependencies-extras.cmake
[0.885s] -- Up-to-date symlink: /home/wjs/cart_ros2/install/share/sllidar_ros2/cmake/ament_cmake_export_include_directories-extras.cmake
[0.886s] -- Up-to-date symlink: /home/wjs/cart_ros2/install/share/sllidar_ros2/cmake/sllidar_ros2Config.cmake
[0.888s] -- Up-to-date symlink: /home/wjs/cart_ros2/install/share/sllidar_ros2/cmake/sllidar_ros2Config-version.cmake
[0.891s] -- Up-to-date symlink: /home/wjs/cart_ros2/install/share/sllidar_ros2/package.xml
[0.902s] Invoked command in '/home/wjs/cart_ros2/build/sllidar_ros2' returned '0': CMAKE_PREFIX_PATH=${CMAKE_PREFIX_PATH}:/opt/ros/galactic /usr/bin/cmake --install /home/wjs/cart_ros2/build/sllidar_ros2
