[0.208s] Invoking command in '/home/wjs/cart_ros2/build/roboteq_interfaces': CMAKE_PREFIX_PATH=${CMAKE_PREFIX_PATH}:/opt/ros/galactic /usr/bin/cmake --build /home/wjs/cart_ros2/build/roboteq_interfaces -- -j4 -l4
[1.536s] [  1%] Built target roboteq_interfaces__cpp
[1.536s] [ 12%] Built target roboteq_interfaces__rosidl_generator_c
[1.537s] [ 23%] Built target roboteq_interfaces__rosidl_typesupport_c
[1.537s] [ 34%] Built target roboteq_interfaces__rosidl_typesupport_cpp
[1.537s] [ 45%] Built target roboteq_interfaces__rosidl_typesupport_introspection_cpp
[1.538s] [ 56%] Built target roboteq_interfaces__rosidl_typesupport_fastrtps_cpp
[1.538s] [ 67%] Built target roboteq_interfaces__rosidl_typesupport_introspection_c
[1.538s] [ 78%] Built target roboteq_interfaces__rosidl_typesupport_fastrtps_c
[1.539s] [ 78%] Built target roboteq_interfaces
[1.540s] [ 80%] Built target roboteq_interfaces__py
[1.544s] [ 89%] Built target roboteq_interfaces__python
[1.557s] [ 92%] Built target roboteq_interfaces__rosidl_typesupport_introspection_c__pyext
[1.558s] [ 96%] Built target roboteq_interfaces__rosidl_typesupport_c__pyext
[1.558s] [100%] Built target roboteq_interfaces__rosidl_typesupport_fastrtps_c__pyext
[1.560s] Invoked command in '/home/wjs/cart_ros2/build/roboteq_interfaces' returned '0': CMAKE_PREFIX_PATH=${CMAKE_PREFIX_PATH}:/opt/ros/galactic /usr/bin/cmake --build /home/wjs/cart_ros2/build/roboteq_interfaces -- -j4 -l4
[1.624s] Invoking command in '/home/wjs/cart_ros2/build/roboteq_interfaces': CMAKE_PREFIX_PATH=${CMAKE_PREFIX_PATH}:/opt/ros/galactic /usr/bin/cmake --install /home/wjs/cart_ros2/build/roboteq_interfaces
[1.671s] -- Install configuration: ""
[1.672s] -- Execute custom install script
[1.686s] -- Up-to-date symlink: /home/wjs/cart_ros2/install/share/ament_index/resource_index/rosidl_interfaces/roboteq_interfaces
[1.693s] -- Up-to-date symlink: /home/wjs/cart_ros2/install/include/roboteq_interfaces/msg/channel_values.h
[1.694s] -- Up-to-date symlink: /home/wjs/cart_ros2/install/include/roboteq_interfaces/msg/detail/channel_values__functions.h
[1.694s] -- Up-to-date symlink: /home/wjs/cart_ros2/install/include/roboteq_interfaces/msg/detail/channel_values__struct.h
[1.694s] -- Up-to-date symlink: /home/wjs/cart_ros2/install/include/roboteq_interfaces/msg/detail/channel_values__type_support.h
[1.695s] -- Up-to-date symlink: /home/wjs/cart_ros2/install/include/roboteq_interfaces/msg/rosidl_generator_c__visibility_control.h
[1.695s] -- Up-to-date symlink: /home/wjs/cart_ros2/install/include/roboteq_interfaces/srv/command.h
[1.695s] -- Up-to-date symlink: /home/wjs/cart_ros2/install/include/roboteq_interfaces/srv/config.h
[1.695s] -- Up-to-date symlink: /home/wjs/cart_ros2/install/include/roboteq_interfaces/srv/detail/command__functions.h
[1.696s] -- Up-to-date symlink: /home/wjs/cart_ros2/install/include/roboteq_interfaces/srv/detail/command__struct.h
[1.696s] -- Up-to-date symlink: /home/wjs/cart_ros2/install/include/roboteq_interfaces/srv/detail/command__type_support.h
[1.696s] -- Up-to-date symlink: /home/wjs/cart_ros2/install/include/roboteq_interfaces/srv/detail/config__functions.h
[1.696s] -- Up-to-date symlink: /home/wjs/cart_ros2/install/include/roboteq_interfaces/srv/detail/config__struct.h
[1.697s] -- Up-to-date symlink: /home/wjs/cart_ros2/install/include/roboteq_interfaces/srv/detail/config__type_support.h
[1.697s] -- Up-to-date symlink: /home/wjs/cart_ros2/install/include/roboteq_interfaces/srv/detail/maintenance__functions.h
[1.698s] -- Up-to-date symlink: /home/wjs/cart_ros2/install/include/roboteq_interfaces/srv/detail/maintenance__struct.h
[1.698s] -- Up-to-date symlink: /home/wjs/cart_ros2/install/include/roboteq_interfaces/srv/detail/maintenance__type_support.h
[1.698s] -- Up-to-date symlink: /home/wjs/cart_ros2/install/include/roboteq_interfaces/srv/maintenance.h
[1.698s] -- Up-to-date symlink: /home/wjs/cart_ros2/install/share/roboteq_interfaces/environment/library_path.sh
[1.699s] -- Up-to-date symlink: /home/wjs/cart_ros2/install/share/roboteq_interfaces/environment/library_path.dsv
[1.702s] -- Up-to-date symlink: /home/wjs/cart_ros2/install/include/roboteq_interfaces/msg/detail/channel_values__rosidl_typesupport_fastrtps_c.h
[1.711s] -- Up-to-date symlink: /home/wjs/cart_ros2/install/include/roboteq_interfaces/msg/rosidl_typesupport_fastrtps_c__visibility_control.h
[1.721s] -- Up-to-date symlink: /home/wjs/cart_ros2/install/include/roboteq_interfaces/srv/detail/command__rosidl_typesupport_fastrtps_c.h
[1.722s] -- Up-to-date symlink: /home/wjs/cart_ros2/install/include/roboteq_interfaces/srv/detail/config__rosidl_typesupport_fastrtps_c.h
[1.723s] -- Up-to-date symlink: /home/wjs/cart_ros2/install/include/roboteq_interfaces/srv/detail/maintenance__rosidl_typesupport_fastrtps_c.h
[1.723s] -- Up-to-date symlink: /home/wjs/cart_ros2/install/lib/libroboteq_interfaces__rosidl_typesupport_fastrtps_c.so
[1.723s] -- Up-to-date symlink: /home/wjs/cart_ros2/install/include/roboteq_interfaces/msg/detail/channel_values__rosidl_typesupport_fastrtps_cpp.hpp
[1.723s] -- Up-to-date symlink: /home/wjs/cart_ros2/install/include/roboteq_interfaces/msg/rosidl_typesupport_fastrtps_cpp__visibility_control.h
[1.724s] -- Up-to-date symlink: /home/wjs/cart_ros2/install/include/roboteq_interfaces/srv/detail/command__rosidl_typesupport_fastrtps_cpp.hpp
[1.724s] -- Up-to-date symlink: /home/wjs/cart_ros2/install/include/roboteq_interfaces/srv/detail/config__rosidl_typesupport_fastrtps_cpp.hpp
[1.725s] -- Up-to-date symlink: /home/wjs/cart_ros2/install/include/roboteq_interfaces/srv/detail/maintenance__rosidl_typesupport_fastrtps_cpp.hpp
[1.725s] -- Up-to-date symlink: /home/wjs/cart_ros2/install/lib/libroboteq_interfaces__rosidl_typesupport_fastrtps_cpp.so
[1.730s] -- Up-to-date symlink: /home/wjs/cart_ros2/install/include/roboteq_interfaces/msg/detail/channel_values__rosidl_typesupport_introspection_c.h
[1.734s] -- Up-to-date symlink: /home/wjs/cart_ros2/install/include/roboteq_interfaces/msg/rosidl_typesupport_introspection_c__visibility_control.h
[1.734s] -- Up-to-date symlink: /home/wjs/cart_ros2/install/include/roboteq_interfaces/srv/detail/command__rosidl_typesupport_introspection_c.h
[1.735s] -- Up-to-date symlink: /home/wjs/cart_ros2/install/include/roboteq_interfaces/srv/detail/config__rosidl_typesupport_introspection_c.h
[1.735s] -- Up-to-date symlink: /home/wjs/cart_ros2/install/include/roboteq_interfaces/srv/detail/maintenance__rosidl_typesupport_introspection_c.h
[1.737s] -- Up-to-date symlink: /home/wjs/cart_ros2/install/include/roboteq_interfaces/msg/channel_values.hpp
[1.738s] -- Up-to-date symlink: /home/wjs/cart_ros2/install/include/roboteq_interfaces/msg/detail/channel_values__builder.hpp
[1.738s] -- Up-to-date symlink: /home/wjs/cart_ros2/install/include/roboteq_interfaces/msg/detail/channel_values__struct.hpp
[1.740s] -- Up-to-date symlink: /home/wjs/cart_ros2/install/include/roboteq_interfaces/msg/detail/channel_values__traits.hpp
[1.740s] -- Up-to-date symlink: /home/wjs/cart_ros2/install/include/roboteq_interfaces/srv/command.hpp
[1.743s] -- Up-to-date symlink: /home/wjs/cart_ros2/install/include/roboteq_interfaces/srv/config.hpp
[1.743s] -- Up-to-date symlink: /home/wjs/cart_ros2/install/include/roboteq_interfaces/srv/detail/command__builder.hpp
[1.744s] -- Up-to-date symlink: /home/wjs/cart_ros2/install/include/roboteq_interfaces/srv/detail/command__struct.hpp
[1.745s] -- Up-to-date symlink: /home/wjs/cart_ros2/install/include/roboteq_interfaces/srv/detail/command__traits.hpp
[1.746s] -- Up-to-date symlink: /home/wjs/cart_ros2/install/include/roboteq_interfaces/srv/detail/config__builder.hpp
[1.746s] -- Up-to-date symlink: /home/wjs/cart_ros2/install/include/roboteq_interfaces/srv/detail/config__struct.hpp
[1.747s] -- Up-to-date symlink: /home/wjs/cart_ros2/install/include/roboteq_interfaces/srv/detail/config__traits.hpp
[1.749s] -- Up-to-date symlink: /home/wjs/cart_ros2/install/include/roboteq_interfaces/srv/detail/maintenance__builder.hpp
[1.749s] -- Up-to-date symlink: /home/wjs/cart_ros2/install/include/roboteq_interfaces/srv/detail/maintenance__struct.hpp
[1.750s] -- Up-to-date symlink: /home/wjs/cart_ros2/install/include/roboteq_interfaces/srv/detail/maintenance__traits.hpp
[1.750s] -- Up-to-date symlink: /home/wjs/cart_ros2/install/include/roboteq_interfaces/srv/maintenance.hpp
[1.753s] -- Up-to-date symlink: /home/wjs/cart_ros2/install/include/roboteq_interfaces/msg/detail/channel_values__rosidl_typesupport_introspection_cpp.hpp
[1.753s] -- Up-to-date symlink: /home/wjs/cart_ros2/install/include/roboteq_interfaces/srv/detail/command__rosidl_typesupport_introspection_cpp.hpp
[1.755s] -- Up-to-date symlink: /home/wjs/cart_ros2/install/include/roboteq_interfaces/srv/detail/config__rosidl_typesupport_introspection_cpp.hpp
[1.756s] -- Up-to-date symlink: /home/wjs/cart_ros2/install/include/roboteq_interfaces/srv/detail/maintenance__rosidl_typesupport_introspection_cpp.hpp
[1.759s] -- Up-to-date symlink: /home/wjs/cart_ros2/install/share/roboteq_interfaces/environment/pythonpath.sh
[1.788s] -- Up-to-date symlink: /home/wjs/cart_ros2/install/share/roboteq_interfaces/environment/pythonpath.dsv
[1.789s] -- Up-to-date symlink: /home/wjs/cart_ros2/install/lib/python3.8/site-packages/roboteq_interfaces/__init__.py
[1.790s] -- Up-to-date symlink: /home/wjs/cart_ros2/install/lib/python3.8/site-packages/roboteq_interfaces/msg/__init__.py
[1.793s] -- Up-to-date symlink: /home/wjs/cart_ros2/install/lib/python3.8/site-packages/roboteq_interfaces/msg/_channel_values.py
[1.809s] -- Up-to-date symlink: /home/wjs/cart_ros2/install/lib/python3.8/site-packages/roboteq_interfaces/srv/__init__.py
[1.810s] -- Up-to-date symlink: /home/wjs/cart_ros2/install/lib/python3.8/site-packages/roboteq_interfaces/srv/_command.py
[1.818s] -- Up-to-date symlink: /home/wjs/cart_ros2/install/lib/python3.8/site-packages/roboteq_interfaces/srv/_config.py
[1.818s] -- Up-to-date symlink: /home/wjs/cart_ros2/install/lib/python3.8/site-packages/roboteq_interfaces/srv/_maintenance.py
[1.825s] -- Up-to-date symlink: /home/wjs/cart_ros2/install/lib/python3.8/site-packages/roboteq_interfaces/roboteq_interfaces_s__rosidl_typesupport_fastrtps_c.cpython-38-aarch64-linux-gnu.so
[1.828s] -- Up-to-date symlink: /home/wjs/cart_ros2/install/lib/python3.8/site-packages/roboteq_interfaces/roboteq_interfaces_s__rosidl_typesupport_introspection_c.cpython-38-aarch64-linux-gnu.so
[1.836s] -- Up-to-date symlink: /home/wjs/cart_ros2/install/lib/python3.8/site-packages/roboteq_interfaces/roboteq_interfaces_s__rosidl_typesupport_c.cpython-38-aarch64-linux-gnu.so
[1.837s] -- Up-to-date symlink: /home/wjs/cart_ros2/install/lib/libroboteq_interfaces__python.so
[1.837s] -- Up-to-date symlink: /home/wjs/cart_ros2/install/share/roboteq_interfaces/msg/ChannelValues.idl
[1.838s] -- Up-to-date symlink: /home/wjs/cart_ros2/install/share/roboteq_interfaces/srv/Command.idl
[1.839s] -- Up-to-date symlink: /home/wjs/cart_ros2/install/share/roboteq_interfaces/srv/Config.idl
[1.839s] -- Up-to-date symlink: /home/wjs/cart_ros2/install/share/roboteq_interfaces/srv/Maintenance.idl
[1.840s] -- Up-to-date symlink: /home/wjs/cart_ros2/install/share/roboteq_interfaces/msg/ChannelValues.msg
[1.840s] -- Up-to-date symlink: /home/wjs/cart_ros2/install/share/roboteq_interfaces/srv/Command.srv
[1.840s] -- Up-to-date symlink: /home/wjs/cart_ros2/install/share/roboteq_interfaces/srv/Command_Request.msg
[1.840s] -- Up-to-date symlink: /home/wjs/cart_ros2/install/share/roboteq_interfaces/srv/Command_Response.msg
[1.841s] -- Up-to-date symlink: /home/wjs/cart_ros2/install/share/roboteq_interfaces/srv/Config.srv
[1.841s] -- Up-to-date symlink: /home/wjs/cart_ros2/install/share/roboteq_interfaces/srv/Config_Request.msg
[1.841s] -- Up-to-date symlink: /home/wjs/cart_ros2/install/share/roboteq_interfaces/srv/Config_Response.msg
[1.847s] -- Up-to-date symlink: /home/wjs/cart_ros2/install/share/roboteq_interfaces/srv/Maintenance.srv
[1.848s] -- Up-to-date symlink: /home/wjs/cart_ros2/install/share/roboteq_interfaces/srv/Maintenance_Request.msg
[1.848s] -- Up-to-date symlink: /home/wjs/cart_ros2/install/share/roboteq_interfaces/srv/Maintenance_Response.msg
[1.848s] -- Up-to-date symlink: /home/wjs/cart_ros2/install/share/ament_index/resource_index/package_run_dependencies/roboteq_interfaces
[1.849s] -- Up-to-date symlink: /home/wjs/cart_ros2/install/share/ament_index/resource_index/parent_prefix_path/roboteq_interfaces
[1.849s] -- Up-to-date symlink: /home/wjs/cart_ros2/install/share/roboteq_interfaces/environment/ament_prefix_path.sh
[1.849s] -- Up-to-date symlink: /home/wjs/cart_ros2/install/share/roboteq_interfaces/environment/ament_prefix_path.dsv
[1.850s] -- Up-to-date symlink: /home/wjs/cart_ros2/install/share/roboteq_interfaces/environment/path.sh
[1.850s] -- Up-to-date symlink: /home/wjs/cart_ros2/install/share/roboteq_interfaces/environment/path.dsv
[1.850s] -- Up-to-date symlink: /home/wjs/cart_ros2/install/share/roboteq_interfaces/local_setup.bash
[1.850s] -- Up-to-date symlink: /home/wjs/cart_ros2/install/share/roboteq_interfaces/local_setup.sh
[1.851s] -- Up-to-date symlink: /home/wjs/cart_ros2/install/share/roboteq_interfaces/local_setup.zsh
[1.851s] -- Up-to-date symlink: /home/wjs/cart_ros2/install/share/roboteq_interfaces/local_setup.dsv
[1.851s] -- Symlinking: /home/wjs/cart_ros2/install/share/roboteq_interfaces/package.dsv
[1.887s] -- Up-to-date symlink: /home/wjs/cart_ros2/install/share/ament_index/resource_index/packages/roboteq_interfaces
[1.888s] -- Up-to-date symlink: /home/wjs/cart_ros2/install/share/roboteq_interfaces/cmake/rosidl_cmake-extras.cmake
[1.890s] -- Up-to-date symlink: /home/wjs/cart_ros2/install/share/roboteq_interfaces/cmake/ament_cmake_export_dependencies-extras.cmake
[1.892s] -- Up-to-date symlink: /home/wjs/cart_ros2/install/share/roboteq_interfaces/cmake/ament_cmake_export_libraries-extras.cmake
[1.893s] -- Up-to-date symlink: /home/wjs/cart_ros2/install/share/roboteq_interfaces/cmake/ament_cmake_export_targets-extras.cmake
[1.894s] -- Up-to-date symlink: /home/wjs/cart_ros2/install/share/roboteq_interfaces/cmake/ament_cmake_export_include_directories-extras.cmake
[1.897s] -- Up-to-date symlink: /home/wjs/cart_ros2/install/share/roboteq_interfaces/cmake/rosidl_cmake_export_typesupport_libraries-extras.cmake
[1.899s] -- Up-to-date symlink: /home/wjs/cart_ros2/install/share/roboteq_interfaces/cmake/rosidl_cmake_export_typesupport_targets-extras.cmake
[1.906s] -- Up-to-date symlink: /home/wjs/cart_ros2/install/share/roboteq_interfaces/cmake/roboteq_interfacesConfig.cmake
[1.909s] -- Up-to-date symlink: /home/wjs/cart_ros2/install/share/roboteq_interfaces/cmake/roboteq_interfacesConfig-version.cmake
[1.911s] -- Up-to-date symlink: /home/wjs/cart_ros2/install/share/roboteq_interfaces/package.xml
[1.915s] -- Up-to-date: /home/wjs/cart_ros2/install/lib/libroboteq_interfaces__rosidl_generator_c.so
[1.932s] -- Up-to-date: /home/wjs/cart_ros2/install/lib/libroboteq_interfaces__rosidl_typesupport_introspection_c.so
[1.932s] -- Up-to-date: /home/wjs/cart_ros2/install/lib/libroboteq_interfaces__rosidl_typesupport_c.so
[1.934s] -- Up-to-date: /home/wjs/cart_ros2/install/lib/libroboteq_interfaces__rosidl_typesupport_introspection_cpp.so
[1.938s] -- Up-to-date: /home/wjs/cart_ros2/install/lib/libroboteq_interfaces__rosidl_typesupport_cpp.so
[2.135s] -- Up-to-date: /home/wjs/cart_ros2/install/share/roboteq_interfaces/cmake/roboteq_interfaces__rosidl_generator_cExport.cmake
[2.137s] -- Up-to-date: /home/wjs/cart_ros2/install/share/roboteq_interfaces/cmake/roboteq_interfaces__rosidl_generator_cExport-noconfig.cmake
[2.137s] -- Up-to-date: /home/wjs/cart_ros2/install/share/roboteq_interfaces/cmake/roboteq_interfaces__rosidl_typesupport_introspection_cExport.cmake
[2.138s] -- Up-to-date: /home/wjs/cart_ros2/install/share/roboteq_interfaces/cmake/roboteq_interfaces__rosidl_typesupport_introspection_cExport-noconfig.cmake
[2.138s] -- Up-to-date: /home/wjs/cart_ros2/install/share/roboteq_interfaces/cmake/roboteq_interfaces__rosidl_typesupport_cExport.cmake
[2.138s] -- Up-to-date: /home/wjs/cart_ros2/install/share/roboteq_interfaces/cmake/roboteq_interfaces__rosidl_typesupport_cExport-noconfig.cmake
[2.139s] -- Up-to-date: /home/wjs/cart_ros2/install/share/roboteq_interfaces/cmake/roboteq_interfaces__rosidl_generator_cppExport.cmake
[2.139s] -- Up-to-date: /home/wjs/cart_ros2/install/share/roboteq_interfaces/cmake/roboteq_interfaces__rosidl_typesupport_introspection_cppExport.cmake
[2.140s] -- Up-to-date: /home/wjs/cart_ros2/install/share/roboteq_interfaces/cmake/roboteq_interfaces__rosidl_typesupport_introspection_cppExport-noconfig.cmake
[2.141s] -- Up-to-date: /home/wjs/cart_ros2/install/share/roboteq_interfaces/cmake/roboteq_interfaces__rosidl_typesupport_cppExport.cmake
[2.142s] -- Up-to-date: /home/wjs/cart_ros2/install/share/roboteq_interfaces/cmake/roboteq_interfaces__rosidl_typesupport_cppExport-noconfig.cmake
[2.356s] Invoked command in '/home/wjs/cart_ros2/build/roboteq_interfaces' returned '0': CMAKE_PREFIX_PATH=${CMAKE_PREFIX_PATH}:/opt/ros/galactic /usr/bin/cmake --install /home/wjs/cart_ros2/build/roboteq_interfaces
