[2.889s] Invoking command in '/home/wjs/cart_ros2/build/agv_mapping': CMAKE_PREFIX_PATH=${CMAKE_PREFIX_PATH}:/opt/ros/galactic /usr/bin/cmake --build /home/wjs/cart_ros2/build/agv_mapping -- -j4 -l4
[3.372s] Invoked command in '/home/wjs/cart_ros2/build/agv_mapping' returned '0': CMAKE_PREFIX_PATH=${CMAKE_PREFIX_PATH}:/opt/ros/galactic /usr/bin/cmake --build /home/wjs/cart_ros2/build/agv_mapping -- -j4 -l4
[3.414s] Invoking command in '/home/wjs/cart_ros2/build/agv_mapping': CMAKE_PREFIX_PATH=${CMAKE_PREFIX_PATH}:/opt/ros/galactic /usr/bin/cmake --install /home/wjs/cart_ros2/build/agv_mapping
[3.487s] -- Install configuration: ""
[3.500s] -- Execute custom install script
[3.506s] -- Up-to-date symlink: /home/wjs/cart_ros2/install/share/agv_mapping/launch/online_async_launch.py
[3.507s] -- Up-to-date symlink: /home/wjs/cart_ros2/install/share/agv_mapping/launch/online_cartographer_launch.py
[3.510s] -- Up-to-date symlink: /home/wjs/cart_ros2/install/share/agv_mapping/config/.ekf.yaml.swo
[3.511s] -- Up-to-date symlink: /home/wjs/cart_ros2/install/share/agv_mapping/config/agv_cartographer_2d.lua
[3.512s] -- Up-to-date symlink: /home/wjs/cart_ros2/install/share/agv_mapping/config/ekf.yaml
[3.515s] -- Up-to-date symlink: /home/wjs/cart_ros2/install/share/agv_mapping/config/mapper_params_online_async.yaml
[3.518s] -- Up-to-date symlink: /home/wjs/cart_ros2/install/share/ament_index/resource_index/package_run_dependencies/agv_mapping
[3.519s] -- Up-to-date symlink: /home/wjs/cart_ros2/install/share/ament_index/resource_index/parent_prefix_path/agv_mapping
[3.523s] -- Up-to-date symlink: /home/wjs/cart_ros2/install/share/agv_mapping/environment/ament_prefix_path.sh
[3.530s] -- Up-to-date symlink: /home/wjs/cart_ros2/install/share/agv_mapping/environment/ament_prefix_path.dsv
[3.532s] -- Up-to-date symlink: /home/wjs/cart_ros2/install/share/agv_mapping/environment/path.sh
[3.534s] -- Up-to-date symlink: /home/wjs/cart_ros2/install/share/agv_mapping/environment/path.dsv
[3.539s] -- Up-to-date symlink: /home/wjs/cart_ros2/install/share/agv_mapping/local_setup.bash
[3.545s] -- Up-to-date symlink: /home/wjs/cart_ros2/install/share/agv_mapping/local_setup.sh
[3.545s] -- Up-to-date symlink: /home/wjs/cart_ros2/install/share/agv_mapping/local_setup.zsh
[3.555s] -- Up-to-date symlink: /home/wjs/cart_ros2/install/share/agv_mapping/local_setup.dsv
[3.556s] -- Symlinking: /home/wjs/cart_ros2/install/share/agv_mapping/package.dsv
[3.663s] -- Up-to-date symlink: /home/wjs/cart_ros2/install/share/ament_index/resource_index/packages/agv_mapping
[3.664s] -- Up-to-date symlink: /home/wjs/cart_ros2/install/share/agv_mapping/cmake/agv_mappingConfig.cmake
[3.664s] -- Up-to-date symlink: /home/wjs/cart_ros2/install/share/agv_mapping/cmake/agv_mappingConfig-version.cmake
[3.664s] -- Up-to-date symlink: /home/wjs/cart_ros2/install/share/agv_mapping/package.xml
[4.085s] Invoked command in '/home/wjs/cart_ros2/build/agv_mapping' returned '0': CMAKE_PREFIX_PATH=${CMAKE_PREFIX_PATH}:/opt/ros/galactic /usr/bin/cmake --install /home/wjs/cart_ros2/build/agv_mapping
