[0.089s] Invoking command in '/home/wjs/cart_ros2/build/stella_ahrs': CMAKE_PREFIX_PATH=${CMAKE_PREFIX_PATH}:/opt/ros/galactic /usr/bin/cmake --build /home/wjs/cart_ros2/build/stella_ahrs -- -j4 -l4
[0.621s] [100%] Built target stella_ahrs_node
[0.815s] Invoked command in '/home/wjs/cart_ros2/build/stella_ahrs' returned '0': CMAKE_PREFIX_PATH=${CMAKE_PREFIX_PATH}:/opt/ros/galactic /usr/bin/cmake --build /home/wjs/cart_ros2/build/stella_ahrs -- -j4 -l4
[0.830s] Invoking command in '/home/wjs/cart_ros2/build/stella_ahrs': CMAKE_PREFIX_PATH=${CMAKE_PREFIX_PATH}:/opt/ros/galactic /usr/bin/cmake --install /home/wjs/cart_ros2/build/stella_ahrs
[0.903s] -- Install configuration: ""
[0.904s] -- Execute custom install script
[0.904s] -- Up-to-date symlink: /home/wjs/cart_ros2/install/share/stella_ahrs//launch/stella_ahrs_launch.py
[0.905s] -- Up-to-date symlink: /home/wjs/cart_ros2/install/share/stella_ahrs/rviz/imu_test.rviz
[0.907s] -- Up-to-date symlink: /home/wjs/cart_ros2/install/lib/stella_ahrs/stella_ahrs_node
[0.909s] -- Up-to-date symlink: /home/wjs/cart_ros2/install/share/ament_index/resource_index/package_run_dependencies/stella_ahrs
[0.918s] -- Up-to-date symlink: /home/wjs/cart_ros2/install/share/ament_index/resource_index/parent_prefix_path/stella_ahrs
[0.919s] -- Up-to-date symlink: /home/wjs/cart_ros2/install/share/stella_ahrs/environment/ament_prefix_path.sh
[0.927s] -- Up-to-date symlink: /home/wjs/cart_ros2/install/share/stella_ahrs/environment/ament_prefix_path.dsv
[0.929s] -- Up-to-date symlink: /home/wjs/cart_ros2/install/share/stella_ahrs/environment/path.sh
[0.929s] -- Up-to-date symlink: /home/wjs/cart_ros2/install/share/stella_ahrs/environment/path.dsv
[0.930s] -- Up-to-date symlink: /home/wjs/cart_ros2/install/share/stella_ahrs/local_setup.bash
[0.930s] -- Up-to-date symlink: /home/wjs/cart_ros2/install/share/stella_ahrs/local_setup.sh
[0.930s] -- Up-to-date symlink: /home/wjs/cart_ros2/install/share/stella_ahrs/local_setup.zsh
[0.930s] -- Up-to-date symlink: /home/wjs/cart_ros2/install/share/stella_ahrs/local_setup.dsv
[0.931s] -- Symlinking: /home/wjs/cart_ros2/install/share/stella_ahrs/package.dsv
[0.985s] -- Up-to-date symlink: /home/wjs/cart_ros2/install/share/ament_index/resource_index/packages/stella_ahrs
[0.986s] -- Up-to-date symlink: /home/wjs/cart_ros2/install/share/stella_ahrs/cmake/ament_cmake_export_include_directories-extras.cmake
[0.987s] -- Up-to-date symlink: /home/wjs/cart_ros2/install/share/stella_ahrs/cmake/stella_ahrsConfig.cmake
[0.988s] -- Up-to-date symlink: /home/wjs/cart_ros2/install/share/stella_ahrs/cmake/stella_ahrsConfig-version.cmake
[0.989s] -- Up-to-date symlink: /home/wjs/cart_ros2/install/share/stella_ahrs/package.xml
[1.003s] Invoked command in '/home/wjs/cart_ros2/build/stella_ahrs' returned '0': CMAKE_PREFIX_PATH=${CMAKE_PREFIX_PATH}:/opt/ros/galactic /usr/bin/cmake --install /home/wjs/cart_ros2/build/stella_ahrs
