[0.102s] Invoking command in '/home/wjs/cart_ros2/build/ira_laser_tools': CMAKE_PREFIX_PATH=${CMAKE_PREFIX_PATH}:/opt/ros/galactic /usr/bin/cmake --build /home/wjs/cart_ros2/build/ira_laser_tools -- -j4 -l4
[0.486s] [ 50%] Built target laserscan_virtualizer
[0.698s] [100%] Built target laserscan_multi_merger
[0.758s] Invoked command in '/home/wjs/cart_ros2/build/ira_laser_tools' returned '0': CMAKE_PREFIX_PATH=${CMAKE_PREFIX_PATH}:/opt/ros/galactic /usr/bin/cmake --build /home/wjs/cart_ros2/build/ira_laser_tools -- -j4 -l4
[0.776s] Invoking command in '/home/wjs/cart_ros2/build/ira_laser_tools': CMAKE_PREFIX_PATH=${CMAKE_PREFIX_PATH}:/opt/ros/galactic /usr/bin/cmake --install /home/wjs/cart_ros2/build/ira_laser_tools
[0.830s] -- Install configuration: ""
[0.835s] -- Execute custom install script
[0.838s] -- Up-to-date symlink: /home/wjs/cart_ros2/install/lib/ira_laser_tools/laserscan_multi_merger
[0.841s] -- Up-to-date symlink: /home/wjs/cart_ros2/install/lib/ira_laser_tools/laserscan_virtualizer
[0.844s] -- Up-to-date symlink: /home/wjs/cart_ros2/install/share/ira_laser_tools/launch/laserscan_multi_merger.launch
[0.846s] -- Up-to-date symlink: /home/wjs/cart_ros2/install/share/ira_laser_tools/launch/laserscan_virtualizer.launch
[0.848s] -- Up-to-date symlink: /home/wjs/cart_ros2/install/share/ira_laser_tools/launch/merge_multi.launch.py
[0.850s] -- Up-to-date symlink: /home/wjs/cart_ros2/install/share/ira_laser_tools/config/laserscan_merge.yaml
[0.853s] -- Up-to-date symlink: /home/wjs/cart_ros2/install/share/ament_index/resource_index/package_run_dependencies/ira_laser_tools
[0.857s] -- Up-to-date symlink: /home/wjs/cart_ros2/install/share/ament_index/resource_index/parent_prefix_path/ira_laser_tools
[0.859s] -- Up-to-date symlink: /home/wjs/cart_ros2/install/share/ira_laser_tools/environment/ament_prefix_path.sh
[0.862s] -- Up-to-date symlink: /home/wjs/cart_ros2/install/share/ira_laser_tools/environment/ament_prefix_path.dsv
[0.864s] -- Up-to-date symlink: /home/wjs/cart_ros2/install/share/ira_laser_tools/environment/path.sh
[0.866s] -- Up-to-date symlink: /home/wjs/cart_ros2/install/share/ira_laser_tools/environment/path.dsv
[0.869s] -- Up-to-date symlink: /home/wjs/cart_ros2/install/share/ira_laser_tools/local_setup.bash
[0.871s] -- Up-to-date symlink: /home/wjs/cart_ros2/install/share/ira_laser_tools/local_setup.sh
[0.873s] -- Up-to-date symlink: /home/wjs/cart_ros2/install/share/ira_laser_tools/local_setup.zsh
[0.876s] -- Up-to-date symlink: /home/wjs/cart_ros2/install/share/ira_laser_tools/local_setup.dsv
[0.878s] -- Symlinking: /home/wjs/cart_ros2/install/share/ira_laser_tools/package.dsv
[0.936s] -- Up-to-date symlink: /home/wjs/cart_ros2/install/share/ament_index/resource_index/packages/ira_laser_tools
[0.936s] -- Up-to-date symlink: /home/wjs/cart_ros2/install/share/ira_laser_tools/cmake/ament_cmake_export_dependencies-extras.cmake
[0.937s] -- Up-to-date symlink: /home/wjs/cart_ros2/install/share/ira_laser_tools/cmake/ira_laser_toolsConfig.cmake
[0.937s] -- Up-to-date symlink: /home/wjs/cart_ros2/install/share/ira_laser_tools/cmake/ira_laser_toolsConfig-version.cmake
[0.937s] -- Up-to-date symlink: /home/wjs/cart_ros2/install/share/ira_laser_tools/package.xml
[0.955s] Invoked command in '/home/wjs/cart_ros2/build/ira_laser_tools' returned '0': CMAKE_PREFIX_PATH=${CMAKE_PREFIX_PATH}:/opt/ros/galactic /usr/bin/cmake --install /home/wjs/cart_ros2/build/ira_laser_tools
