[0.306s] Invoking command in '/home/wjs/cart_ros2/build/roboteq_controller': CMAKE_PREFIX_PATH=${CMAKE_PREFIX_PATH}:/opt/ros/galactic LD_LIBRARY_PATH=/home/wjs/cart_ros2/install/lib:/opt/opencv-4.5.5-cuda/lib:/home/wjs/tb3_tpl_ws/install/lib:/opt/ros/galactic/opt/yaml_cpp_vendor/lib:/opt/ros/galactic/opt/rviz_ogre_vendor/lib:/opt/ros/galactic/lib/aarch64-linux-gnu:/opt/ros/galactic/lib:/usr/local/cuda-11.4/lib64 PYTHONPATH=/home/wjs/cart_ros2/install/lib/python3.8/site-packages:/opt/opencv-4.5.5-cuda/lib/python3.8/site-packages:/home/wjs/cart_ros2/build/differential_drive/src:/home/wjs/cart_ros2/build/arduino_ros2:/home/wjs/cart_ros2/build/agv_body:/home/wjs/tb3_tpl_ws/build/turtlebot3_teleop:/home/wjs/tb3_tpl_ws/install/lib/python3.8/site-packages:/opt/ros/galactic/lib/python3.8/site-packages /usr/bin/cmake --build /home/wjs/cart_ros2/build/roboteq_controller -- -j4 -l4
[1.472s] [100%] Built target roboteq_controller_node
[1.590s] Invoked command in '/home/wjs/cart_ros2/build/roboteq_controller' returned '0': CMAKE_PREFIX_PATH=${CMAKE_PREFIX_PATH}:/opt/ros/galactic LD_LIBRARY_PATH=/home/wjs/cart_ros2/install/lib:/opt/opencv-4.5.5-cuda/lib:/home/wjs/tb3_tpl_ws/install/lib:/opt/ros/galactic/opt/yaml_cpp_vendor/lib:/opt/ros/galactic/opt/rviz_ogre_vendor/lib:/opt/ros/galactic/lib/aarch64-linux-gnu:/opt/ros/galactic/lib:/usr/local/cuda-11.4/lib64 PYTHONPATH=/home/wjs/cart_ros2/install/lib/python3.8/site-packages:/opt/opencv-4.5.5-cuda/lib/python3.8/site-packages:/home/wjs/cart_ros2/build/differential_drive/src:/home/wjs/cart_ros2/build/arduino_ros2:/home/wjs/cart_ros2/build/agv_body:/home/wjs/tb3_tpl_ws/build/turtlebot3_teleop:/home/wjs/tb3_tpl_ws/install/lib/python3.8/site-packages:/opt/ros/galactic/lib/python3.8/site-packages /usr/bin/cmake --build /home/wjs/cart_ros2/build/roboteq_controller -- -j4 -l4
[1.609s] Invoking command in '/home/wjs/cart_ros2/build/roboteq_controller': CMAKE_PREFIX_PATH=${CMAKE_PREFIX_PATH}:/opt/ros/galactic LD_LIBRARY_PATH=/home/wjs/cart_ros2/install/lib:/opt/opencv-4.5.5-cuda/lib:/home/wjs/tb3_tpl_ws/install/lib:/opt/ros/galactic/opt/yaml_cpp_vendor/lib:/opt/ros/galactic/opt/rviz_ogre_vendor/lib:/opt/ros/galactic/lib/aarch64-linux-gnu:/opt/ros/galactic/lib:/usr/local/cuda-11.4/lib64 PYTHONPATH=/home/wjs/cart_ros2/install/lib/python3.8/site-packages:/opt/opencv-4.5.5-cuda/lib/python3.8/site-packages:/home/wjs/cart_ros2/build/differential_drive/src:/home/wjs/cart_ros2/build/arduino_ros2:/home/wjs/cart_ros2/build/agv_body:/home/wjs/tb3_tpl_ws/build/turtlebot3_teleop:/home/wjs/tb3_tpl_ws/install/lib/python3.8/site-packages:/opt/ros/galactic/lib/python3.8/site-packages /usr/bin/cmake --install /home/wjs/cart_ros2/build/roboteq_controller
[1.702s] -- Install configuration: ""
[1.710s] -- Execute custom install script
[1.717s] -- Up-to-date symlink: /home/wjs/cart_ros2/install/share/ament_index/resource_index/package_run_dependencies/roboteq_controller
[1.720s] -- Up-to-date symlink: /home/wjs/cart_ros2/install/share/ament_index/resource_index/parent_prefix_path/roboteq_controller
[1.724s] -- Up-to-date symlink: /home/wjs/cart_ros2/install/share/roboteq_controller/environment/ament_prefix_path.sh
[1.729s] -- Up-to-date symlink: /home/wjs/cart_ros2/install/share/roboteq_controller/environment/ament_prefix_path.dsv
[1.746s] -- Up-to-date symlink: /home/wjs/cart_ros2/install/share/roboteq_controller/environment/path.sh
[1.749s] -- Up-to-date symlink: /home/wjs/cart_ros2/install/share/roboteq_controller/environment/path.dsv
[1.759s] -- Up-to-date symlink: /home/wjs/cart_ros2/install/share/roboteq_controller/local_setup.bash
[1.765s] -- Up-to-date symlink: /home/wjs/cart_ros2/install/share/roboteq_controller/local_setup.sh
[1.769s] -- Up-to-date symlink: /home/wjs/cart_ros2/install/share/roboteq_controller/local_setup.zsh
[1.774s] -- Up-to-date symlink: /home/wjs/cart_ros2/install/share/roboteq_controller/local_setup.dsv
[1.781s] -- Symlinking: /home/wjs/cart_ros2/install/share/roboteq_controller/package.dsv
[1.919s] -- Up-to-date symlink: /home/wjs/cart_ros2/install/share/ament_index/resource_index/packages/roboteq_controller
[1.922s] -- Up-to-date symlink: /home/wjs/cart_ros2/install/share/roboteq_controller/cmake/roboteq_controllerConfig.cmake
[1.926s] -- Up-to-date symlink: /home/wjs/cart_ros2/install/share/roboteq_controller/cmake/roboteq_controllerConfig-version.cmake
[1.928s] -- Up-to-date symlink: /home/wjs/cart_ros2/install/share/roboteq_controller/package.xml
[1.935s] -- Up-to-date symlink: /home/wjs/cart_ros2/install/lib/roboteq_controller/roboteq_controller_node
[1.949s] -- Up-to-date symlink: /home/wjs/cart_ros2/install/share/roboteq_controller//launch/roboteq_launch.py
[1.960s] -- Up-to-date symlink: /home/wjs/cart_ros2/install/share/roboteq_controller/config/.query.yaml.swp
[1.962s] -- Up-to-date symlink: /home/wjs/cart_ros2/install/share/roboteq_controller/config/query.yaml
[1.981s] Invoked command in '/home/wjs/cart_ros2/build/roboteq_controller' returned '0': CMAKE_PREFIX_PATH=${CMAKE_PREFIX_PATH}:/opt/ros/galactic LD_LIBRARY_PATH=/home/wjs/cart_ros2/install/lib:/opt/opencv-4.5.5-cuda/lib:/home/wjs/tb3_tpl_ws/install/lib:/opt/ros/galactic/opt/yaml_cpp_vendor/lib:/opt/ros/galactic/opt/rviz_ogre_vendor/lib:/opt/ros/galactic/lib/aarch64-linux-gnu:/opt/ros/galactic/lib:/usr/local/cuda-11.4/lib64 PYTHONPATH=/home/wjs/cart_ros2/install/lib/python3.8/site-packages:/opt/opencv-4.5.5-cuda/lib/python3.8/site-packages:/home/wjs/cart_ros2/build/differential_drive/src:/home/wjs/cart_ros2/build/arduino_ros2:/home/wjs/cart_ros2/build/agv_body:/home/wjs/tb3_tpl_ws/build/turtlebot3_teleop:/home/wjs/tb3_tpl_ws/install/lib/python3.8/site-packages:/opt/ros/galactic/lib/python3.8/site-packages /usr/bin/cmake --install /home/wjs/cart_ros2/build/roboteq_controller
