-- The C compiler identification is GNU 10.5.0
-- The CXX compiler identification is GNU 10.5.0
-- Check for working C compiler: /usr/bin/cc
-- Check for working C compiler: /usr/bin/cc -- works
-- Detecting C compiler ABI info
-- Detecting C compiler ABI info - done
-- Detecting C compile features
-- Detecting C compile features - done
-- Check for working CXX compiler: /usr/bin/c++
-- Check for working CXX compiler: /usr/bin/c++ -- works
-- Detecting CXX compiler ABI info
-- Detecting CXX compiler ABI info - done
-- Detecting CXX compile features
-- Detecting CXX compile features - done
-- Found ament_cmake: 1.1.6 (/opt/ros/galactic/share/ament_cmake/cmake)
-- Found PythonInterp: /usr/bin/python3 (found suitable version "3.8.10", minimum required is "3") 
-- Using PYTHON_EXECUTABLE: /usr/bin/python3
-- Override CMake install command with custom implementation using symlinks instead of copying resources
-- Found std_msgs: 2.2.4 (/opt/ros/galactic/share/std_msgs/cmake)
-- Using all available rosidl_typesupport_c: rosidl_typesupport_fastrtps_c;rosidl_typesupport_introspection_c
-- Found rosidl_adapter: 2.2.3 (/opt/ros/galactic/share/rosidl_adapter/cmake)
-- Found OpenSSL: /usr/lib/aarch64-linux-gnu/libcrypto.so (found version "1.1.1f")  
-- Found FastRTPS: /opt/ros/galactic/include  
-- Using all available rosidl_typesupport_cpp: rosidl_typesupport_fastrtps_cpp;rosidl_typesupport_introspection_cpp
-- Found rosidl_default_generators: 1.1.1 (/opt/ros/galactic/share/rosidl_default_generators/cmake)
-- Found PythonInterp: /usr/bin/python3 (found version "3.8.10") 
-- Found ament_cmake_ros: 0.9.2 (/opt/ros/galactic/share/ament_cmake_ros/cmake)
-- Using all available rosidl_typesupport_c: rosidl_typesupport_fastrtps_c;rosidl_typesupport_introspection_c
-- Using all available rosidl_typesupport_cpp: rosidl_typesupport_fastrtps_cpp;rosidl_typesupport_introspection_cpp
-- Found PythonInterp: /usr/bin/python3 (found suitable version "3.8.10", minimum required is "3.5") 
-- Found python_cmake_module: 0.8.1 (/opt/ros/galactic/share/python_cmake_module/cmake)
-- Found PythonLibs: /usr/lib/aarch64-linux-gnu/libpython3.8.so (found suitable version "3.8.10", minimum required is "3.5") 
-- Using PYTHON_EXECUTABLE: /usr/bin/python3
-- Using PYTHON_INCLUDE_DIRS: /usr/include/python3.8
-- Using PYTHON_LIBRARIES: /usr/lib/aarch64-linux-gnu/libpython3.8.so
-- Found PythonExtra: .so  
-- Found ament_lint_auto: 0.10.7 (/opt/ros/galactic/share/ament_lint_auto/cmake)
-- Added test 'copyright' to check source files copyright and LICENSE
-- Added test 'lint_cmake' to check CMake code style
-- Added test 'xmllint' to check XML markup files
-- Configuring done
-- Generating done
-- Build files have been written to: /home/wjs/cart_ros2/build/roboteq_interfaces
[  1%] [34m[1mGenerating C code for ROS interfaces[0m
[35m[1mScanning dependencies of target roboteq_interfaces__cpp[0m
[  3%] [34m[1mGenerating C++ code for ROS interfaces[0m
[  3%] Built target roboteq_interfaces__cpp
[  5%] [34m[1mGenerating C++ introspection for ROS interfaces[0m
[  7%] [34m[1mGenerating C++ type support for eProsima Fast-RTPS[0m
[  9%] [34m[1mGenerating C++ type support dispatch for ROS interfaces[0m
[35m[1mScanning dependencies of target roboteq_interfaces__rosidl_generator_c[0m
[ 10%] [32mBuilding C object CMakeFiles/roboteq_interfaces__rosidl_generator_c.dir/rosidl_generator_c/roboteq_interfaces/msg/detail/channel_values__functions.c.o[0m
[ 12%] [32mBuilding C object CMakeFiles/roboteq_interfaces__rosidl_generator_c.dir/rosidl_generator_c/roboteq_interfaces/srv/detail/command__functions.c.o[0m
[ 14%] [32mBuilding C object CMakeFiles/roboteq_interfaces__rosidl_generator_c.dir/rosidl_generator_c/roboteq_interfaces/srv/detail/config__functions.c.o[0m
[ 16%] [32mBuilding C object CMakeFiles/roboteq_interfaces__rosidl_generator_c.dir/rosidl_generator_c/roboteq_interfaces/srv/detail/maintenance__functions.c.o[0m
[35m[1mScanning dependencies of target roboteq_interfaces__rosidl_typesupport_cpp[0m
[35m[1mScanning dependencies of target roboteq_interfaces__rosidl_typesupport_introspection_cpp[0m
[ 18%] [32mBuilding CXX object CMakeFiles/roboteq_interfaces__rosidl_typesupport_cpp.dir/rosidl_typesupport_cpp/roboteq_interfaces/msg/channel_values__type_support.cpp.o[0m
[35m[1mScanning dependencies of target roboteq_interfaces__rosidl_typesupport_fastrtps_cpp[0m
[ 20%] [32mBuilding CXX object CMakeFiles/roboteq_interfaces__rosidl_typesupport_introspection_cpp.dir/rosidl_typesupport_introspection_cpp/roboteq_interfaces/msg/detail/channel_values__type_support.cpp.o[0m
[ 21%] [32m[1mLinking C shared library libroboteq_interfaces__rosidl_generator_c.so[0m
[ 23%] [32mBuilding CXX object CMakeFiles/roboteq_interfaces__rosidl_typesupport_fastrtps_cpp.dir/rosidl_typesupport_fastrtps_cpp/roboteq_interfaces/msg/detail/dds_fastrtps/channel_values__type_support.cpp.o[0m
[ 23%] Built target roboteq_interfaces__rosidl_generator_c
[ 25%] [34m[1mGenerating C type support dispatch for ROS interfaces[0m
[ 27%] [32mBuilding CXX object CMakeFiles/roboteq_interfaces__rosidl_typesupport_cpp.dir/rosidl_typesupport_cpp/roboteq_interfaces/srv/command__type_support.cpp.o[0m
[35m[1mScanning dependencies of target roboteq_interfaces__rosidl_typesupport_c[0m
[ 29%] [32mBuilding CXX object CMakeFiles/roboteq_interfaces__rosidl_typesupport_c.dir/rosidl_typesupport_c/roboteq_interfaces/msg/channel_values__type_support.cpp.o[0m
[ 30%] [32mBuilding CXX object CMakeFiles/roboteq_interfaces__rosidl_typesupport_c.dir/rosidl_typesupport_c/roboteq_interfaces/srv/command__type_support.cpp.o[0m
[ 32%] [32mBuilding CXX object CMakeFiles/roboteq_interfaces__rosidl_typesupport_introspection_cpp.dir/rosidl_typesupport_introspection_cpp/roboteq_interfaces/srv/detail/command__type_support.cpp.o[0m
[ 34%] [32mBuilding CXX object CMakeFiles/roboteq_interfaces__rosidl_typesupport_c.dir/rosidl_typesupport_c/roboteq_interfaces/srv/config__type_support.cpp.o[0m
[ 36%] [32mBuilding CXX object CMakeFiles/roboteq_interfaces__rosidl_typesupport_fastrtps_cpp.dir/rosidl_typesupport_fastrtps_cpp/roboteq_interfaces/srv/detail/dds_fastrtps/command__type_support.cpp.o[0m
[ 38%] [32mBuilding CXX object CMakeFiles/roboteq_interfaces__rosidl_typesupport_c.dir/rosidl_typesupport_c/roboteq_interfaces/srv/maintenance__type_support.cpp.o[0m
[ 40%] [32m[1mLinking CXX shared library libroboteq_interfaces__rosidl_typesupport_c.so[0m
[ 41%] [32mBuilding CXX object CMakeFiles/roboteq_interfaces__rosidl_typesupport_cpp.dir/rosidl_typesupport_cpp/roboteq_interfaces/srv/config__type_support.cpp.o[0m
[ 41%] Built target roboteq_interfaces__rosidl_typesupport_c
[ 43%] [32mBuilding CXX object CMakeFiles/roboteq_interfaces__rosidl_typesupport_introspection_cpp.dir/rosidl_typesupport_introspection_cpp/roboteq_interfaces/srv/detail/config__type_support.cpp.o[0m
[ 45%] [34m[1mGenerating C introspection for ROS interfaces[0m
[ 47%] [32mBuilding CXX object CMakeFiles/roboteq_interfaces__rosidl_typesupport_fastrtps_cpp.dir/rosidl_typesupport_fastrtps_cpp/roboteq_interfaces/srv/detail/dds_fastrtps/config__type_support.cpp.o[0m
[ 49%] [32mBuilding CXX object CMakeFiles/roboteq_interfaces__rosidl_typesupport_cpp.dir/rosidl_typesupport_cpp/roboteq_interfaces/srv/maintenance__type_support.cpp.o[0m
[ 50%] [32mBuilding CXX object CMakeFiles/roboteq_interfaces__rosidl_typesupport_introspection_cpp.dir/rosidl_typesupport_introspection_cpp/roboteq_interfaces/srv/detail/maintenance__type_support.cpp.o[0m
[35m[1mScanning dependencies of target roboteq_interfaces__rosidl_typesupport_introspection_c[0m
[ 52%] [32mBuilding C object CMakeFiles/roboteq_interfaces__rosidl_typesupport_introspection_c.dir/rosidl_typesupport_introspection_c/roboteq_interfaces/msg/detail/channel_values__type_support.c.o[0m
[ 54%] [32m[1mLinking CXX shared library libroboteq_interfaces__rosidl_typesupport_cpp.so[0m
[ 56%] [32mBuilding C object CMakeFiles/roboteq_interfaces__rosidl_typesupport_introspection_c.dir/rosidl_typesupport_introspection_c/roboteq_interfaces/srv/detail/command__type_support.c.o[0m
[ 58%] [32mBuilding CXX object CMakeFiles/roboteq_interfaces__rosidl_typesupport_fastrtps_cpp.dir/rosidl_typesupport_fastrtps_cpp/roboteq_interfaces/srv/detail/dds_fastrtps/maintenance__type_support.cpp.o[0m
[ 60%] [32mBuilding C object CMakeFiles/roboteq_interfaces__rosidl_typesupport_introspection_c.dir/rosidl_typesupport_introspection_c/roboteq_interfaces/srv/detail/config__type_support.c.o[0m
[ 60%] Built target roboteq_interfaces__rosidl_typesupport_cpp
[ 61%] [32mBuilding C object CMakeFiles/roboteq_interfaces__rosidl_typesupport_introspection_c.dir/rosidl_typesupport_introspection_c/roboteq_interfaces/srv/detail/maintenance__type_support.c.o[0m
[ 63%] [32m[1mLinking C shared library libroboteq_interfaces__rosidl_typesupport_introspection_c.so[0m
[ 65%] [32m[1mLinking CXX shared library libroboteq_interfaces__rosidl_typesupport_introspection_cpp.so[0m
[ 65%] Built target roboteq_interfaces__rosidl_typesupport_introspection_c
[ 65%] Built target roboteq_interfaces__rosidl_typesupport_introspection_cpp
[ 67%] [32m[1mLinking CXX shared library libroboteq_interfaces__rosidl_typesupport_fastrtps_cpp.so[0m
[ 67%] Built target roboteq_interfaces__rosidl_typesupport_fastrtps_cpp
[ 69%] [34m[1mGenerating C type support for eProsima Fast-RTPS[0m
[35m[1mScanning dependencies of target roboteq_interfaces__rosidl_typesupport_fastrtps_c[0m
[ 70%] [32mBuilding CXX object CMakeFiles/roboteq_interfaces__rosidl_typesupport_fastrtps_c.dir/rosidl_typesupport_fastrtps_c/roboteq_interfaces/msg/detail/channel_values__type_support_c.cpp.o[0m
[ 72%] [32mBuilding CXX object CMakeFiles/roboteq_interfaces__rosidl_typesupport_fastrtps_c.dir/rosidl_typesupport_fastrtps_c/roboteq_interfaces/srv/detail/maintenance__type_support_c.cpp.o[0m
[ 74%] [32mBuilding CXX object CMakeFiles/roboteq_interfaces__rosidl_typesupport_fastrtps_c.dir/rosidl_typesupport_fastrtps_c/roboteq_interfaces/srv/detail/config__type_support_c.cpp.o[0m
[ 76%] [32mBuilding CXX object CMakeFiles/roboteq_interfaces__rosidl_typesupport_fastrtps_c.dir/rosidl_typesupport_fastrtps_c/roboteq_interfaces/srv/detail/command__type_support_c.cpp.o[0m
[ 78%] [32m[1mLinking CXX shared library libroboteq_interfaces__rosidl_typesupport_fastrtps_c.so[0m
[ 78%] Built target roboteq_interfaces__rosidl_typesupport_fastrtps_c
[35m[1mScanning dependencies of target roboteq_interfaces[0m
[ 78%] Built target roboteq_interfaces
[35m[1mScanning dependencies of target roboteq_interfaces__py[0m
[ 80%] [34m[1mGenerating Python code for ROS interfaces[0m
[ 80%] Built target roboteq_interfaces__py
[35m[1mScanning dependencies of target roboteq_interfaces__python[0m
[ 81%] [32mBuilding C object CMakeFiles/roboteq_interfaces__python.dir/rosidl_generator_py/roboteq_interfaces/msg/_channel_values_s.c.o[0m
[ 83%] [32mBuilding C object CMakeFiles/roboteq_interfaces__python.dir/rosidl_generator_py/roboteq_interfaces/srv/_maintenance_s.c.o[0m
[ 85%] [32mBuilding C object CMakeFiles/roboteq_interfaces__python.dir/rosidl_generator_py/roboteq_interfaces/srv/_config_s.c.o[0m
[ 87%] [32mBuilding C object CMakeFiles/roboteq_interfaces__python.dir/rosidl_generator_py/roboteq_interfaces/srv/_command_s.c.o[0m
[ 89%] [32m[1mLinking C shared library rosidl_generator_py/roboteq_interfaces/libroboteq_interfaces__python.so[0m
[ 89%] Built target roboteq_interfaces__python
[35m[1mScanning dependencies of target roboteq_interfaces__rosidl_typesupport_c__pyext[0m
[ 90%] [32mBuilding C object CMakeFiles/roboteq_interfaces__rosidl_typesupport_c__pyext.dir/rosidl_generator_py/roboteq_interfaces/_roboteq_interfaces_s.ep.rosidl_typesupport_c.c.o[0m
[ 92%] [32m[1mLinking C shared library rosidl_generator_py/roboteq_interfaces/roboteq_interfaces_s__rosidl_typesupport_c.cpython-38-aarch64-linux-gnu.so[0m
[ 92%] Built target roboteq_interfaces__rosidl_typesupport_c__pyext
[35m[1mScanning dependencies of target roboteq_interfaces__rosidl_typesupport_introspection_c__pyext[0m
[ 94%] [32mBuilding C object CMakeFiles/roboteq_interfaces__rosidl_typesupport_introspection_c__pyext.dir/rosidl_generator_py/roboteq_interfaces/_roboteq_interfaces_s.ep.rosidl_typesupport_introspection_c.c.o[0m
[ 96%] [32m[1mLinking C shared library rosidl_generator_py/roboteq_interfaces/roboteq_interfaces_s__rosidl_typesupport_introspection_c.cpython-38-aarch64-linux-gnu.so[0m
[ 96%] Built target roboteq_interfaces__rosidl_typesupport_introspection_c__pyext
[35m[1mScanning dependencies of target roboteq_interfaces__rosidl_typesupport_fastrtps_c__pyext[0m
[ 98%] [32mBuilding C object CMakeFiles/roboteq_interfaces__rosidl_typesupport_fastrtps_c__pyext.dir/rosidl_generator_py/roboteq_interfaces/_roboteq_interfaces_s.ep.rosidl_typesupport_fastrtps_c.c.o[0m
[100%] [32m[1mLinking CXX shared library rosidl_generator_py/roboteq_interfaces/roboteq_interfaces_s__rosidl_typesupport_fastrtps_c.cpython-38-aarch64-linux-gnu.so[0m
[100%] Built target roboteq_interfaces__rosidl_typesupport_fastrtps_c__pyext
-- Install configuration: ""
-- Execute custom install script
-- Symlinking: /home/wjs/cart_ros2/install/share/ament_index/resource_index/rosidl_interfaces/roboteq_interfaces
-- Symlinking: /home/wjs/cart_ros2/install/include/roboteq_interfaces/msg/channel_values.h
-- Symlinking: /home/wjs/cart_ros2/install/include/roboteq_interfaces/msg/detail/channel_values__functions.h
-- Symlinking: /home/wjs/cart_ros2/install/include/roboteq_interfaces/msg/detail/channel_values__struct.h
-- Symlinking: /home/wjs/cart_ros2/install/include/roboteq_interfaces/msg/detail/channel_values__type_support.h
-- Symlinking: /home/wjs/cart_ros2/install/include/roboteq_interfaces/msg/rosidl_generator_c__visibility_control.h
-- Symlinking: /home/wjs/cart_ros2/install/include/roboteq_interfaces/srv/command.h
-- Symlinking: /home/wjs/cart_ros2/install/include/roboteq_interfaces/srv/config.h
-- Symlinking: /home/wjs/cart_ros2/install/include/roboteq_interfaces/srv/detail/command__functions.h
-- Symlinking: /home/wjs/cart_ros2/install/include/roboteq_interfaces/srv/detail/command__struct.h
-- Symlinking: /home/wjs/cart_ros2/install/include/roboteq_interfaces/srv/detail/command__type_support.h
-- Symlinking: /home/wjs/cart_ros2/install/include/roboteq_interfaces/srv/detail/config__functions.h
-- Symlinking: /home/wjs/cart_ros2/install/include/roboteq_interfaces/srv/detail/config__struct.h
-- Symlinking: /home/wjs/cart_ros2/install/include/roboteq_interfaces/srv/detail/config__type_support.h
-- Symlinking: /home/wjs/cart_ros2/install/include/roboteq_interfaces/srv/detail/maintenance__functions.h
-- Symlinking: /home/wjs/cart_ros2/install/include/roboteq_interfaces/srv/detail/maintenance__struct.h
-- Symlinking: /home/wjs/cart_ros2/install/include/roboteq_interfaces/srv/detail/maintenance__type_support.h
-- Symlinking: /home/wjs/cart_ros2/install/include/roboteq_interfaces/srv/maintenance.h
-- Symlinking: /home/wjs/cart_ros2/install/share/roboteq_interfaces/environment/library_path.sh
-- Symlinking: /home/wjs/cart_ros2/install/share/roboteq_interfaces/environment/library_path.dsv
-- Symlinking: /home/wjs/cart_ros2/install/include/roboteq_interfaces/msg/detail/channel_values__rosidl_typesupport_fastrtps_c.h
-- Symlinking: /home/wjs/cart_ros2/install/include/roboteq_interfaces/msg/rosidl_typesupport_fastrtps_c__visibility_control.h
-- Symlinking: /home/wjs/cart_ros2/install/include/roboteq_interfaces/srv/detail/command__rosidl_typesupport_fastrtps_c.h
-- Symlinking: /home/wjs/cart_ros2/install/include/roboteq_interfaces/srv/detail/config__rosidl_typesupport_fastrtps_c.h
-- Symlinking: /home/wjs/cart_ros2/install/include/roboteq_interfaces/srv/detail/maintenance__rosidl_typesupport_fastrtps_c.h
-- Symlinking: /home/wjs/cart_ros2/install/lib/libroboteq_interfaces__rosidl_typesupport_fastrtps_c.so
-- Symlinking: /home/wjs/cart_ros2/install/include/roboteq_interfaces/msg/detail/channel_values__rosidl_typesupport_fastrtps_cpp.hpp
-- Symlinking: /home/wjs/cart_ros2/install/include/roboteq_interfaces/msg/rosidl_typesupport_fastrtps_cpp__visibility_control.h
-- Symlinking: /home/wjs/cart_ros2/install/include/roboteq_interfaces/srv/detail/command__rosidl_typesupport_fastrtps_cpp.hpp
-- Symlinking: /home/wjs/cart_ros2/install/include/roboteq_interfaces/srv/detail/config__rosidl_typesupport_fastrtps_cpp.hpp
-- Symlinking: /home/wjs/cart_ros2/install/include/roboteq_interfaces/srv/detail/maintenance__rosidl_typesupport_fastrtps_cpp.hpp
-- Symlinking: /home/wjs/cart_ros2/install/lib/libroboteq_interfaces__rosidl_typesupport_fastrtps_cpp.so
-- Symlinking: /home/wjs/cart_ros2/install/include/roboteq_interfaces/msg/detail/channel_values__rosidl_typesupport_introspection_c.h
-- Symlinking: /home/wjs/cart_ros2/install/include/roboteq_interfaces/msg/rosidl_typesupport_introspection_c__visibility_control.h
-- Symlinking: /home/wjs/cart_ros2/install/include/roboteq_interfaces/srv/detail/command__rosidl_typesupport_introspection_c.h
-- Symlinking: /home/wjs/cart_ros2/install/include/roboteq_interfaces/srv/detail/config__rosidl_typesupport_introspection_c.h
-- Symlinking: /home/wjs/cart_ros2/install/include/roboteq_interfaces/srv/detail/maintenance__rosidl_typesupport_introspection_c.h
-- Symlinking: /home/wjs/cart_ros2/install/include/roboteq_interfaces/msg/channel_values.hpp
-- Symlinking: /home/wjs/cart_ros2/install/include/roboteq_interfaces/msg/detail/channel_values__builder.hpp
-- Symlinking: /home/wjs/cart_ros2/install/include/roboteq_interfaces/msg/detail/channel_values__struct.hpp
-- Symlinking: /home/wjs/cart_ros2/install/include/roboteq_interfaces/msg/detail/channel_values__traits.hpp
-- Symlinking: /home/wjs/cart_ros2/install/include/roboteq_interfaces/srv/command.hpp
-- Symlinking: /home/wjs/cart_ros2/install/include/roboteq_interfaces/srv/config.hpp
-- Symlinking: /home/wjs/cart_ros2/install/include/roboteq_interfaces/srv/detail/command__builder.hpp
-- Symlinking: /home/wjs/cart_ros2/install/include/roboteq_interfaces/srv/detail/command__struct.hpp
-- Symlinking: /home/wjs/cart_ros2/install/include/roboteq_interfaces/srv/detail/command__traits.hpp
-- Symlinking: /home/wjs/cart_ros2/install/include/roboteq_interfaces/srv/detail/config__builder.hpp
-- Symlinking: /home/wjs/cart_ros2/install/include/roboteq_interfaces/srv/detail/config__struct.hpp
-- Symlinking: /home/wjs/cart_ros2/install/include/roboteq_interfaces/srv/detail/config__traits.hpp
-- Symlinking: /home/wjs/cart_ros2/install/include/roboteq_interfaces/srv/detail/maintenance__builder.hpp
-- Symlinking: /home/wjs/cart_ros2/install/include/roboteq_interfaces/srv/detail/maintenance__struct.hpp
-- Symlinking: /home/wjs/cart_ros2/install/include/roboteq_interfaces/srv/detail/maintenance__traits.hpp
-- Symlinking: /home/wjs/cart_ros2/install/include/roboteq_interfaces/srv/maintenance.hpp
-- Symlinking: /home/wjs/cart_ros2/install/include/roboteq_interfaces/msg/detail/channel_values__rosidl_typesupport_introspection_cpp.hpp
-- Symlinking: /home/wjs/cart_ros2/install/include/roboteq_interfaces/srv/detail/command__rosidl_typesupport_introspection_cpp.hpp
-- Symlinking: /home/wjs/cart_ros2/install/include/roboteq_interfaces/srv/detail/config__rosidl_typesupport_introspection_cpp.hpp
-- Symlinking: /home/wjs/cart_ros2/install/include/roboteq_interfaces/srv/detail/maintenance__rosidl_typesupport_introspection_cpp.hpp
-- Symlinking: /home/wjs/cart_ros2/install/share/roboteq_interfaces/environment/pythonpath.sh
-- Symlinking: /home/wjs/cart_ros2/install/share/roboteq_interfaces/environment/pythonpath.dsv
-- Symlinking: /home/wjs/cart_ros2/install/lib/python3.8/site-packages/roboteq_interfaces/__init__.py
-- Symlinking: /home/wjs/cart_ros2/install/lib/python3.8/site-packages/roboteq_interfaces/msg/__init__.py
-- Symlinking: /home/wjs/cart_ros2/install/lib/python3.8/site-packages/roboteq_interfaces/msg/_channel_values.py
-- Symlinking: /home/wjs/cart_ros2/install/lib/python3.8/site-packages/roboteq_interfaces/srv/__init__.py
-- Symlinking: /home/wjs/cart_ros2/install/lib/python3.8/site-packages/roboteq_interfaces/srv/_command.py
-- Symlinking: /home/wjs/cart_ros2/install/lib/python3.8/site-packages/roboteq_interfaces/srv/_config.py
-- Symlinking: /home/wjs/cart_ros2/install/lib/python3.8/site-packages/roboteq_interfaces/srv/_maintenance.py
-- Symlinking: /home/wjs/cart_ros2/install/lib/python3.8/site-packages/roboteq_interfaces/roboteq_interfaces_s__rosidl_typesupport_fastrtps_c.cpython-38-aarch64-linux-gnu.so
-- Symlinking: /home/wjs/cart_ros2/install/lib/python3.8/site-packages/roboteq_interfaces/roboteq_interfaces_s__rosidl_typesupport_introspection_c.cpython-38-aarch64-linux-gnu.so
-- Symlinking: /home/wjs/cart_ros2/install/lib/python3.8/site-packages/roboteq_interfaces/roboteq_interfaces_s__rosidl_typesupport_c.cpython-38-aarch64-linux-gnu.so
-- Symlinking: /home/wjs/cart_ros2/install/lib/libroboteq_interfaces__python.so
-- Symlinking: /home/wjs/cart_ros2/install/share/roboteq_interfaces/msg/ChannelValues.idl
-- Symlinking: /home/wjs/cart_ros2/install/share/roboteq_interfaces/srv/Command.idl
-- Symlinking: /home/wjs/cart_ros2/install/share/roboteq_interfaces/srv/Config.idl
-- Symlinking: /home/wjs/cart_ros2/install/share/roboteq_interfaces/srv/Maintenance.idl
-- Symlinking: /home/wjs/cart_ros2/install/share/roboteq_interfaces/msg/ChannelValues.msg
-- Symlinking: /home/wjs/cart_ros2/install/share/roboteq_interfaces/srv/Command.srv
-- Symlinking: /home/wjs/cart_ros2/install/share/roboteq_interfaces/srv/Command_Request.msg
-- Symlinking: /home/wjs/cart_ros2/install/share/roboteq_interfaces/srv/Command_Response.msg
-- Symlinking: /home/wjs/cart_ros2/install/share/roboteq_interfaces/srv/Config.srv
-- Symlinking: /home/wjs/cart_ros2/install/share/roboteq_interfaces/srv/Config_Request.msg
-- Symlinking: /home/wjs/cart_ros2/install/share/roboteq_interfaces/srv/Config_Response.msg
-- Symlinking: /home/wjs/cart_ros2/install/share/roboteq_interfaces/srv/Maintenance.srv
-- Symlinking: /home/wjs/cart_ros2/install/share/roboteq_interfaces/srv/Maintenance_Request.msg
-- Symlinking: /home/wjs/cart_ros2/install/share/roboteq_interfaces/srv/Maintenance_Response.msg
-- Symlinking: /home/wjs/cart_ros2/install/share/ament_index/resource_index/package_run_dependencies/roboteq_interfaces
-- Symlinking: /home/wjs/cart_ros2/install/share/ament_index/resource_index/parent_prefix_path/roboteq_interfaces
-- Symlinking: /home/wjs/cart_ros2/install/share/roboteq_interfaces/environment/ament_prefix_path.sh
-- Symlinking: /home/wjs/cart_ros2/install/share/roboteq_interfaces/environment/ament_prefix_path.dsv
-- Symlinking: /home/wjs/cart_ros2/install/share/roboteq_interfaces/environment/path.sh
-- Symlinking: /home/wjs/cart_ros2/install/share/roboteq_interfaces/environment/path.dsv
-- Symlinking: /home/wjs/cart_ros2/install/share/roboteq_interfaces/local_setup.bash
-- Symlinking: /home/wjs/cart_ros2/install/share/roboteq_interfaces/local_setup.sh
-- Symlinking: /home/wjs/cart_ros2/install/share/roboteq_interfaces/local_setup.zsh
-- Symlinking: /home/wjs/cart_ros2/install/share/roboteq_interfaces/local_setup.dsv
-- Symlinking: /home/wjs/cart_ros2/install/share/roboteq_interfaces/package.dsv
-- Symlinking: /home/wjs/cart_ros2/install/share/ament_index/resource_index/packages/roboteq_interfaces
-- Symlinking: /home/wjs/cart_ros2/install/share/roboteq_interfaces/cmake/rosidl_cmake-extras.cmake
-- Symlinking: /home/wjs/cart_ros2/install/share/roboteq_interfaces/cmake/ament_cmake_export_dependencies-extras.cmake
-- Symlinking: /home/wjs/cart_ros2/install/share/roboteq_interfaces/cmake/ament_cmake_export_libraries-extras.cmake
-- Symlinking: /home/wjs/cart_ros2/install/share/roboteq_interfaces/cmake/ament_cmake_export_targets-extras.cmake
-- Symlinking: /home/wjs/cart_ros2/install/share/roboteq_interfaces/cmake/ament_cmake_export_include_directories-extras.cmake
-- Symlinking: /home/wjs/cart_ros2/install/share/roboteq_interfaces/cmake/rosidl_cmake_export_typesupport_libraries-extras.cmake
-- Symlinking: /home/wjs/cart_ros2/install/share/roboteq_interfaces/cmake/rosidl_cmake_export_typesupport_targets-extras.cmake
-- Symlinking: /home/wjs/cart_ros2/install/share/roboteq_interfaces/cmake/roboteq_interfacesConfig.cmake
-- Symlinking: /home/wjs/cart_ros2/install/share/roboteq_interfaces/cmake/roboteq_interfacesConfig-version.cmake
-- Symlinking: /home/wjs/cart_ros2/install/share/roboteq_interfaces/package.xml
-- Installing: /home/wjs/cart_ros2/install/lib/libroboteq_interfaces__rosidl_generator_c.so
-- Set runtime path of "/home/wjs/cart_ros2/install/lib/libroboteq_interfaces__rosidl_generator_c.so" to ""
-- Installing: /home/wjs/cart_ros2/install/lib/libroboteq_interfaces__rosidl_typesupport_introspection_c.so
-- Set runtime path of "/home/wjs/cart_ros2/install/lib/libroboteq_interfaces__rosidl_typesupport_introspection_c.so" to ""
-- Installing: /home/wjs/cart_ros2/install/lib/libroboteq_interfaces__rosidl_typesupport_c.so
-- Set runtime path of "/home/wjs/cart_ros2/install/lib/libroboteq_interfaces__rosidl_typesupport_c.so" to ""
-- Installing: /home/wjs/cart_ros2/install/lib/libroboteq_interfaces__rosidl_typesupport_introspection_cpp.so
-- Set runtime path of "/home/wjs/cart_ros2/install/lib/libroboteq_interfaces__rosidl_typesupport_introspection_cpp.so" to ""
-- Installing: /home/wjs/cart_ros2/install/lib/libroboteq_interfaces__rosidl_typesupport_cpp.so
-- Set runtime path of "/home/wjs/cart_ros2/install/lib/libroboteq_interfaces__rosidl_typesupport_cpp.so" to ""
Compiling '/home/wjs/cart_ros2/install/lib/python3.8/site-packages/roboteq_interfaces/__init__.py'...
-- Installing: /home/wjs/cart_ros2/install/share/roboteq_interfaces/cmake/roboteq_interfaces__rosidl_generator_cExport.cmake
-- Installing: /home/wjs/cart_ros2/install/share/roboteq_interfaces/cmake/roboteq_interfaces__rosidl_generator_cExport-noconfig.cmake
-- Installing: /home/wjs/cart_ros2/install/share/roboteq_interfaces/cmake/roboteq_interfaces__rosidl_typesupport_introspection_cExport.cmake
-- Installing: /home/wjs/cart_ros2/install/share/roboteq_interfaces/cmake/roboteq_interfaces__rosidl_typesupport_introspection_cExport-noconfig.cmake
-- Installing: /home/wjs/cart_ros2/install/share/roboteq_interfaces/cmake/roboteq_interfaces__rosidl_typesupport_cExport.cmake
-- Installing: /home/wjs/cart_ros2/install/share/roboteq_interfaces/cmake/roboteq_interfaces__rosidl_typesupport_cExport-noconfig.cmake
-- Installing: /home/wjs/cart_ros2/install/share/roboteq_interfaces/cmake/roboteq_interfaces__rosidl_generator_cppExport.cmake
-- Installing: /home/wjs/cart_ros2/install/share/roboteq_interfaces/cmake/roboteq_interfaces__rosidl_typesupport_introspection_cppExport.cmake
-- Installing: /home/wjs/cart_ros2/install/share/roboteq_interfaces/cmake/roboteq_interfaces__rosidl_typesupport_introspection_cppExport-noconfig.cmake
-- Installing: /home/wjs/cart_ros2/install/share/roboteq_interfaces/cmake/roboteq_interfaces__rosidl_typesupport_cppExport.cmake
-- Installing: /home/wjs/cart_ros2/install/share/roboteq_interfaces/cmake/roboteq_interfaces__rosidl_typesupport_cppExport-noconfig.cmake
