[0.218s] Invoking command in '/home/wjs/cart_ros2/build/roboteq_interfaces': CMAKE_PREFIX_PATH=${CMAKE_PREFIX_PATH}:/opt/ros/galactic /usr/bin/cmake /home/wjs/cart_ros2/src/roboteq_controller_ros-galactic-devel/roboteq_interfaces -DAMENT_CMAKE_SYMLINK_INSTALL=1 -DCMAKE_INSTALL_PREFIX=/home/wjs/cart_ros2/install
[1.720s] -- The C compiler identification is GNU 10.5.0
[1.721s] -- The CXX compiler identification is GNU 10.5.0
[1.721s] -- Check for working C compiler: /usr/bin/cc
[1.804s] -- Check for working C compiler: /usr/bin/cc -- works
[1.819s] -- Detecting C compiler ABI info
[2.432s] -- Detecting C compiler ABI info - done
[2.507s] -- Detecting C compile features
[2.509s] -- Detecting C compile features - done
[2.545s] -- Check for working CXX compiler: /usr/bin/c++
[3.151s] -- Check for working CXX compiler: /usr/bin/c++ -- works
[3.158s] -- Detecting CXX compiler ABI info
[3.682s] -- Detecting CXX compiler ABI info - done
[3.737s] -- Detecting CXX compile features
[3.739s] -- Detecting CXX compile features - done
[3.751s] -- Found ament_cmake: 1.1.6 (/opt/ros/galactic/share/ament_cmake/cmake)
[3.910s] -- Found PythonInterp: /usr/bin/python3 (found suitable version "3.8.10", minimum required is "3") 
[3.911s] -- Using PYTHON_EXECUTABLE: /usr/bin/python3
[4.296s] -- Override CMake install command with custom implementation using symlinks instead of copying resources
[4.542s] -- Found std_msgs: 2.2.4 (/opt/ros/galactic/share/std_msgs/cmake)
[4.809s] -- Using all available rosidl_typesupport_c: rosidl_typesupport_fastrtps_c;rosidl_typesupport_introspection_c
[4.872s] -- Found rosidl_adapter: 2.2.3 (/opt/ros/galactic/share/rosidl_adapter/cmake)
[5.674s] -- Found OpenSSL: /usr/lib/aarch64-linux-gnu/libcrypto.so (found version "1.1.1f")  
[6.099s] -- Found FastRTPS: /opt/ros/galactic/include  
[7.030s] -- Using all available rosidl_typesupport_cpp: rosidl_typesupport_fastrtps_cpp;rosidl_typesupport_introspection_cpp
[7.731s] -- Found rosidl_default_generators: 1.1.1 (/opt/ros/galactic/share/rosidl_default_generators/cmake)
[8.285s] -- Found PythonInterp: /usr/bin/python3 (found version "3.8.10") 
[10.739s] -- Found ament_cmake_ros: 0.9.2 (/opt/ros/galactic/share/ament_cmake_ros/cmake)
[12.022s] -- Using all available rosidl_typesupport_c: rosidl_typesupport_fastrtps_c;rosidl_typesupport_introspection_c
[12.578s] -- Using all available rosidl_typesupport_cpp: rosidl_typesupport_fastrtps_cpp;rosidl_typesupport_introspection_cpp
[12.811s] -- Found PythonInterp: /usr/bin/python3 (found suitable version "3.8.10", minimum required is "3.5") 
[12.841s] -- Found python_cmake_module: 0.8.1 (/opt/ros/galactic/share/python_cmake_module/cmake)
[13.085s] -- Found PythonLibs: /usr/lib/aarch64-linux-gnu/libpython3.8.so (found suitable version "3.8.10", minimum required is "3.5") 
[13.090s] -- Using PYTHON_EXECUTABLE: /usr/bin/python3
[13.091s] -- Using PYTHON_INCLUDE_DIRS: /usr/include/python3.8
[13.091s] -- Using PYTHON_LIBRARIES: /usr/lib/aarch64-linux-gnu/libpython3.8.so
[13.333s] -- Found PythonExtra: .so  
[13.793s] -- Found ament_lint_auto: 0.10.7 (/opt/ros/galactic/share/ament_lint_auto/cmake)
[13.936s] -- Added test 'copyright' to check source files copyright and LICENSE
[13.954s] -- Added test 'lint_cmake' to check CMake code style
[13.967s] -- Added test 'xmllint' to check XML markup files
[14.029s] -- Configuring done
[14.495s] -- Generating done
[14.626s] -- Build files have been written to: /home/wjs/cart_ros2/build/roboteq_interfaces
[14.720s] Invoked command in '/home/wjs/cart_ros2/build/roboteq_interfaces' returned '0': CMAKE_PREFIX_PATH=${CMAKE_PREFIX_PATH}:/opt/ros/galactic /usr/bin/cmake /home/wjs/cart_ros2/src/roboteq_controller_ros-galactic-devel/roboteq_interfaces -DAMENT_CMAKE_SYMLINK_INSTALL=1 -DCMAKE_INSTALL_PREFIX=/home/wjs/cart_ros2/install
[14.743s] Invoking command in '/home/wjs/cart_ros2/build/roboteq_interfaces': CMAKE_PREFIX_PATH=${CMAKE_PREFIX_PATH}:/opt/ros/galactic /usr/bin/cmake --build /home/wjs/cart_ros2/build/roboteq_interfaces -- -j4 -l4
[15.131s] [  1%] [34m[1mGenerating C code for ROS interfaces[0m
[15.178s] [35m[1mScanning dependencies of target roboteq_interfaces__cpp[0m
[15.328s] [  3%] [34m[1mGenerating C++ code for ROS interfaces[0m
[18.784s] [  3%] Built target roboteq_interfaces__cpp
[19.125s] [  5%] [34m[1mGenerating C++ introspection for ROS interfaces[0m
[19.452s] [  7%] [34m[1mGenerating C++ type support for eProsima Fast-RTPS[0m
[19.540s] [  9%] [34m[1mGenerating C++ type support dispatch for ROS interfaces[0m
[19.655s] [35m[1mScanning dependencies of target roboteq_interfaces__rosidl_generator_c[0m
[19.915s] [ 10%] [32mBuilding C object CMakeFiles/roboteq_interfaces__rosidl_generator_c.dir/rosidl_generator_c/roboteq_interfaces/msg/detail/channel_values__functions.c.o[0m
[20.702s] [ 12%] [32mBuilding C object CMakeFiles/roboteq_interfaces__rosidl_generator_c.dir/rosidl_generator_c/roboteq_interfaces/srv/detail/command__functions.c.o[0m
[21.590s] [ 14%] [32mBuilding C object CMakeFiles/roboteq_interfaces__rosidl_generator_c.dir/rosidl_generator_c/roboteq_interfaces/srv/detail/config__functions.c.o[0m
[22.295s] [ 16%] [32mBuilding C object CMakeFiles/roboteq_interfaces__rosidl_generator_c.dir/rosidl_generator_c/roboteq_interfaces/srv/detail/maintenance__functions.c.o[0m
[22.330s] [35m[1mScanning dependencies of target roboteq_interfaces__rosidl_typesupport_cpp[0m
[22.521s] [35m[1mScanning dependencies of target roboteq_interfaces__rosidl_typesupport_introspection_cpp[0m
[22.541s] [ 18%] [32mBuilding CXX object CMakeFiles/roboteq_interfaces__rosidl_typesupport_cpp.dir/rosidl_typesupport_cpp/roboteq_interfaces/msg/channel_values__type_support.cpp.o[0m
[22.707s] [35m[1mScanning dependencies of target roboteq_interfaces__rosidl_typesupport_fastrtps_cpp[0m
[22.771s] [ 20%] [32mBuilding CXX object CMakeFiles/roboteq_interfaces__rosidl_typesupport_introspection_cpp.dir/rosidl_typesupport_introspection_cpp/roboteq_interfaces/msg/detail/channel_values__type_support.cpp.o[0m
[22.796s] [ 21%] [32m[1mLinking C shared library libroboteq_interfaces__rosidl_generator_c.so[0m
[22.979s] [ 23%] [32mBuilding CXX object CMakeFiles/roboteq_interfaces__rosidl_typesupport_fastrtps_cpp.dir/rosidl_typesupport_fastrtps_cpp/roboteq_interfaces/msg/detail/dds_fastrtps/channel_values__type_support.cpp.o[0m
[23.140s] [ 23%] Built target roboteq_interfaces__rosidl_generator_c
[23.305s] [ 25%] [34m[1mGenerating C type support dispatch for ROS interfaces[0m
[24.878s] [ 27%] [32mBuilding CXX object CMakeFiles/roboteq_interfaces__rosidl_typesupport_cpp.dir/rosidl_typesupport_cpp/roboteq_interfaces/srv/command__type_support.cpp.o[0m
[25.124s] [35m[1mScanning dependencies of target roboteq_interfaces__rosidl_typesupport_c[0m
[25.335s] [ 29%] [32mBuilding CXX object CMakeFiles/roboteq_interfaces__rosidl_typesupport_c.dir/rosidl_typesupport_c/roboteq_interfaces/msg/channel_values__type_support.cpp.o[0m
[25.758s] [ 30%] [32mBuilding CXX object CMakeFiles/roboteq_interfaces__rosidl_typesupport_c.dir/rosidl_typesupport_c/roboteq_interfaces/srv/command__type_support.cpp.o[0m
[26.000s] [ 32%] [32mBuilding CXX object CMakeFiles/roboteq_interfaces__rosidl_typesupport_introspection_cpp.dir/rosidl_typesupport_introspection_cpp/roboteq_interfaces/srv/detail/command__type_support.cpp.o[0m
[26.217s] [ 34%] [32mBuilding CXX object CMakeFiles/roboteq_interfaces__rosidl_typesupport_c.dir/rosidl_typesupport_c/roboteq_interfaces/srv/config__type_support.cpp.o[0m
[26.331s] [ 36%] [32mBuilding CXX object CMakeFiles/roboteq_interfaces__rosidl_typesupport_fastrtps_cpp.dir/rosidl_typesupport_fastrtps_cpp/roboteq_interfaces/srv/detail/dds_fastrtps/command__type_support.cpp.o[0m
[26.664s] [ 38%] [32mBuilding CXX object CMakeFiles/roboteq_interfaces__rosidl_typesupport_c.dir/rosidl_typesupport_c/roboteq_interfaces/srv/maintenance__type_support.cpp.o[0m
[27.112s] [ 40%] [32m[1mLinking CXX shared library libroboteq_interfaces__rosidl_typesupport_c.so[0m
[27.440s] [ 41%] [32mBuilding CXX object CMakeFiles/roboteq_interfaces__rosidl_typesupport_cpp.dir/rosidl_typesupport_cpp/roboteq_interfaces/srv/config__type_support.cpp.o[0m
[27.498s] [ 41%] Built target roboteq_interfaces__rosidl_typesupport_c
[27.551s] [ 43%] [32mBuilding CXX object CMakeFiles/roboteq_interfaces__rosidl_typesupport_introspection_cpp.dir/rosidl_typesupport_introspection_cpp/roboteq_interfaces/srv/detail/config__type_support.cpp.o[0m
[27.634s] [ 45%] [34m[1mGenerating C introspection for ROS interfaces[0m
[29.342s] [ 47%] [32mBuilding CXX object CMakeFiles/roboteq_interfaces__rosidl_typesupport_fastrtps_cpp.dir/rosidl_typesupport_fastrtps_cpp/roboteq_interfaces/srv/detail/dds_fastrtps/config__type_support.cpp.o[0m
[29.493s] [ 49%] [32mBuilding CXX object CMakeFiles/roboteq_interfaces__rosidl_typesupport_cpp.dir/rosidl_typesupport_cpp/roboteq_interfaces/srv/maintenance__type_support.cpp.o[0m
[30.360s] [ 50%] [32mBuilding CXX object CMakeFiles/roboteq_interfaces__rosidl_typesupport_introspection_cpp.dir/rosidl_typesupport_introspection_cpp/roboteq_interfaces/srv/detail/maintenance__type_support.cpp.o[0m
[30.570s] [35m[1mScanning dependencies of target roboteq_interfaces__rosidl_typesupport_introspection_c[0m
[30.802s] [ 52%] [32mBuilding C object CMakeFiles/roboteq_interfaces__rosidl_typesupport_introspection_c.dir/rosidl_typesupport_introspection_c/roboteq_interfaces/msg/detail/channel_values__type_support.c.o[0m
[31.298s] [ 54%] [32m[1mLinking CXX shared library libroboteq_interfaces__rosidl_typesupport_cpp.so[0m
[31.331s] [ 56%] [32mBuilding C object CMakeFiles/roboteq_interfaces__rosidl_typesupport_introspection_c.dir/rosidl_typesupport_introspection_c/roboteq_interfaces/srv/detail/command__type_support.c.o[0m
[31.705s] [ 58%] [32mBuilding CXX object CMakeFiles/roboteq_interfaces__rosidl_typesupport_fastrtps_cpp.dir/rosidl_typesupport_fastrtps_cpp/roboteq_interfaces/srv/detail/dds_fastrtps/maintenance__type_support.cpp.o[0m
[31.727s] [ 60%] [32mBuilding C object CMakeFiles/roboteq_interfaces__rosidl_typesupport_introspection_c.dir/rosidl_typesupport_introspection_c/roboteq_interfaces/srv/detail/config__type_support.c.o[0m
[31.751s] [ 60%] Built target roboteq_interfaces__rosidl_typesupport_cpp
[31.879s] [ 61%] [32mBuilding C object CMakeFiles/roboteq_interfaces__rosidl_typesupport_introspection_c.dir/rosidl_typesupport_introspection_c/roboteq_interfaces/srv/detail/maintenance__type_support.c.o[0m
[32.327s] [ 63%] [32m[1mLinking C shared library libroboteq_interfaces__rosidl_typesupport_introspection_c.so[0m
[32.710s] [ 65%] [32m[1mLinking CXX shared library libroboteq_interfaces__rosidl_typesupport_introspection_cpp.so[0m
[32.747s] [ 65%] Built target roboteq_interfaces__rosidl_typesupport_introspection_c
[33.167s] [ 65%] Built target roboteq_interfaces__rosidl_typesupport_introspection_cpp
[33.872s] [ 67%] [32m[1mLinking CXX shared library libroboteq_interfaces__rosidl_typesupport_fastrtps_cpp.so[0m
[34.370s] [ 67%] Built target roboteq_interfaces__rosidl_typesupport_fastrtps_cpp
[34.460s] [ 69%] [34m[1mGenerating C type support for eProsima Fast-RTPS[0m
[36.276s] [35m[1mScanning dependencies of target roboteq_interfaces__rosidl_typesupport_fastrtps_c[0m
[36.468s] [ 70%] [32mBuilding CXX object CMakeFiles/roboteq_interfaces__rosidl_typesupport_fastrtps_c.dir/rosidl_typesupport_fastrtps_c/roboteq_interfaces/msg/detail/channel_values__type_support_c.cpp.o[0m
[37.985s] [ 72%] [32mBuilding CXX object CMakeFiles/roboteq_interfaces__rosidl_typesupport_fastrtps_c.dir/rosidl_typesupport_fastrtps_c/roboteq_interfaces/srv/detail/maintenance__type_support_c.cpp.o[0m
[39.559s] [ 74%] [32mBuilding CXX object CMakeFiles/roboteq_interfaces__rosidl_typesupport_fastrtps_c.dir/rosidl_typesupport_fastrtps_c/roboteq_interfaces/srv/detail/config__type_support_c.cpp.o[0m
[41.484s] [ 76%] [32mBuilding CXX object CMakeFiles/roboteq_interfaces__rosidl_typesupport_fastrtps_c.dir/rosidl_typesupport_fastrtps_c/roboteq_interfaces/srv/detail/command__type_support_c.cpp.o[0m
[43.015s] [ 78%] [32m[1mLinking CXX shared library libroboteq_interfaces__rosidl_typesupport_fastrtps_c.so[0m
[43.465s] [ 78%] Built target roboteq_interfaces__rosidl_typesupport_fastrtps_c
[43.528s] [35m[1mScanning dependencies of target roboteq_interfaces[0m
[43.580s] [ 78%] Built target roboteq_interfaces
[43.637s] [35m[1mScanning dependencies of target roboteq_interfaces__py[0m
[43.702s] [ 80%] [34m[1mGenerating Python code for ROS interfaces[0m
[47.142s] [ 80%] Built target roboteq_interfaces__py
[47.194s] [35m[1mScanning dependencies of target roboteq_interfaces__python[0m
[47.421s] [ 81%] [32mBuilding C object CMakeFiles/roboteq_interfaces__python.dir/rosidl_generator_py/roboteq_interfaces/msg/_channel_values_s.c.o[0m
[48.128s] [ 83%] [32mBuilding C object CMakeFiles/roboteq_interfaces__python.dir/rosidl_generator_py/roboteq_interfaces/srv/_maintenance_s.c.o[0m
[48.723s] [ 85%] [32mBuilding C object CMakeFiles/roboteq_interfaces__python.dir/rosidl_generator_py/roboteq_interfaces/srv/_config_s.c.o[0m
[49.315s] [ 87%] [32mBuilding C object CMakeFiles/roboteq_interfaces__python.dir/rosidl_generator_py/roboteq_interfaces/srv/_command_s.c.o[0m
[49.875s] [ 89%] [32m[1mLinking C shared library rosidl_generator_py/roboteq_interfaces/libroboteq_interfaces__python.so[0m
[50.134s] [ 89%] Built target roboteq_interfaces__python
[50.187s] [35m[1mScanning dependencies of target roboteq_interfaces__rosidl_typesupport_c__pyext[0m
[50.331s] [ 90%] [32mBuilding C object CMakeFiles/roboteq_interfaces__rosidl_typesupport_c__pyext.dir/rosidl_generator_py/roboteq_interfaces/_roboteq_interfaces_s.ep.rosidl_typesupport_c.c.o[0m
[50.977s] [ 92%] [32m[1mLinking C shared library rosidl_generator_py/roboteq_interfaces/roboteq_interfaces_s__rosidl_typesupport_c.cpython-38-aarch64-linux-gnu.so[0m
[51.192s] [ 92%] Built target roboteq_interfaces__rosidl_typesupport_c__pyext
[51.260s] [35m[1mScanning dependencies of target roboteq_interfaces__rosidl_typesupport_introspection_c__pyext[0m
[51.385s] [ 94%] [32mBuilding C object CMakeFiles/roboteq_interfaces__rosidl_typesupport_introspection_c__pyext.dir/rosidl_generator_py/roboteq_interfaces/_roboteq_interfaces_s.ep.rosidl_typesupport_introspection_c.c.o[0m
[52.009s] [ 96%] [32m[1mLinking C shared library rosidl_generator_py/roboteq_interfaces/roboteq_interfaces_s__rosidl_typesupport_introspection_c.cpython-38-aarch64-linux-gnu.so[0m
[52.201s] [ 96%] Built target roboteq_interfaces__rosidl_typesupport_introspection_c__pyext
[52.262s] [35m[1mScanning dependencies of target roboteq_interfaces__rosidl_typesupport_fastrtps_c__pyext[0m
[52.402s] [ 98%] [32mBuilding C object CMakeFiles/roboteq_interfaces__rosidl_typesupport_fastrtps_c__pyext.dir/rosidl_generator_py/roboteq_interfaces/_roboteq_interfaces_s.ep.rosidl_typesupport_fastrtps_c.c.o[0m
[53.218s] [100%] [32m[1mLinking CXX shared library rosidl_generator_py/roboteq_interfaces/roboteq_interfaces_s__rosidl_typesupport_fastrtps_c.cpython-38-aarch64-linux-gnu.so[0m
[53.591s] [100%] Built target roboteq_interfaces__rosidl_typesupport_fastrtps_c__pyext
[53.658s] Invoked command in '/home/wjs/cart_ros2/build/roboteq_interfaces' returned '0': CMAKE_PREFIX_PATH=${CMAKE_PREFIX_PATH}:/opt/ros/galactic /usr/bin/cmake --build /home/wjs/cart_ros2/build/roboteq_interfaces -- -j4 -l4
[53.667s] Invoking command in '/home/wjs/cart_ros2/build/roboteq_interfaces': CMAKE_PREFIX_PATH=${CMAKE_PREFIX_PATH}:/opt/ros/galactic /usr/bin/cmake --install /home/wjs/cart_ros2/build/roboteq_interfaces
[53.722s] -- Install configuration: ""
[53.725s] -- Execute custom install script
[53.727s] -- Symlinking: /home/wjs/cart_ros2/install/share/ament_index/resource_index/rosidl_interfaces/roboteq_interfaces
[53.785s] -- Symlinking: /home/wjs/cart_ros2/install/include/roboteq_interfaces/msg/channel_values.h
[53.835s] -- Symlinking: /home/wjs/cart_ros2/install/include/roboteq_interfaces/msg/detail/channel_values__functions.h
[53.888s] -- Symlinking: /home/wjs/cart_ros2/install/include/roboteq_interfaces/msg/detail/channel_values__struct.h
[53.943s] -- Symlinking: /home/wjs/cart_ros2/install/include/roboteq_interfaces/msg/detail/channel_values__type_support.h
[54.049s] -- Symlinking: /home/wjs/cart_ros2/install/include/roboteq_interfaces/msg/rosidl_generator_c__visibility_control.h
[54.051s] -- Symlinking: /home/wjs/cart_ros2/install/include/roboteq_interfaces/srv/command.h
[54.099s] -- Symlinking: /home/wjs/cart_ros2/install/include/roboteq_interfaces/srv/config.h
[54.158s] -- Symlinking: /home/wjs/cart_ros2/install/include/roboteq_interfaces/srv/detail/command__functions.h
[54.208s] -- Symlinking: /home/wjs/cart_ros2/install/include/roboteq_interfaces/srv/detail/command__struct.h
[54.253s] -- Symlinking: /home/wjs/cart_ros2/install/include/roboteq_interfaces/srv/detail/command__type_support.h
[54.308s] -- Symlinking: /home/wjs/cart_ros2/install/include/roboteq_interfaces/srv/detail/config__functions.h
[54.357s] -- Symlinking: /home/wjs/cart_ros2/install/include/roboteq_interfaces/srv/detail/config__struct.h
[54.406s] -- Symlinking: /home/wjs/cart_ros2/install/include/roboteq_interfaces/srv/detail/config__type_support.h
[54.450s] -- Symlinking: /home/wjs/cart_ros2/install/include/roboteq_interfaces/srv/detail/maintenance__functions.h
[54.502s] -- Symlinking: /home/wjs/cart_ros2/install/include/roboteq_interfaces/srv/detail/maintenance__struct.h
[54.550s] -- Symlinking: /home/wjs/cart_ros2/install/include/roboteq_interfaces/srv/detail/maintenance__type_support.h
[54.610s] -- Symlinking: /home/wjs/cart_ros2/install/include/roboteq_interfaces/srv/maintenance.h
[54.660s] -- Symlinking: /home/wjs/cart_ros2/install/share/roboteq_interfaces/environment/library_path.sh
[54.714s] -- Symlinking: /home/wjs/cart_ros2/install/share/roboteq_interfaces/environment/library_path.dsv
[54.766s] -- Symlinking: /home/wjs/cart_ros2/install/include/roboteq_interfaces/msg/detail/channel_values__rosidl_typesupport_fastrtps_c.h
[54.820s] -- Symlinking: /home/wjs/cart_ros2/install/include/roboteq_interfaces/msg/rosidl_typesupport_fastrtps_c__visibility_control.h
[54.869s] -- Symlinking: /home/wjs/cart_ros2/install/include/roboteq_interfaces/srv/detail/command__rosidl_typesupport_fastrtps_c.h
[54.921s] -- Symlinking: /home/wjs/cart_ros2/install/include/roboteq_interfaces/srv/detail/config__rosidl_typesupport_fastrtps_c.h
[54.970s] -- Symlinking: /home/wjs/cart_ros2/install/include/roboteq_interfaces/srv/detail/maintenance__rosidl_typesupport_fastrtps_c.h
[55.020s] -- Symlinking: /home/wjs/cart_ros2/install/lib/libroboteq_interfaces__rosidl_typesupport_fastrtps_c.so
[55.071s] -- Symlinking: /home/wjs/cart_ros2/install/include/roboteq_interfaces/msg/detail/channel_values__rosidl_typesupport_fastrtps_cpp.hpp
[55.131s] -- Symlinking: /home/wjs/cart_ros2/install/include/roboteq_interfaces/msg/rosidl_typesupport_fastrtps_cpp__visibility_control.h
[55.178s] -- Symlinking: /home/wjs/cart_ros2/install/include/roboteq_interfaces/srv/detail/command__rosidl_typesupport_fastrtps_cpp.hpp
[55.229s] -- Symlinking: /home/wjs/cart_ros2/install/include/roboteq_interfaces/srv/detail/config__rosidl_typesupport_fastrtps_cpp.hpp
[55.277s] -- Symlinking: /home/wjs/cart_ros2/install/include/roboteq_interfaces/srv/detail/maintenance__rosidl_typesupport_fastrtps_cpp.hpp
[55.329s] -- Symlinking: /home/wjs/cart_ros2/install/lib/libroboteq_interfaces__rosidl_typesupport_fastrtps_cpp.so
[55.381s] -- Symlinking: /home/wjs/cart_ros2/install/include/roboteq_interfaces/msg/detail/channel_values__rosidl_typesupport_introspection_c.h
[55.434s] -- Symlinking: /home/wjs/cart_ros2/install/include/roboteq_interfaces/msg/rosidl_typesupport_introspection_c__visibility_control.h
[55.484s] -- Symlinking: /home/wjs/cart_ros2/install/include/roboteq_interfaces/srv/detail/command__rosidl_typesupport_introspection_c.h
[55.535s] -- Symlinking: /home/wjs/cart_ros2/install/include/roboteq_interfaces/srv/detail/config__rosidl_typesupport_introspection_c.h
[55.583s] -- Symlinking: /home/wjs/cart_ros2/install/include/roboteq_interfaces/srv/detail/maintenance__rosidl_typesupport_introspection_c.h
[55.635s] -- Symlinking: /home/wjs/cart_ros2/install/include/roboteq_interfaces/msg/channel_values.hpp
[55.682s] -- Symlinking: /home/wjs/cart_ros2/install/include/roboteq_interfaces/msg/detail/channel_values__builder.hpp
[55.736s] -- Symlinking: /home/wjs/cart_ros2/install/include/roboteq_interfaces/msg/detail/channel_values__struct.hpp
[55.784s] -- Symlinking: /home/wjs/cart_ros2/install/include/roboteq_interfaces/msg/detail/channel_values__traits.hpp
[55.835s] -- Symlinking: /home/wjs/cart_ros2/install/include/roboteq_interfaces/srv/command.hpp
[55.886s] -- Symlinking: /home/wjs/cart_ros2/install/include/roboteq_interfaces/srv/config.hpp
[55.948s] -- Symlinking: /home/wjs/cart_ros2/install/include/roboteq_interfaces/srv/detail/command__builder.hpp
[56.004s] -- Symlinking: /home/wjs/cart_ros2/install/include/roboteq_interfaces/srv/detail/command__struct.hpp
[56.055s] -- Symlinking: /home/wjs/cart_ros2/install/include/roboteq_interfaces/srv/detail/command__traits.hpp
[56.115s] -- Symlinking: /home/wjs/cart_ros2/install/include/roboteq_interfaces/srv/detail/config__builder.hpp
[56.165s] -- Symlinking: /home/wjs/cart_ros2/install/include/roboteq_interfaces/srv/detail/config__struct.hpp
[56.221s] -- Symlinking: /home/wjs/cart_ros2/install/include/roboteq_interfaces/srv/detail/config__traits.hpp
[56.273s] -- Symlinking: /home/wjs/cart_ros2/install/include/roboteq_interfaces/srv/detail/maintenance__builder.hpp
[56.330s] -- Symlinking: /home/wjs/cart_ros2/install/include/roboteq_interfaces/srv/detail/maintenance__struct.hpp
[56.382s] -- Symlinking: /home/wjs/cart_ros2/install/include/roboteq_interfaces/srv/detail/maintenance__traits.hpp
[56.440s] -- Symlinking: /home/wjs/cart_ros2/install/include/roboteq_interfaces/srv/maintenance.hpp
[56.494s] -- Symlinking: /home/wjs/cart_ros2/install/include/roboteq_interfaces/msg/detail/channel_values__rosidl_typesupport_introspection_cpp.hpp
[56.549s] -- Symlinking: /home/wjs/cart_ros2/install/include/roboteq_interfaces/srv/detail/command__rosidl_typesupport_introspection_cpp.hpp
[56.602s] -- Symlinking: /home/wjs/cart_ros2/install/include/roboteq_interfaces/srv/detail/config__rosidl_typesupport_introspection_cpp.hpp
[56.653s] -- Symlinking: /home/wjs/cart_ros2/install/include/roboteq_interfaces/srv/detail/maintenance__rosidl_typesupport_introspection_cpp.hpp
[56.714s] -- Symlinking: /home/wjs/cart_ros2/install/share/roboteq_interfaces/environment/pythonpath.sh
[56.767s] -- Symlinking: /home/wjs/cart_ros2/install/share/roboteq_interfaces/environment/pythonpath.dsv
[56.817s] -- Symlinking: /home/wjs/cart_ros2/install/lib/python3.8/site-packages/roboteq_interfaces/__init__.py
[56.870s] -- Symlinking: /home/wjs/cart_ros2/install/lib/python3.8/site-packages/roboteq_interfaces/msg/__init__.py
[56.926s] -- Symlinking: /home/wjs/cart_ros2/install/lib/python3.8/site-packages/roboteq_interfaces/msg/_channel_values.py
[56.982s] -- Symlinking: /home/wjs/cart_ros2/install/lib/python3.8/site-packages/roboteq_interfaces/srv/__init__.py
[57.037s] -- Symlinking: /home/wjs/cart_ros2/install/lib/python3.8/site-packages/roboteq_interfaces/srv/_command.py
[57.089s] -- Symlinking: /home/wjs/cart_ros2/install/lib/python3.8/site-packages/roboteq_interfaces/srv/_config.py
[57.144s] -- Symlinking: /home/wjs/cart_ros2/install/lib/python3.8/site-packages/roboteq_interfaces/srv/_maintenance.py
[57.198s] -- Symlinking: /home/wjs/cart_ros2/install/lib/python3.8/site-packages/roboteq_interfaces/roboteq_interfaces_s__rosidl_typesupport_fastrtps_c.cpython-38-aarch64-linux-gnu.so
[57.251s] -- Symlinking: /home/wjs/cart_ros2/install/lib/python3.8/site-packages/roboteq_interfaces/roboteq_interfaces_s__rosidl_typesupport_introspection_c.cpython-38-aarch64-linux-gnu.so
[57.317s] -- Symlinking: /home/wjs/cart_ros2/install/lib/python3.8/site-packages/roboteq_interfaces/roboteq_interfaces_s__rosidl_typesupport_c.cpython-38-aarch64-linux-gnu.so
[57.368s] -- Symlinking: /home/wjs/cart_ros2/install/lib/libroboteq_interfaces__python.so
[57.425s] -- Symlinking: /home/wjs/cart_ros2/install/share/roboteq_interfaces/msg/ChannelValues.idl
[57.491s] -- Symlinking: /home/wjs/cart_ros2/install/share/roboteq_interfaces/srv/Command.idl
[57.566s] -- Symlinking: /home/wjs/cart_ros2/install/share/roboteq_interfaces/srv/Config.idl
[57.617s] -- Symlinking: /home/wjs/cart_ros2/install/share/roboteq_interfaces/srv/Maintenance.idl
[57.668s] -- Symlinking: /home/wjs/cart_ros2/install/share/roboteq_interfaces/msg/ChannelValues.msg
[57.773s] -- Symlinking: /home/wjs/cart_ros2/install/share/roboteq_interfaces/srv/Command.srv
[57.787s] -- Symlinking: /home/wjs/cart_ros2/install/share/roboteq_interfaces/srv/Command_Request.msg
[57.846s] -- Symlinking: /home/wjs/cart_ros2/install/share/roboteq_interfaces/srv/Command_Response.msg
[57.911s] -- Symlinking: /home/wjs/cart_ros2/install/share/roboteq_interfaces/srv/Config.srv
[57.971s] -- Symlinking: /home/wjs/cart_ros2/install/share/roboteq_interfaces/srv/Config_Request.msg
[58.034s] -- Symlinking: /home/wjs/cart_ros2/install/share/roboteq_interfaces/srv/Config_Response.msg
[58.103s] -- Symlinking: /home/wjs/cart_ros2/install/share/roboteq_interfaces/srv/Maintenance.srv
[58.217s] -- Symlinking: /home/wjs/cart_ros2/install/share/roboteq_interfaces/srv/Maintenance_Request.msg
[58.270s] -- Symlinking: /home/wjs/cart_ros2/install/share/roboteq_interfaces/srv/Maintenance_Response.msg
[58.324s] -- Symlinking: /home/wjs/cart_ros2/install/share/ament_index/resource_index/package_run_dependencies/roboteq_interfaces
[58.371s] -- Symlinking: /home/wjs/cart_ros2/install/share/ament_index/resource_index/parent_prefix_path/roboteq_interfaces
[58.426s] -- Symlinking: /home/wjs/cart_ros2/install/share/roboteq_interfaces/environment/ament_prefix_path.sh
[58.478s] -- Symlinking: /home/wjs/cart_ros2/install/share/roboteq_interfaces/environment/ament_prefix_path.dsv
[58.530s] -- Symlinking: /home/wjs/cart_ros2/install/share/roboteq_interfaces/environment/path.sh
[58.581s] -- Symlinking: /home/wjs/cart_ros2/install/share/roboteq_interfaces/environment/path.dsv
[58.632s] -- Symlinking: /home/wjs/cart_ros2/install/share/roboteq_interfaces/local_setup.bash
[58.761s] -- Symlinking: /home/wjs/cart_ros2/install/share/roboteq_interfaces/local_setup.sh
[58.813s] -- Symlinking: /home/wjs/cart_ros2/install/share/roboteq_interfaces/local_setup.zsh
[58.889s] -- Symlinking: /home/wjs/cart_ros2/install/share/roboteq_interfaces/local_setup.dsv
[59.016s] -- Symlinking: /home/wjs/cart_ros2/install/share/roboteq_interfaces/package.dsv
[59.075s] -- Symlinking: /home/wjs/cart_ros2/install/share/ament_index/resource_index/packages/roboteq_interfaces
[59.130s] -- Symlinking: /home/wjs/cart_ros2/install/share/roboteq_interfaces/cmake/rosidl_cmake-extras.cmake
[59.205s] -- Symlinking: /home/wjs/cart_ros2/install/share/roboteq_interfaces/cmake/ament_cmake_export_dependencies-extras.cmake
[59.285s] -- Symlinking: /home/wjs/cart_ros2/install/share/roboteq_interfaces/cmake/ament_cmake_export_libraries-extras.cmake
[59.336s] -- Symlinking: /home/wjs/cart_ros2/install/share/roboteq_interfaces/cmake/ament_cmake_export_targets-extras.cmake
[59.389s] -- Symlinking: /home/wjs/cart_ros2/install/share/roboteq_interfaces/cmake/ament_cmake_export_include_directories-extras.cmake
[59.439s] -- Symlinking: /home/wjs/cart_ros2/install/share/roboteq_interfaces/cmake/rosidl_cmake_export_typesupport_libraries-extras.cmake
[59.489s] -- Symlinking: /home/wjs/cart_ros2/install/share/roboteq_interfaces/cmake/rosidl_cmake_export_typesupport_targets-extras.cmake
[59.539s] -- Symlinking: /home/wjs/cart_ros2/install/share/roboteq_interfaces/cmake/roboteq_interfacesConfig.cmake
[59.587s] -- Symlinking: /home/wjs/cart_ros2/install/share/roboteq_interfaces/cmake/roboteq_interfacesConfig-version.cmake
[59.637s] -- Symlinking: /home/wjs/cart_ros2/install/share/roboteq_interfaces/package.xml
[59.684s] -- Installing: /home/wjs/cart_ros2/install/lib/libroboteq_interfaces__rosidl_generator_c.so
[59.687s] -- Set runtime path of "/home/wjs/cart_ros2/install/lib/libroboteq_interfaces__rosidl_generator_c.so" to ""
[59.688s] -- Installing: /home/wjs/cart_ros2/install/lib/libroboteq_interfaces__rosidl_typesupport_introspection_c.so
[59.691s] -- Set runtime path of "/home/wjs/cart_ros2/install/lib/libroboteq_interfaces__rosidl_typesupport_introspection_c.so" to ""
[59.692s] -- Installing: /home/wjs/cart_ros2/install/lib/libroboteq_interfaces__rosidl_typesupport_c.so
[59.694s] -- Set runtime path of "/home/wjs/cart_ros2/install/lib/libroboteq_interfaces__rosidl_typesupport_c.so" to ""
[59.695s] -- Installing: /home/wjs/cart_ros2/install/lib/libroboteq_interfaces__rosidl_typesupport_introspection_cpp.so
[59.698s] -- Set runtime path of "/home/wjs/cart_ros2/install/lib/libroboteq_interfaces__rosidl_typesupport_introspection_cpp.so" to ""
[59.699s] -- Installing: /home/wjs/cart_ros2/install/lib/libroboteq_interfaces__rosidl_typesupport_cpp.so
[59.701s] -- Set runtime path of "/home/wjs/cart_ros2/install/lib/libroboteq_interfaces__rosidl_typesupport_cpp.so" to ""
[59.879s] Compiling '/home/wjs/cart_ros2/install/lib/python3.8/site-packages/roboteq_interfaces/__init__.py'...
[59.899s] -- Installing: /home/wjs/cart_ros2/install/share/roboteq_interfaces/cmake/roboteq_interfaces__rosidl_generator_cExport.cmake
[59.900s] -- Installing: /home/wjs/cart_ros2/install/share/roboteq_interfaces/cmake/roboteq_interfaces__rosidl_generator_cExport-noconfig.cmake
[59.900s] -- Installing: /home/wjs/cart_ros2/install/share/roboteq_interfaces/cmake/roboteq_interfaces__rosidl_typesupport_introspection_cExport.cmake
[59.901s] -- Installing: /home/wjs/cart_ros2/install/share/roboteq_interfaces/cmake/roboteq_interfaces__rosidl_typesupport_introspection_cExport-noconfig.cmake
[59.902s] -- Installing: /home/wjs/cart_ros2/install/share/roboteq_interfaces/cmake/roboteq_interfaces__rosidl_typesupport_cExport.cmake
[59.903s] -- Installing: /home/wjs/cart_ros2/install/share/roboteq_interfaces/cmake/roboteq_interfaces__rosidl_typesupport_cExport-noconfig.cmake
[59.904s] -- Installing: /home/wjs/cart_ros2/install/share/roboteq_interfaces/cmake/roboteq_interfaces__rosidl_generator_cppExport.cmake
[59.905s] -- Installing: /home/wjs/cart_ros2/install/share/roboteq_interfaces/cmake/roboteq_interfaces__rosidl_typesupport_introspection_cppExport.cmake
[59.906s] -- Installing: /home/wjs/cart_ros2/install/share/roboteq_interfaces/cmake/roboteq_interfaces__rosidl_typesupport_introspection_cppExport-noconfig.cmake
[59.914s] -- Installing: /home/wjs/cart_ros2/install/share/roboteq_interfaces/cmake/roboteq_interfaces__rosidl_typesupport_cppExport.cmake
[59.919s] -- Installing: /home/wjs/cart_ros2/install/share/roboteq_interfaces/cmake/roboteq_interfaces__rosidl_typesupport_cppExport-noconfig.cmake
[59.924s] Invoked command in '/home/wjs/cart_ros2/build/roboteq_interfaces' returned '0': CMAKE_PREFIX_PATH=${CMAKE_PREFIX_PATH}:/opt/ros/galactic /usr/bin/cmake --install /home/wjs/cart_ros2/build/roboteq_interfaces
