[0.084s] Invoking command in '/home/wjs/cart_ros2/build/laser_filters': CMAKE_PREFIX_PATH=${CMAKE_PREFIX_PATH}:/opt/ros/galactic /usr/bin/cmake --build /home/wjs/cart_ros2/build/laser_filters -- -j4 -l4
[0.433s] [ 14%] Built target laser_scan_filters
[0.548s] [ 28%] Built target gtest_main
[0.720s] [ 42%] Built target scan_to_cloud_filter_chain
[0.888s] [ 57%] Built target scan_to_scan_filter_chain
[1.047s] [ 71%] Built target generic_laser_filter_node
[1.180s] [ 85%] Built target gtest
[1.337s] [100%] Built target test_scan_filter_chain
[1.408s] Invoked command in '/home/wjs/cart_ros2/build/laser_filters' returned '0': CMAKE_PREFIX_PATH=${CMAKE_PREFIX_PATH}:/opt/ros/galactic /usr/bin/cmake --build /home/wjs/cart_ros2/build/laser_filters -- -j4 -l4
[1.416s] Invoking command in '/home/wjs/cart_ros2/build/laser_filters': CMAKE_PREFIX_PATH=${CMAKE_PREFIX_PATH}:/opt/ros/galactic /usr/bin/cmake --install /home/wjs/cart_ros2/build/laser_filters
[1.464s] -- Install configuration: ""
[1.468s] -- Execute custom install script
[1.471s] -- Up-to-date symlink: /home/wjs/cart_ros2/install/share/laser_filters//laser_filters_plugins.xml
[1.476s] -- Up-to-date symlink: /home/wjs/cart_ros2/install/include/laser_filters/angular_bounds_filter.h
[1.478s] -- Up-to-date symlink: /home/wjs/cart_ros2/install/include/laser_filters/angular_bounds_filter_in_place.h
[1.479s] -- Up-to-date symlink: /home/wjs/cart_ros2/install/include/laser_filters/array_filter.h
[1.481s] -- Up-to-date symlink: /home/wjs/cart_ros2/install/include/laser_filters/box_filter.h
[1.482s] -- Up-to-date symlink: /home/wjs/cart_ros2/install/include/laser_filters/footprint_filter.h
[1.484s] -- Up-to-date symlink: /home/wjs/cart_ros2/install/include/laser_filters/intensity_filter.h
[1.485s] -- Up-to-date symlink: /home/wjs/cart_ros2/install/include/laser_filters/interpolation_filter.h
[1.487s] -- Up-to-date symlink: /home/wjs/cart_ros2/install/include/laser_filters/median_filter.h
[1.489s] -- Up-to-date symlink: /home/wjs/cart_ros2/install/include/laser_filters/range_filter.h
[1.491s] -- Up-to-date symlink: /home/wjs/cart_ros2/install/include/laser_filters/scan_mask_filter.h
[1.492s] -- Up-to-date symlink: /home/wjs/cart_ros2/install/include/laser_filters/scan_shadows_filter.h
[1.494s] -- Up-to-date symlink: /home/wjs/cart_ros2/install/include/laser_filters/speckle_filter.h
[1.496s] -- Up-to-date symlink: /home/wjs/cart_ros2/install/share/laser_filters/environment/library_path.sh
[1.501s] -- Up-to-date symlink: /home/wjs/cart_ros2/install/share/laser_filters/environment/library_path.dsv
[1.503s] -- Up-to-date symlink: /home/wjs/cart_ros2/install/lib/liblaser_scan_filters.so
[1.506s] -- Up-to-date symlink: /home/wjs/cart_ros2/install/lib/laser_filters/scan_to_cloud_filter_chain
[1.508s] -- Up-to-date symlink: /home/wjs/cart_ros2/install/lib/laser_filters/scan_to_scan_filter_chain
[1.511s] -- Up-to-date symlink: /home/wjs/cart_ros2/install/lib/laser_filters/generic_laser_filter_node
[1.517s] -- Up-to-date symlink: /home/wjs/cart_ros2/install/share/laser_filters/examples/box_filter_example.launch.py
[1.521s] -- Up-to-date symlink: /home/wjs/cart_ros2/install/share/laser_filters/examples/box_filter_example.yaml
[1.524s] -- Up-to-date symlink: /home/wjs/cart_ros2/install/share/laser_filters/examples/footprint_filter_example.launch.py
[1.526s] -- Up-to-date symlink: /home/wjs/cart_ros2/install/share/laser_filters/examples/footprint_filter_example.yaml
[1.527s] -- Up-to-date symlink: /home/wjs/cart_ros2/install/share/laser_filters/examples/intensity_filter_example.launch.py
[1.529s] -- Up-to-date symlink: /home/wjs/cart_ros2/install/share/laser_filters/examples/intensity_filter_example.yaml
[1.530s] -- Up-to-date symlink: /home/wjs/cart_ros2/install/share/laser_filters/examples/mask_filter_example.launch.py
[1.532s] -- Up-to-date symlink: /home/wjs/cart_ros2/install/share/laser_filters/examples/mask_filter_example.yaml
[1.533s] -- Up-to-date symlink: /home/wjs/cart_ros2/install/share/laser_filters/examples/median_filter_example.launch.py
[1.535s] -- Up-to-date symlink: /home/wjs/cart_ros2/install/share/laser_filters/examples/median_filter_example.yaml
[1.536s] -- Up-to-date symlink: /home/wjs/cart_ros2/install/share/laser_filters/examples/multiple_filters_example.launch.py
[1.538s] -- Up-to-date symlink: /home/wjs/cart_ros2/install/share/laser_filters/examples/multiple_filters_example.yaml
[1.539s] -- Up-to-date symlink: /home/wjs/cart_ros2/install/share/laser_filters/examples/pass_through_example.launch.py
[1.540s] -- Up-to-date symlink: /home/wjs/cart_ros2/install/share/laser_filters/examples/pass_through_example.yaml
[1.542s] -- Up-to-date symlink: /home/wjs/cart_ros2/install/share/laser_filters/examples/range_filter_example.launch.py
[1.543s] -- Up-to-date symlink: /home/wjs/cart_ros2/install/share/laser_filters/examples/range_filter_example.yaml
[1.546s] -- Up-to-date symlink: /home/wjs/cart_ros2/install/share/laser_filters/examples/shadow_filter_example.launch.py
[1.547s] -- Up-to-date symlink: /home/wjs/cart_ros2/install/share/laser_filters/examples/shadow_filter_example.yaml
[1.548s] -- Up-to-date symlink: /home/wjs/cart_ros2/install/share/laser_filters/examples/speckle_filter_example.launch
[1.550s] -- Up-to-date symlink: /home/wjs/cart_ros2/install/share/laser_filters/examples/speckle_filter_example.yaml
[1.552s] -- Up-to-date symlink: /home/wjs/cart_ros2/install/share/ament_index/resource_index/package_run_dependencies/laser_filters
[1.554s] -- Up-to-date symlink: /home/wjs/cart_ros2/install/share/ament_index/resource_index/parent_prefix_path/laser_filters
[1.556s] -- Up-to-date symlink: /home/wjs/cart_ros2/install/share/laser_filters/environment/ament_prefix_path.sh
[1.557s] -- Up-to-date symlink: /home/wjs/cart_ros2/install/share/laser_filters/environment/ament_prefix_path.dsv
[1.559s] -- Up-to-date symlink: /home/wjs/cart_ros2/install/share/laser_filters/environment/path.sh
[1.562s] -- Up-to-date symlink: /home/wjs/cart_ros2/install/share/laser_filters/environment/path.dsv
[1.567s] -- Up-to-date symlink: /home/wjs/cart_ros2/install/share/laser_filters/local_setup.bash
[1.570s] -- Up-to-date symlink: /home/wjs/cart_ros2/install/share/laser_filters/local_setup.sh
[1.571s] -- Up-to-date symlink: /home/wjs/cart_ros2/install/share/laser_filters/local_setup.zsh
[1.574s] -- Up-to-date symlink: /home/wjs/cart_ros2/install/share/laser_filters/local_setup.dsv
[1.574s] -- Symlinking: /home/wjs/cart_ros2/install/share/laser_filters/package.dsv
[1.625s] -- Up-to-date symlink: /home/wjs/cart_ros2/install/share/ament_index/resource_index/packages/laser_filters
[1.628s] -- Up-to-date symlink: /home/wjs/cart_ros2/install/share/ament_index/resource_index/filters__pluginlib__plugin/laser_filters
[1.630s] -- Up-to-date symlink: /home/wjs/cart_ros2/install/share/laser_filters/cmake/ament_cmake_export_dependencies-extras.cmake
[1.630s] -- Up-to-date symlink: /home/wjs/cart_ros2/install/share/laser_filters/cmake/ament_cmake_export_include_directories-extras.cmake
[1.632s] -- Up-to-date symlink: /home/wjs/cart_ros2/install/share/laser_filters/cmake/ament_cmake_export_libraries-extras.cmake
[1.633s] -- Up-to-date symlink: /home/wjs/cart_ros2/install/share/laser_filters/cmake/laser_filtersConfig.cmake
[1.634s] -- Up-to-date symlink: /home/wjs/cart_ros2/install/share/laser_filters/cmake/laser_filtersConfig-version.cmake
[1.636s] -- Up-to-date symlink: /home/wjs/cart_ros2/install/share/laser_filters/package.xml
[1.639s] -- Up-to-date symlink: /home/wjs/cart_ros2/install/share/laser_filters/config_filter/angle_filter_F.yaml
[1.640s] -- Up-to-date symlink: /home/wjs/cart_ros2/install/share/laser_filters/config_filter/angle_filter_R.yaml
[1.657s] Invoked command in '/home/wjs/cart_ros2/build/laser_filters' returned '0': CMAKE_PREFIX_PATH=${CMAKE_PREFIX_PATH}:/opt/ros/galactic /usr/bin/cmake --install /home/wjs/cart_ros2/build/laser_filters
