running develop
running egg_info
creating agv_body.egg-info
writing agv_body.egg-info/PKG-INFO
writing dependency_links to agv_body.egg-info/dependency_links.txt
writing entry points to agv_body.egg-info/entry_points.txt
writing requirements to agv_body.egg-info/requires.txt
writing top-level names to agv_body.egg-info/top_level.txt
writing manifest file 'agv_body.egg-info/SOURCES.txt'
reading manifest file 'agv_body.egg-info/SOURCES.txt'
writing manifest file 'agv_body.egg-info/SOURCES.txt'
running build_ext
Creating /home/wjs/cart_ros2/install/lib/python3.8/site-packages/site.py
Creating /home/wjs/cart_ros2/install/lib/python3.8/site-packages/agv-body.egg-link (link to .)

Installed /home/wjs/cart_ros2/build/agv_body
running symlink_data
symbolically linking /home/wjs/cart_ros2/build/agv_body/resource/agv_body -> /home/wjs/cart_ros2/install/share/ament_index/resource_index/packages
symbolically linking /home/wjs/cart_ros2/build/agv_body/package.xml -> /home/wjs/cart_ros2/install/share/agv_body
symbolically linking /home/wjs/cart_ros2/build/agv_body/launch/agv_body.launch.py -> /home/wjs/cart_ros2/install/share/agv_body
symbolically linking /home/wjs/cart_ros2/build/agv_body/launch/agv_body.launch (copy).py -> /home/wjs/cart_ros2/install/share/agv_body
symbolically linking /home/wjs/cart_ros2/build/agv_body/urdf/cart_body.dae -> /home/wjs/cart_ros2/install/share/agv_body
symbolically linking /home/wjs/cart_ros2/build/agv_body/urdf/AGV_v6.urdf.bak_20260203_144315 -> /home/wjs/cart_ros2/install/share/agv_body
symbolically linking /home/wjs/cart_ros2/build/agv_body/urdf/AGV_v6.urdf -> /home/wjs/cart_ros2/install/share/agv_body
symbolically linking /home/wjs/cart_ros2/build/agv_body/urdf/cart_body.rviz -> /home/wjs/cart_ros2/install/share/agv_body
