[5.063s] Invoking command in '/home/wjs/cart_ros2/build/agv_body': PYTHONPATH=/home/wjs/cart_ros2/build/agv_body/prefix_override:/usr/lib/python3/dist-packages/colcon_core/task/python/colcon_distutils_commands:/home/wjs/cart_ros2/install/lib/python3.8/site-packages:${PYTHONPATH} /usr/bin/python3 -W ignore:setup.py install is deprecated -W ignore:easy_install command is deprecated setup.py develop --editable --build-directory /home/wjs/cart_ros2/build/agv_body/build --no-deps symlink_data
[6.919s] running develop
[9.064s] running egg_info
[9.066s] creating agv_body.egg-info
[9.070s] writing agv_body.egg-info/PKG-INFO
[9.071s] writing dependency_links to agv_body.egg-info/dependency_links.txt
[9.073s] writing entry points to agv_body.egg-info/entry_points.txt
[9.075s] writing requirements to agv_body.egg-info/requires.txt
[9.081s] writing top-level names to agv_body.egg-info/top_level.txt
[9.105s] writing manifest file 'agv_body.egg-info/SOURCES.txt'
[9.569s] reading manifest file 'agv_body.egg-info/SOURCES.txt'
[9.605s] writing manifest file 'agv_body.egg-info/SOURCES.txt'
[10.191s] running build_ext
[10.199s] Creating /home/wjs/cart_ros2/install/lib/python3.8/site-packages/site.py
[10.216s] Creating /home/wjs/cart_ros2/install/lib/python3.8/site-packages/agv-body.egg-link (link to .)
[10.220s] 
[10.220s] Installed /home/wjs/cart_ros2/build/agv_body
[10.221s] running symlink_data
[10.221s] symbolically linking /home/wjs/cart_ros2/build/agv_body/resource/agv_body -> /home/wjs/cart_ros2/install/share/ament_index/resource_index/packages
[10.222s] symbolically linking /home/wjs/cart_ros2/build/agv_body/package.xml -> /home/wjs/cart_ros2/install/share/agv_body
[10.222s] symbolically linking /home/wjs/cart_ros2/build/agv_body/launch/agv_body.launch.py -> /home/wjs/cart_ros2/install/share/agv_body
[10.222s] symbolically linking /home/wjs/cart_ros2/build/agv_body/launch/agv_body.launch (copy).py -> /home/wjs/cart_ros2/install/share/agv_body
[10.223s] symbolically linking /home/wjs/cart_ros2/build/agv_body/urdf/cart_body.dae -> /home/wjs/cart_ros2/install/share/agv_body
[10.223s] symbolically linking /home/wjs/cart_ros2/build/agv_body/urdf/AGV_v6.urdf.bak_20260203_144315 -> /home/wjs/cart_ros2/install/share/agv_body
[10.223s] symbolically linking /home/wjs/cart_ros2/build/agv_body/urdf/AGV_v6.urdf -> /home/wjs/cart_ros2/install/share/agv_body
[10.224s] symbolically linking /home/wjs/cart_ros2/build/agv_body/urdf/cart_body.rviz -> /home/wjs/cart_ros2/install/share/agv_body
[11.725s] Invoked command in '/home/wjs/cart_ros2/build/agv_body' returned '0': PYTHONPATH=/home/wjs/cart_ros2/build/agv_body/prefix_override:/usr/lib/python3/dist-packages/colcon_core/task/python/colcon_distutils_commands:/home/wjs/cart_ros2/install/lib/python3.8/site-packages:${PYTHONPATH} /usr/bin/python3 -W ignore:setup.py install is deprecated -W ignore:easy_install command is deprecated setup.py develop --editable --build-directory /home/wjs/cart_ros2/build/agv_body/build --no-deps symlink_data
