[0.123s] Invoking command in '/home/wjs/cart_ros2/build/laser_filters': CMAKE_PREFIX_PATH=${CMAKE_PREFIX_PATH}:/opt/ros/galactic /usr/bin/cmake --build /home/wjs/cart_ros2/build/laser_filters -- -j4 -l4
[0.615s] [ 14%] Built target gtest
[0.653s] [ 28%] Built target gtest_main
[0.759s] [ 42%] Built target laser_scan_filters
[1.109s] [ 57%] Built target test_scan_filter_chain
[1.139s] [ 71%] Built target generic_laser_filter_node
[1.161s] [ 85%] Built target scan_to_cloud_filter_chain
[1.174s] [100%] Built target scan_to_scan_filter_chain
[1.247s] Invoked command in '/home/wjs/cart_ros2/build/laser_filters' returned '0': CMAKE_PREFIX_PATH=${CMAKE_PREFIX_PATH}:/opt/ros/galactic /usr/bin/cmake --build /home/wjs/cart_ros2/build/laser_filters -- -j4 -l4
[1.273s] Invoking command in '/home/wjs/cart_ros2/build/laser_filters': CMAKE_PREFIX_PATH=${CMAKE_PREFIX_PATH}:/opt/ros/galactic /usr/bin/cmake --install /home/wjs/cart_ros2/build/laser_filters
[1.339s] -- Install configuration: ""
[1.346s] -- Execute custom install script
[1.348s] -- Up-to-date symlink: /home/wjs/cart_ros2/install/share/laser_filters//laser_filters_plugins.xml
[1.352s] -- Up-to-date symlink: /home/wjs/cart_ros2/install/include/laser_filters/angular_bounds_filter.h
[1.353s] -- Up-to-date symlink: /home/wjs/cart_ros2/install/include/laser_filters/angular_bounds_filter_in_place.h
[1.354s] -- Up-to-date symlink: /home/wjs/cart_ros2/install/include/laser_filters/array_filter.h
[1.355s] -- Up-to-date symlink: /home/wjs/cart_ros2/install/include/laser_filters/box_filter.h
[1.356s] -- Up-to-date symlink: /home/wjs/cart_ros2/install/include/laser_filters/footprint_filter.h
[1.358s] -- Up-to-date symlink: /home/wjs/cart_ros2/install/include/laser_filters/intensity_filter.h
[1.359s] -- Up-to-date symlink: /home/wjs/cart_ros2/install/include/laser_filters/interpolation_filter.h
[1.360s] -- Up-to-date symlink: /home/wjs/cart_ros2/install/include/laser_filters/median_filter.h
[1.361s] -- Up-to-date symlink: /home/wjs/cart_ros2/install/include/laser_filters/range_filter.h
[1.362s] -- Up-to-date symlink: /home/wjs/cart_ros2/install/include/laser_filters/scan_mask_filter.h
[1.364s] -- Up-to-date symlink: /home/wjs/cart_ros2/install/include/laser_filters/scan_shadows_filter.h
[1.365s] -- Up-to-date symlink: /home/wjs/cart_ros2/install/include/laser_filters/speckle_filter.h
[1.375s] -- Up-to-date symlink: /home/wjs/cart_ros2/install/share/laser_filters/environment/library_path.sh
[1.380s] -- Up-to-date symlink: /home/wjs/cart_ros2/install/share/laser_filters/environment/library_path.dsv
[1.381s] -- Up-to-date symlink: /home/wjs/cart_ros2/install/lib/liblaser_scan_filters.so
[1.389s] -- Up-to-date symlink: /home/wjs/cart_ros2/install/lib/laser_filters/scan_to_cloud_filter_chain
[1.390s] -- Up-to-date symlink: /home/wjs/cart_ros2/install/lib/laser_filters/scan_to_scan_filter_chain
[1.391s] -- Up-to-date symlink: /home/wjs/cart_ros2/install/lib/laser_filters/generic_laser_filter_node
[1.403s] -- Up-to-date symlink: /home/wjs/cart_ros2/install/share/laser_filters/examples/box_filter_example.launch.py
[1.405s] -- Up-to-date symlink: /home/wjs/cart_ros2/install/share/laser_filters/examples/box_filter_example.yaml
[1.407s] -- Up-to-date symlink: /home/wjs/cart_ros2/install/share/laser_filters/examples/footprint_filter_example.launch.py
[1.409s] -- Up-to-date symlink: /home/wjs/cart_ros2/install/share/laser_filters/examples/footprint_filter_example.yaml
[1.411s] -- Up-to-date symlink: /home/wjs/cart_ros2/install/share/laser_filters/examples/intensity_filter_example.launch.py
[1.417s] -- Up-to-date symlink: /home/wjs/cart_ros2/install/share/laser_filters/examples/intensity_filter_example.yaml
[1.419s] -- Up-to-date symlink: /home/wjs/cart_ros2/install/share/laser_filters/examples/mask_filter_example.launch.py
[1.421s] -- Up-to-date symlink: /home/wjs/cart_ros2/install/share/laser_filters/examples/mask_filter_example.yaml
[1.423s] -- Up-to-date symlink: /home/wjs/cart_ros2/install/share/laser_filters/examples/median_filter_example.launch.py
[1.425s] -- Up-to-date symlink: /home/wjs/cart_ros2/install/share/laser_filters/examples/median_filter_example.yaml
[1.426s] -- Up-to-date symlink: /home/wjs/cart_ros2/install/share/laser_filters/examples/multiple_filters_example.launch.py
[1.427s] -- Up-to-date symlink: /home/wjs/cart_ros2/install/share/laser_filters/examples/multiple_filters_example.yaml
[1.430s] -- Up-to-date symlink: /home/wjs/cart_ros2/install/share/laser_filters/examples/pass_through_example.launch.py
[1.431s] -- Up-to-date symlink: /home/wjs/cart_ros2/install/share/laser_filters/examples/pass_through_example.yaml
[1.453s] -- Up-to-date symlink: /home/wjs/cart_ros2/install/share/laser_filters/examples/range_filter_example.launch.py
[1.454s] -- Up-to-date symlink: /home/wjs/cart_ros2/install/share/laser_filters/examples/range_filter_example.yaml
[1.454s] -- Up-to-date symlink: /home/wjs/cart_ros2/install/share/laser_filters/examples/shadow_filter_example.launch.py
[1.454s] -- Up-to-date symlink: /home/wjs/cart_ros2/install/share/laser_filters/examples/shadow_filter_example.yaml
[1.455s] -- Up-to-date symlink: /home/wjs/cart_ros2/install/share/laser_filters/examples/speckle_filter_example.launch
[1.455s] -- Up-to-date symlink: /home/wjs/cart_ros2/install/share/laser_filters/examples/speckle_filter_example.yaml
[1.456s] -- Up-to-date symlink: /home/wjs/cart_ros2/install/share/ament_index/resource_index/package_run_dependencies/laser_filters
[1.456s] -- Up-to-date symlink: /home/wjs/cart_ros2/install/share/ament_index/resource_index/parent_prefix_path/laser_filters
[1.457s] -- Up-to-date symlink: /home/wjs/cart_ros2/install/share/laser_filters/environment/ament_prefix_path.sh
[1.457s] -- Up-to-date symlink: /home/wjs/cart_ros2/install/share/laser_filters/environment/ament_prefix_path.dsv
[1.457s] -- Up-to-date symlink: /home/wjs/cart_ros2/install/share/laser_filters/environment/path.sh
[1.458s] -- Up-to-date symlink: /home/wjs/cart_ros2/install/share/laser_filters/environment/path.dsv
[1.458s] -- Up-to-date symlink: /home/wjs/cart_ros2/install/share/laser_filters/local_setup.bash
[1.458s] -- Up-to-date symlink: /home/wjs/cart_ros2/install/share/laser_filters/local_setup.sh
[1.461s] -- Up-to-date symlink: /home/wjs/cart_ros2/install/share/laser_filters/local_setup.zsh
[1.462s] -- Up-to-date symlink: /home/wjs/cart_ros2/install/share/laser_filters/local_setup.dsv
[1.462s] -- Symlinking: /home/wjs/cart_ros2/install/share/laser_filters/package.dsv
[1.526s] -- Up-to-date symlink: /home/wjs/cart_ros2/install/share/ament_index/resource_index/packages/laser_filters
[1.527s] -- Up-to-date symlink: /home/wjs/cart_ros2/install/share/ament_index/resource_index/filters__pluginlib__plugin/laser_filters
[1.538s] -- Up-to-date symlink: /home/wjs/cart_ros2/install/share/laser_filters/cmake/ament_cmake_export_dependencies-extras.cmake
[1.539s] -- Up-to-date symlink: /home/wjs/cart_ros2/install/share/laser_filters/cmake/ament_cmake_export_include_directories-extras.cmake
[1.541s] -- Up-to-date symlink: /home/wjs/cart_ros2/install/share/laser_filters/cmake/ament_cmake_export_libraries-extras.cmake
[1.545s] -- Up-to-date symlink: /home/wjs/cart_ros2/install/share/laser_filters/cmake/laser_filtersConfig.cmake
[1.545s] -- Up-to-date symlink: /home/wjs/cart_ros2/install/share/laser_filters/cmake/laser_filtersConfig-version.cmake
[1.546s] -- Up-to-date symlink: /home/wjs/cart_ros2/install/share/laser_filters/package.xml
[1.549s] -- Up-to-date symlink: /home/wjs/cart_ros2/install/share/laser_filters/config_filter/angle_filter_F.yaml
[1.550s] -- Up-to-date symlink: /home/wjs/cart_ros2/install/share/laser_filters/config_filter/angle_filter_R.yaml
[1.565s] Invoked command in '/home/wjs/cart_ros2/build/laser_filters' returned '0': CMAKE_PREFIX_PATH=${CMAKE_PREFIX_PATH}:/opt/ros/galactic /usr/bin/cmake --install /home/wjs/cart_ros2/build/laser_filters
