[0.208s] Invoking command in '/home/wjs/cart_ros2/build/serial': CMAKE_PREFIX_PATH=${CMAKE_PREFIX_PATH}:/opt/ros/galactic /usr/bin/cmake --build /home/wjs/cart_ros2/build/serial -- -j4 -l4
[1.506s] [100%] Built target serial
[1.571s] Invoked command in '/home/wjs/cart_ros2/build/serial' returned '0': CMAKE_PREFIX_PATH=${CMAKE_PREFIX_PATH}:/opt/ros/galactic /usr/bin/cmake --build /home/wjs/cart_ros2/build/serial -- -j4 -l4
[1.582s] Invoking command in '/home/wjs/cart_ros2/build/serial': CMAKE_PREFIX_PATH=${CMAKE_PREFIX_PATH}:/opt/ros/galactic /usr/bin/cmake --install /home/wjs/cart_ros2/build/serial
[1.637s] -- Install configuration: ""
[1.648s] -- Execute custom install script
[1.649s] -- Up-to-date symlink: /home/wjs/cart_ros2/install/share/serial/environment/library_path.sh
[1.653s] -- Up-to-date symlink: /home/wjs/cart_ros2/install/share/serial/environment/library_path.dsv
[1.655s] -- Up-to-date symlink: /home/wjs/cart_ros2/install/lib/libserial.a
[1.656s] -- Up-to-date symlink: /home/wjs/cart_ros2/install/include/serial/serial.h
[1.661s] -- Up-to-date symlink: /home/wjs/cart_ros2/install/include/serial/v8stdint.h
[1.663s] -- Up-to-date symlink: /home/wjs/cart_ros2/install/share/ament_index/resource_index/package_run_dependencies/serial
[1.663s] -- Up-to-date symlink: /home/wjs/cart_ros2/install/share/ament_index/resource_index/parent_prefix_path/serial
[1.665s] -- Up-to-date symlink: /home/wjs/cart_ros2/install/share/serial/environment/ament_prefix_path.sh
[1.666s] -- Up-to-date symlink: /home/wjs/cart_ros2/install/share/serial/environment/ament_prefix_path.dsv
[1.667s] -- Up-to-date symlink: /home/wjs/cart_ros2/install/share/serial/environment/path.sh
[1.669s] -- Up-to-date symlink: /home/wjs/cart_ros2/install/share/serial/environment/path.dsv
[1.670s] -- Up-to-date symlink: /home/wjs/cart_ros2/install/share/serial/local_setup.bash
[1.671s] -- Up-to-date symlink: /home/wjs/cart_ros2/install/share/serial/local_setup.sh
[1.674s] -- Up-to-date symlink: /home/wjs/cart_ros2/install/share/serial/local_setup.zsh
[1.675s] -- Up-to-date symlink: /home/wjs/cart_ros2/install/share/serial/local_setup.dsv
[1.676s] -- Symlinking: /home/wjs/cart_ros2/install/share/serial/package.dsv
[1.746s] -- Up-to-date symlink: /home/wjs/cart_ros2/install/share/ament_index/resource_index/packages/serial
[1.746s] -- Up-to-date symlink: /home/wjs/cart_ros2/install/share/serial/cmake/ament_cmake_export_include_directories-extras.cmake
[1.747s] -- Up-to-date symlink: /home/wjs/cart_ros2/install/share/serial/cmake/ament_cmake_export_libraries-extras.cmake
[1.747s] -- Up-to-date symlink: /home/wjs/cart_ros2/install/share/serial/cmake/serialConfig.cmake
[1.748s] -- Up-to-date symlink: /home/wjs/cart_ros2/install/share/serial/cmake/serialConfig-version.cmake
[1.748s] -- Up-to-date symlink: /home/wjs/cart_ros2/install/share/serial/package.xml
[1.777s] Invoked command in '/home/wjs/cart_ros2/build/serial' returned '0': CMAKE_PREFIX_PATH=${CMAKE_PREFIX_PATH}:/opt/ros/galactic /usr/bin/cmake --install /home/wjs/cart_ros2/build/serial
