-- The C compiler identification is GNU 10.5.0
-- The CXX compiler identification is GNU 10.5.0
-- Check for working C compiler: /usr/bin/cc
-- Check for working C compiler: /usr/bin/cc -- works
-- Detecting C compiler ABI info
-- Detecting C compiler ABI info - done
-- Detecting C compile features
-- Detecting C compile features - done
-- Check for working CXX compiler: /usr/bin/c++
-- Check for working CXX compiler: /usr/bin/c++ -- works
-- Detecting CXX compiler ABI info
-- Detecting CXX compiler ABI info - done
-- Detecting CXX compile features
-- Detecting CXX compile features - done
-- Found ament_cmake: 1.1.6 (/opt/ros/galactic/share/ament_cmake/cmake)
-- Found PythonInterp: /usr/bin/python3 (found suitable version "3.8.10", minimum required is "3") 
-- Using PYTHON_EXECUTABLE: /usr/bin/python3
-- Override CMake install command with custom implementation using symlinks instead of copying resources
-- Found rclcpp: 9.2.2 (/opt/ros/galactic/share/rclcpp/cmake)
-- Using all available rosidl_typesupport_c: rosidl_typesupport_fastrtps_c;rosidl_typesupport_introspection_c
-- Found rosidl_adapter: 2.2.3 (/opt/ros/galactic/share/rosidl_adapter/cmake)
-- Found OpenSSL: /usr/lib/aarch64-linux-gnu/libcrypto.so (found version "1.1.1f")  
-- Found FastRTPS: /opt/ros/galactic/include  
-- Using all available rosidl_typesupport_cpp: rosidl_typesupport_fastrtps_cpp;rosidl_typesupport_introspection_cpp
-- Found rmw_implementation_cmake: 3.3.1 (/opt/ros/galactic/share/rmw_implementation_cmake/cmake)
-- Found rmw_cyclonedds_cpp: 0.22.6 (/opt/ros/galactic/share/rmw_cyclonedds_cpp/cmake)
-- Using RMW implementation 'rmw_cyclonedds_cpp' as default
-- Looking for pthread.h
-- Looking for pthread.h - found
-- Performing Test CMAKE_HAVE_LIBC_PTHREAD
-- Performing Test CMAKE_HAVE_LIBC_PTHREAD - Failed
-- Looking for pthread_create in pthreads
-- Looking for pthread_create in pthreads - not found
-- Looking for pthread_create in pthread
-- Looking for pthread_create in pthread - found
-- Found Threads: TRUE  
-- Found sensor_msgs: 2.2.4 (/opt/ros/galactic/share/sensor_msgs/cmake)
-- Found tf2: 0.17.5 (/opt/ros/galactic/share/tf2/cmake)
-- Found tf2_ros: 0.17.5 (/opt/ros/galactic/share/tf2_ros/cmake)
-- Configuring done
-- Generating done
-- Build files have been written to: /home/wjs/cart_ros2/build/stella_ahrs
[35m[1mScanning dependencies of target stella_ahrs_node[0m
[ 16%] [32mBuilding CXX object CMakeFiles/stella_ahrs_node.dir/src/listener.cpp.o[0m
[ 33%] [32mBuilding CXX object CMakeFiles/stella_ahrs_node.dir/serial/unix.cc.o[0m
[ 50%] [32mBuilding CXX object CMakeFiles/stella_ahrs_node.dir/mw/mw_ahrs.cpp.o[0m
[ 66%] [32mBuilding CXX object CMakeFiles/stella_ahrs_node.dir/serial/serial.cc.o[0m
[ 83%] [32mBuilding CXX object CMakeFiles/stella_ahrs_node.dir/serial/list_ports_linux.cc.o[0m
[100%] [32m[1mLinking CXX executable stella_ahrs_node[0m
[100%] Built target stella_ahrs_node
-- Install configuration: ""
-- Execute custom install script
-- Symlinking: /home/wjs/cart_ros2/install/share/stella_ahrs//launch/stella_ahrs_launch.py
-- Symlinking: /home/wjs/cart_ros2/install/share/stella_ahrs/rviz/imu_test.rviz
-- Symlinking: /home/wjs/cart_ros2/install/lib/stella_ahrs/stella_ahrs_node
-- Symlinking: /home/wjs/cart_ros2/install/share/ament_index/resource_index/package_run_dependencies/stella_ahrs
-- Symlinking: /home/wjs/cart_ros2/install/share/ament_index/resource_index/parent_prefix_path/stella_ahrs
-- Symlinking: /home/wjs/cart_ros2/install/share/stella_ahrs/environment/ament_prefix_path.sh
-- Symlinking: /home/wjs/cart_ros2/install/share/stella_ahrs/environment/ament_prefix_path.dsv
-- Symlinking: /home/wjs/cart_ros2/install/share/stella_ahrs/environment/path.sh
-- Symlinking: /home/wjs/cart_ros2/install/share/stella_ahrs/environment/path.dsv
-- Symlinking: /home/wjs/cart_ros2/install/share/stella_ahrs/local_setup.bash
-- Symlinking: /home/wjs/cart_ros2/install/share/stella_ahrs/local_setup.sh
-- Symlinking: /home/wjs/cart_ros2/install/share/stella_ahrs/local_setup.zsh
-- Symlinking: /home/wjs/cart_ros2/install/share/stella_ahrs/local_setup.dsv
-- Symlinking: /home/wjs/cart_ros2/install/share/stella_ahrs/package.dsv
-- Symlinking: /home/wjs/cart_ros2/install/share/ament_index/resource_index/packages/stella_ahrs
-- Symlinking: /home/wjs/cart_ros2/install/share/stella_ahrs/cmake/ament_cmake_export_include_directories-extras.cmake
-- Symlinking: /home/wjs/cart_ros2/install/share/stella_ahrs/cmake/stella_ahrsConfig.cmake
-- Symlinking: /home/wjs/cart_ros2/install/share/stella_ahrs/cmake/stella_ahrsConfig-version.cmake
-- Symlinking: /home/wjs/cart_ros2/install/share/stella_ahrs/package.xml
