[2.315s] Invoking command in '/home/wjs/cart_ros2/build/ira_laser_tools': CMAKE_PREFIX_PATH=${CMAKE_PREFIX_PATH}:/opt/ros/galactic /usr/bin/cmake --build /home/wjs/cart_ros2/build/ira_laser_tools -- -j4 -l4
[2.759s] [ 50%] Built target laserscan_multi_merger
[2.876s] [100%] Built target laserscan_virtualizer
[2.963s] Invoked command in '/home/wjs/cart_ros2/build/ira_laser_tools' returned '0': CMAKE_PREFIX_PATH=${CMAKE_PREFIX_PATH}:/opt/ros/galactic /usr/bin/cmake --build /home/wjs/cart_ros2/build/ira_laser_tools -- -j4 -l4
[2.967s] Invoking command in '/home/wjs/cart_ros2/build/ira_laser_tools': CMAKE_PREFIX_PATH=${CMAKE_PREFIX_PATH}:/opt/ros/galactic /usr/bin/cmake --install /home/wjs/cart_ros2/build/ira_laser_tools
[3.027s] -- Install configuration: ""
[3.031s] -- Execute custom install script
[3.034s] -- Up-to-date symlink: /home/wjs/cart_ros2/install/lib/ira_laser_tools/laserscan_multi_merger
[3.037s] -- Up-to-date symlink: /home/wjs/cart_ros2/install/lib/ira_laser_tools/laserscan_virtualizer
[3.043s] -- Up-to-date symlink: /home/wjs/cart_ros2/install/share/ira_laser_tools/launch/laserscan_multi_merger.launch
[3.045s] -- Up-to-date symlink: /home/wjs/cart_ros2/install/share/ira_laser_tools/launch/laserscan_virtualizer.launch
[3.047s] -- Up-to-date symlink: /home/wjs/cart_ros2/install/share/ira_laser_tools/launch/merge_multi.launch.py
[3.050s] -- Up-to-date symlink: /home/wjs/cart_ros2/install/share/ira_laser_tools/config/laserscan_merge.yaml
[3.052s] -- Up-to-date symlink: /home/wjs/cart_ros2/install/share/ament_index/resource_index/package_run_dependencies/ira_laser_tools
[3.054s] -- Up-to-date symlink: /home/wjs/cart_ros2/install/share/ament_index/resource_index/parent_prefix_path/ira_laser_tools
[3.056s] -- Up-to-date symlink: /home/wjs/cart_ros2/install/share/ira_laser_tools/environment/ament_prefix_path.sh
[3.059s] -- Up-to-date symlink: /home/wjs/cart_ros2/install/share/ira_laser_tools/environment/ament_prefix_path.dsv
[3.061s] -- Up-to-date symlink: /home/wjs/cart_ros2/install/share/ira_laser_tools/environment/path.sh
[3.063s] -- Up-to-date symlink: /home/wjs/cart_ros2/install/share/ira_laser_tools/environment/path.dsv
[3.066s] -- Up-to-date symlink: /home/wjs/cart_ros2/install/share/ira_laser_tools/local_setup.bash
[3.068s] -- Up-to-date symlink: /home/wjs/cart_ros2/install/share/ira_laser_tools/local_setup.sh
[3.070s] -- Up-to-date symlink: /home/wjs/cart_ros2/install/share/ira_laser_tools/local_setup.zsh
[3.072s] -- Up-to-date symlink: /home/wjs/cart_ros2/install/share/ira_laser_tools/local_setup.dsv
[3.074s] -- Symlinking: /home/wjs/cart_ros2/install/share/ira_laser_tools/package.dsv
[3.131s] -- Up-to-date symlink: /home/wjs/cart_ros2/install/share/ament_index/resource_index/packages/ira_laser_tools
[3.134s] -- Up-to-date symlink: /home/wjs/cart_ros2/install/share/ira_laser_tools/cmake/ament_cmake_export_dependencies-extras.cmake
[3.136s] -- Up-to-date symlink: /home/wjs/cart_ros2/install/share/ira_laser_tools/cmake/ira_laser_toolsConfig.cmake
[3.138s] -- Up-to-date symlink: /home/wjs/cart_ros2/install/share/ira_laser_tools/cmake/ira_laser_toolsConfig-version.cmake
[3.140s] -- Up-to-date symlink: /home/wjs/cart_ros2/install/share/ira_laser_tools/package.xml
[3.155s] Invoked command in '/home/wjs/cart_ros2/build/ira_laser_tools' returned '0': CMAKE_PREFIX_PATH=${CMAKE_PREFIX_PATH}:/opt/ros/galactic /usr/bin/cmake --install /home/wjs/cart_ros2/build/ira_laser_tools
