[0.104s] Invoking command in '/home/wjs/cart_ros2/build/laser_filters': CMAKE_PREFIX_PATH=${CMAKE_PREFIX_PATH}:/opt/ros/galactic /usr/bin/cmake --build /home/wjs/cart_ros2/build/laser_filters -- -j4 -l4
[0.648s] [ 14%] Built target gtest_main
[0.742s] [ 28%] Built target gtest
[0.827s] [ 42%] Built target laser_scan_filters
[1.164s] [ 57%] Built target scan_to_cloud_filter_chain
[1.176s] [ 71%] Built target test_scan_filter_chain
[1.227s] [ 85%] Built target generic_laser_filter_node
[1.247s] [100%] Built target scan_to_scan_filter_chain
[1.318s] Invoked command in '/home/wjs/cart_ros2/build/laser_filters' returned '0': CMAKE_PREFIX_PATH=${CMAKE_PREFIX_PATH}:/opt/ros/galactic /usr/bin/cmake --build /home/wjs/cart_ros2/build/laser_filters -- -j4 -l4
[1.344s] Invoking command in '/home/wjs/cart_ros2/build/laser_filters': CMAKE_PREFIX_PATH=${CMAKE_PREFIX_PATH}:/opt/ros/galactic /usr/bin/cmake --install /home/wjs/cart_ros2/build/laser_filters
[1.393s] -- Install configuration: ""
[1.399s] -- Execute custom install script
[1.401s] -- Up-to-date symlink: /home/wjs/cart_ros2/install/share/laser_filters//laser_filters_plugins.xml
[1.420s] -- Up-to-date symlink: /home/wjs/cart_ros2/install/include/laser_filters/angular_bounds_filter.h
[1.421s] -- Up-to-date symlink: /home/wjs/cart_ros2/install/include/laser_filters/angular_bounds_filter_in_place.h
[1.421s] -- Up-to-date symlink: /home/wjs/cart_ros2/install/include/laser_filters/array_filter.h
[1.421s] -- Up-to-date symlink: /home/wjs/cart_ros2/install/include/laser_filters/box_filter.h
[1.422s] -- Up-to-date symlink: /home/wjs/cart_ros2/install/include/laser_filters/footprint_filter.h
[1.422s] -- Up-to-date symlink: /home/wjs/cart_ros2/install/include/laser_filters/intensity_filter.h
[1.422s] -- Up-to-date symlink: /home/wjs/cart_ros2/install/include/laser_filters/interpolation_filter.h
[1.422s] -- Up-to-date symlink: /home/wjs/cart_ros2/install/include/laser_filters/median_filter.h
[1.423s] -- Up-to-date symlink: /home/wjs/cart_ros2/install/include/laser_filters/range_filter.h
[1.423s] -- Up-to-date symlink: /home/wjs/cart_ros2/install/include/laser_filters/scan_mask_filter.h
[1.423s] -- Up-to-date symlink: /home/wjs/cart_ros2/install/include/laser_filters/scan_shadows_filter.h
[1.424s] -- Up-to-date symlink: /home/wjs/cart_ros2/install/include/laser_filters/speckle_filter.h
[1.435s] -- Up-to-date symlink: /home/wjs/cart_ros2/install/share/laser_filters/environment/library_path.sh
[1.435s] -- Up-to-date symlink: /home/wjs/cart_ros2/install/share/laser_filters/environment/library_path.dsv
[1.435s] -- Up-to-date symlink: /home/wjs/cart_ros2/install/lib/liblaser_scan_filters.so
[1.439s] -- Up-to-date symlink: /home/wjs/cart_ros2/install/lib/laser_filters/scan_to_cloud_filter_chain
[1.443s] -- Up-to-date symlink: /home/wjs/cart_ros2/install/lib/laser_filters/scan_to_scan_filter_chain
[1.443s] -- Up-to-date symlink: /home/wjs/cart_ros2/install/lib/laser_filters/generic_laser_filter_node
[1.448s] -- Up-to-date symlink: /home/wjs/cart_ros2/install/share/laser_filters/examples/box_filter_example.launch.py
[1.449s] -- Up-to-date symlink: /home/wjs/cart_ros2/install/share/laser_filters/examples/box_filter_example.yaml
[1.449s] -- Up-to-date symlink: /home/wjs/cart_ros2/install/share/laser_filters/examples/footprint_filter_example.launch.py
[1.450s] -- Up-to-date symlink: /home/wjs/cart_ros2/install/share/laser_filters/examples/footprint_filter_example.yaml
[1.450s] -- Up-to-date symlink: /home/wjs/cart_ros2/install/share/laser_filters/examples/intensity_filter_example.launch.py
[1.450s] -- Up-to-date symlink: /home/wjs/cart_ros2/install/share/laser_filters/examples/intensity_filter_example.yaml
[1.451s] -- Up-to-date symlink: /home/wjs/cart_ros2/install/share/laser_filters/examples/mask_filter_example.launch.py
[1.451s] -- Up-to-date symlink: /home/wjs/cart_ros2/install/share/laser_filters/examples/mask_filter_example.yaml
[1.453s] -- Up-to-date symlink: /home/wjs/cart_ros2/install/share/laser_filters/examples/median_filter_example.launch.py
[1.453s] -- Up-to-date symlink: /home/wjs/cart_ros2/install/share/laser_filters/examples/median_filter_example.yaml
[1.456s] -- Up-to-date symlink: /home/wjs/cart_ros2/install/share/laser_filters/examples/multiple_filters_example.launch.py
[1.456s] -- Up-to-date symlink: /home/wjs/cart_ros2/install/share/laser_filters/examples/multiple_filters_example.yaml
[1.459s] -- Up-to-date symlink: /home/wjs/cart_ros2/install/share/laser_filters/examples/pass_through_example.launch.py
[1.459s] -- Up-to-date symlink: /home/wjs/cart_ros2/install/share/laser_filters/examples/pass_through_example.yaml
[1.460s] -- Up-to-date symlink: /home/wjs/cart_ros2/install/share/laser_filters/examples/range_filter_example.launch.py
[1.462s] -- Up-to-date symlink: /home/wjs/cart_ros2/install/share/laser_filters/examples/range_filter_example.yaml
[1.463s] -- Up-to-date symlink: /home/wjs/cart_ros2/install/share/laser_filters/examples/shadow_filter_example.launch.py
[1.465s] -- Up-to-date symlink: /home/wjs/cart_ros2/install/share/laser_filters/examples/shadow_filter_example.yaml
[1.466s] -- Up-to-date symlink: /home/wjs/cart_ros2/install/share/laser_filters/examples/speckle_filter_example.launch
[1.472s] -- Up-to-date symlink: /home/wjs/cart_ros2/install/share/laser_filters/examples/speckle_filter_example.yaml
[1.475s] -- Up-to-date symlink: /home/wjs/cart_ros2/install/share/ament_index/resource_index/package_run_dependencies/laser_filters
[1.489s] -- Up-to-date symlink: /home/wjs/cart_ros2/install/share/ament_index/resource_index/parent_prefix_path/laser_filters
[1.492s] -- Up-to-date symlink: /home/wjs/cart_ros2/install/share/laser_filters/environment/ament_prefix_path.sh
[1.495s] -- Up-to-date symlink: /home/wjs/cart_ros2/install/share/laser_filters/environment/ament_prefix_path.dsv
[1.503s] -- Up-to-date symlink: /home/wjs/cart_ros2/install/share/laser_filters/environment/path.sh
[1.505s] -- Up-to-date symlink: /home/wjs/cart_ros2/install/share/laser_filters/environment/path.dsv
[1.509s] -- Up-to-date symlink: /home/wjs/cart_ros2/install/share/laser_filters/local_setup.bash
[1.513s] -- Up-to-date symlink: /home/wjs/cart_ros2/install/share/laser_filters/local_setup.sh
[1.515s] -- Up-to-date symlink: /home/wjs/cart_ros2/install/share/laser_filters/local_setup.zsh
[1.517s] -- Up-to-date symlink: /home/wjs/cart_ros2/install/share/laser_filters/local_setup.dsv
[1.518s] -- Symlinking: /home/wjs/cart_ros2/install/share/laser_filters/package.dsv
[1.577s] -- Up-to-date symlink: /home/wjs/cart_ros2/install/share/ament_index/resource_index/packages/laser_filters
[1.578s] -- Up-to-date symlink: /home/wjs/cart_ros2/install/share/ament_index/resource_index/filters__pluginlib__plugin/laser_filters
[1.589s] -- Up-to-date symlink: /home/wjs/cart_ros2/install/share/laser_filters/cmake/ament_cmake_export_dependencies-extras.cmake
[1.593s] -- Up-to-date symlink: /home/wjs/cart_ros2/install/share/laser_filters/cmake/ament_cmake_export_include_directories-extras.cmake
[1.595s] -- Up-to-date symlink: /home/wjs/cart_ros2/install/share/laser_filters/cmake/ament_cmake_export_libraries-extras.cmake
[1.597s] -- Up-to-date symlink: /home/wjs/cart_ros2/install/share/laser_filters/cmake/laser_filtersConfig.cmake
[1.600s] -- Up-to-date symlink: /home/wjs/cart_ros2/install/share/laser_filters/cmake/laser_filtersConfig-version.cmake
[1.601s] -- Up-to-date symlink: /home/wjs/cart_ros2/install/share/laser_filters/package.xml
[1.604s] -- Up-to-date symlink: /home/wjs/cart_ros2/install/share/laser_filters/config_filter/angle_filter_F.yaml
[1.605s] -- Up-to-date symlink: /home/wjs/cart_ros2/install/share/laser_filters/config_filter/angle_filter_R.yaml
[1.620s] Invoked command in '/home/wjs/cart_ros2/build/laser_filters' returned '0': CMAKE_PREFIX_PATH=${CMAKE_PREFIX_PATH}:/opt/ros/galactic /usr/bin/cmake --install /home/wjs/cart_ros2/build/laser_filters
