[1.237s] Invoking command in '/home/wjs/cart_ros2/build/agv_mapping': CMAKE_PREFIX_PATH=${CMAKE_PREFIX_PATH}:/opt/ros/galactic /usr/bin/cmake --build /home/wjs/cart_ros2/build/agv_mapping -- -j4 -l4
[1.459s] Invoked command in '/home/wjs/cart_ros2/build/agv_mapping' returned '0': CMAKE_PREFIX_PATH=${CMAKE_PREFIX_PATH}:/opt/ros/galactic /usr/bin/cmake --build /home/wjs/cart_ros2/build/agv_mapping -- -j4 -l4
[1.463s] Invoking command in '/home/wjs/cart_ros2/build/agv_mapping': CMAKE_PREFIX_PATH=${CMAKE_PREFIX_PATH}:/opt/ros/galactic /usr/bin/cmake --install /home/wjs/cart_ros2/build/agv_mapping
[1.523s] -- Install configuration: ""
[1.525s] -- Execute custom install script
[1.528s] -- Up-to-date symlink: /home/wjs/cart_ros2/install/share/agv_mapping/launch/online_async_launch.py
[1.528s] -- Up-to-date symlink: /home/wjs/cart_ros2/install/share/agv_mapping/launch/online_cartographer_launch.py
[1.531s] -- Up-to-date symlink: /home/wjs/cart_ros2/install/share/agv_mapping/config/.ekf.yaml.swo
[1.532s] -- Up-to-date symlink: /home/wjs/cart_ros2/install/share/agv_mapping/config/agv_cartographer_2d.lua
[1.534s] -- Up-to-date symlink: /home/wjs/cart_ros2/install/share/agv_mapping/config/ekf.yaml
[1.534s] -- Up-to-date symlink: /home/wjs/cart_ros2/install/share/agv_mapping/config/mapper_params_online_async.yaml
[1.535s] -- Up-to-date symlink: /home/wjs/cart_ros2/install/share/ament_index/resource_index/package_run_dependencies/agv_mapping
[1.539s] -- Up-to-date symlink: /home/wjs/cart_ros2/install/share/ament_index/resource_index/parent_prefix_path/agv_mapping
[1.540s] -- Up-to-date symlink: /home/wjs/cart_ros2/install/share/agv_mapping/environment/ament_prefix_path.sh
[1.540s] -- Up-to-date symlink: /home/wjs/cart_ros2/install/share/agv_mapping/environment/ament_prefix_path.dsv
[1.545s] -- Up-to-date symlink: /home/wjs/cart_ros2/install/share/agv_mapping/environment/path.sh
[1.546s] -- Up-to-date symlink: /home/wjs/cart_ros2/install/share/agv_mapping/environment/path.dsv
[1.548s] -- Up-to-date symlink: /home/wjs/cart_ros2/install/share/agv_mapping/local_setup.bash
[1.550s] -- Up-to-date symlink: /home/wjs/cart_ros2/install/share/agv_mapping/local_setup.sh
[1.558s] -- Up-to-date symlink: /home/wjs/cart_ros2/install/share/agv_mapping/local_setup.zsh
[1.559s] -- Up-to-date symlink: /home/wjs/cart_ros2/install/share/agv_mapping/local_setup.dsv
[1.560s] -- Symlinking: /home/wjs/cart_ros2/install/share/agv_mapping/package.dsv
[1.605s] -- Up-to-date symlink: /home/wjs/cart_ros2/install/share/ament_index/resource_index/packages/agv_mapping
[1.605s] -- Up-to-date symlink: /home/wjs/cart_ros2/install/share/agv_mapping/cmake/agv_mappingConfig.cmake
[1.609s] -- Up-to-date symlink: /home/wjs/cart_ros2/install/share/agv_mapping/cmake/agv_mappingConfig-version.cmake
[1.610s] -- Up-to-date symlink: /home/wjs/cart_ros2/install/share/agv_mapping/package.xml
[1.741s] Invoked command in '/home/wjs/cart_ros2/build/agv_mapping' returned '0': CMAKE_PREFIX_PATH=${CMAKE_PREFIX_PATH}:/opt/ros/galactic /usr/bin/cmake --install /home/wjs/cart_ros2/build/agv_mapping
