[1.379s] Invoking command in '/home/wjs/cart_ros2/build/agv_mapping': CMAKE_PREFIX_PATH=${CMAKE_PREFIX_PATH}:/opt/ros/galactic /usr/bin/cmake --build /home/wjs/cart_ros2/build/agv_mapping -- -j4 -l4
[1.660s] Invoked command in '/home/wjs/cart_ros2/build/agv_mapping' returned '0': CMAKE_PREFIX_PATH=${CMAKE_PREFIX_PATH}:/opt/ros/galactic /usr/bin/cmake --build /home/wjs/cart_ros2/build/agv_mapping -- -j4 -l4
[1.675s] Invoking command in '/home/wjs/cart_ros2/build/agv_mapping': CMAKE_PREFIX_PATH=${CMAKE_PREFIX_PATH}:/opt/ros/galactic /usr/bin/cmake --install /home/wjs/cart_ros2/build/agv_mapping
[1.706s] -- Install configuration: ""
[1.716s] -- Execute custom install script
[1.723s] -- Up-to-date symlink: /home/wjs/cart_ros2/install/share/agv_mapping/launch/online_async_launch.py
[1.731s] -- Up-to-date symlink: /home/wjs/cart_ros2/install/share/agv_mapping/launch/online_cartographer_launch.py
[1.731s] -- Up-to-date symlink: /home/wjs/cart_ros2/install/share/agv_mapping/config/.ekf.yaml.swo
[1.732s] -- Up-to-date symlink: /home/wjs/cart_ros2/install/share/agv_mapping/config/agv_cartographer_2d.lua
[1.732s] -- Up-to-date symlink: /home/wjs/cart_ros2/install/share/agv_mapping/config/ekf.yaml
[1.732s] -- Up-to-date symlink: /home/wjs/cart_ros2/install/share/agv_mapping/config/mapper_params_online_async.yaml
[1.733s] -- Up-to-date symlink: /home/wjs/cart_ros2/install/share/ament_index/resource_index/package_run_dependencies/agv_mapping
[1.734s] -- Up-to-date symlink: /home/wjs/cart_ros2/install/share/ament_index/resource_index/parent_prefix_path/agv_mapping
[1.735s] -- Up-to-date symlink: /home/wjs/cart_ros2/install/share/agv_mapping/environment/ament_prefix_path.sh
[1.737s] -- Up-to-date symlink: /home/wjs/cart_ros2/install/share/agv_mapping/environment/ament_prefix_path.dsv
[1.739s] -- Up-to-date symlink: /home/wjs/cart_ros2/install/share/agv_mapping/environment/path.sh
[1.743s] -- Up-to-date symlink: /home/wjs/cart_ros2/install/share/agv_mapping/environment/path.dsv
[1.746s] -- Up-to-date symlink: /home/wjs/cart_ros2/install/share/agv_mapping/local_setup.bash
[1.753s] -- Up-to-date symlink: /home/wjs/cart_ros2/install/share/agv_mapping/local_setup.sh
[1.755s] -- Up-to-date symlink: /home/wjs/cart_ros2/install/share/agv_mapping/local_setup.zsh
[1.756s] -- Up-to-date symlink: /home/wjs/cart_ros2/install/share/agv_mapping/local_setup.dsv
[1.757s] -- Symlinking: /home/wjs/cart_ros2/install/share/agv_mapping/package.dsv
[1.810s] -- Up-to-date symlink: /home/wjs/cart_ros2/install/share/ament_index/resource_index/packages/agv_mapping
[1.811s] -- Up-to-date symlink: /home/wjs/cart_ros2/install/share/agv_mapping/cmake/agv_mappingConfig.cmake
[1.812s] -- Up-to-date symlink: /home/wjs/cart_ros2/install/share/agv_mapping/cmake/agv_mappingConfig-version.cmake
[1.819s] -- Up-to-date symlink: /home/wjs/cart_ros2/install/share/agv_mapping/package.xml
[2.050s] Invoked command in '/home/wjs/cart_ros2/build/agv_mapping' returned '0': CMAKE_PREFIX_PATH=${CMAKE_PREFIX_PATH}:/opt/ros/galactic /usr/bin/cmake --install /home/wjs/cart_ros2/build/agv_mapping
