[1.376s] Invoking command in '/home/wjs/cart_ros2/build/agv_mapping': CMAKE_PREFIX_PATH=${CMAKE_PREFIX_PATH}:/opt/ros/galactic /usr/bin/cmake --build /home/wjs/cart_ros2/build/agv_mapping -- -j4 -l4
[1.638s] Invoked command in '/home/wjs/cart_ros2/build/agv_mapping' returned '0': CMAKE_PREFIX_PATH=${CMAKE_PREFIX_PATH}:/opt/ros/galactic /usr/bin/cmake --build /home/wjs/cart_ros2/build/agv_mapping -- -j4 -l4
[1.644s] Invoking command in '/home/wjs/cart_ros2/build/agv_mapping': CMAKE_PREFIX_PATH=${CMAKE_PREFIX_PATH}:/opt/ros/galactic /usr/bin/cmake --install /home/wjs/cart_ros2/build/agv_mapping
[1.714s] -- Install configuration: ""
[1.715s] -- Execute custom install script
[1.715s] -- Up-to-date symlink: /home/wjs/cart_ros2/install/share/agv_mapping/launch/online_async_launch.py
[1.716s] -- Up-to-date symlink: /home/wjs/cart_ros2/install/share/agv_mapping/launch/online_cartographer_launch.py
[1.718s] -- Up-to-date symlink: /home/wjs/cart_ros2/install/share/agv_mapping/config/.ekf.yaml.swo
[1.719s] -- Up-to-date symlink: /home/wjs/cart_ros2/install/share/agv_mapping/config/agv_cartographer_2d.lua
[1.720s] -- Up-to-date symlink: /home/wjs/cart_ros2/install/share/agv_mapping/config/ekf.yaml
[1.721s] -- Up-to-date symlink: /home/wjs/cart_ros2/install/share/agv_mapping/config/mapper_params_online_async.yaml
[1.723s] -- Up-to-date symlink: /home/wjs/cart_ros2/install/share/ament_index/resource_index/package_run_dependencies/agv_mapping
[1.724s] -- Up-to-date symlink: /home/wjs/cart_ros2/install/share/ament_index/resource_index/parent_prefix_path/agv_mapping
[1.727s] -- Up-to-date symlink: /home/wjs/cart_ros2/install/share/agv_mapping/environment/ament_prefix_path.sh
[1.727s] -- Up-to-date symlink: /home/wjs/cart_ros2/install/share/agv_mapping/environment/ament_prefix_path.dsv
[1.729s] -- Up-to-date symlink: /home/wjs/cart_ros2/install/share/agv_mapping/environment/path.sh
[1.731s] -- Up-to-date symlink: /home/wjs/cart_ros2/install/share/agv_mapping/environment/path.dsv
[1.732s] -- Up-to-date symlink: /home/wjs/cart_ros2/install/share/agv_mapping/local_setup.bash
[1.736s] -- Up-to-date symlink: /home/wjs/cart_ros2/install/share/agv_mapping/local_setup.sh
[1.738s] -- Up-to-date symlink: /home/wjs/cart_ros2/install/share/agv_mapping/local_setup.zsh
[1.740s] -- Up-to-date symlink: /home/wjs/cart_ros2/install/share/agv_mapping/local_setup.dsv
[1.741s] -- Symlinking: /home/wjs/cart_ros2/install/share/agv_mapping/package.dsv
[1.806s] -- Up-to-date symlink: /home/wjs/cart_ros2/install/share/ament_index/resource_index/packages/agv_mapping
[1.807s] -- Up-to-date symlink: /home/wjs/cart_ros2/install/share/agv_mapping/cmake/agv_mappingConfig.cmake
[1.807s] -- Up-to-date symlink: /home/wjs/cart_ros2/install/share/agv_mapping/cmake/agv_mappingConfig-version.cmake
[1.808s] -- Up-to-date symlink: /home/wjs/cart_ros2/install/share/agv_mapping/package.xml
[1.989s] Invoked command in '/home/wjs/cart_ros2/build/agv_mapping' returned '0': CMAKE_PREFIX_PATH=${CMAKE_PREFIX_PATH}:/opt/ros/galactic /usr/bin/cmake --install /home/wjs/cart_ros2/build/agv_mapping
