[0.201s] Invoking command in '/home/wjs/cart_ros2/build/serial': CMAKE_PREFIX_PATH=${CMAKE_PREFIX_PATH}:/opt/ros/galactic /usr/bin/cmake --build /home/wjs/cart_ros2/build/serial -- -j4 -l4
[1.355s] [100%] Built target serial
[1.378s] Invoked command in '/home/wjs/cart_ros2/build/serial' returned '0': CMAKE_PREFIX_PATH=${CMAKE_PREFIX_PATH}:/opt/ros/galactic /usr/bin/cmake --build /home/wjs/cart_ros2/build/serial -- -j4 -l4
[1.421s] Invoking command in '/home/wjs/cart_ros2/build/serial': CMAKE_PREFIX_PATH=${CMAKE_PREFIX_PATH}:/opt/ros/galactic /usr/bin/cmake --install /home/wjs/cart_ros2/build/serial
[1.473s] -- Install configuration: ""
[1.476s] -- Execute custom install script
[1.482s] -- Up-to-date symlink: /home/wjs/cart_ros2/install/share/serial/environment/library_path.sh
[1.484s] -- Up-to-date symlink: /home/wjs/cart_ros2/install/share/serial/environment/library_path.dsv
[1.487s] -- Up-to-date symlink: /home/wjs/cart_ros2/install/lib/libserial.a
[1.489s] -- Up-to-date symlink: /home/wjs/cart_ros2/install/include/serial/serial.h
[1.491s] -- Up-to-date symlink: /home/wjs/cart_ros2/install/include/serial/v8stdint.h
[1.493s] -- Up-to-date symlink: /home/wjs/cart_ros2/install/share/ament_index/resource_index/package_run_dependencies/serial
[1.496s] -- Up-to-date symlink: /home/wjs/cart_ros2/install/share/ament_index/resource_index/parent_prefix_path/serial
[1.499s] -- Up-to-date symlink: /home/wjs/cart_ros2/install/share/serial/environment/ament_prefix_path.sh
[1.502s] -- Up-to-date symlink: /home/wjs/cart_ros2/install/share/serial/environment/ament_prefix_path.dsv
[1.504s] -- Up-to-date symlink: /home/wjs/cart_ros2/install/share/serial/environment/path.sh
[1.507s] -- Up-to-date symlink: /home/wjs/cart_ros2/install/share/serial/environment/path.dsv
[1.509s] -- Up-to-date symlink: /home/wjs/cart_ros2/install/share/serial/local_setup.bash
[1.511s] -- Up-to-date symlink: /home/wjs/cart_ros2/install/share/serial/local_setup.sh
[1.513s] -- Up-to-date symlink: /home/wjs/cart_ros2/install/share/serial/local_setup.zsh
[1.516s] -- Up-to-date symlink: /home/wjs/cart_ros2/install/share/serial/local_setup.dsv
[1.517s] -- Symlinking: /home/wjs/cart_ros2/install/share/serial/package.dsv
[1.573s] -- Up-to-date symlink: /home/wjs/cart_ros2/install/share/ament_index/resource_index/packages/serial
[1.574s] -- Up-to-date symlink: /home/wjs/cart_ros2/install/share/serial/cmake/ament_cmake_export_include_directories-extras.cmake
[1.576s] -- Up-to-date symlink: /home/wjs/cart_ros2/install/share/serial/cmake/ament_cmake_export_libraries-extras.cmake
[1.578s] -- Up-to-date symlink: /home/wjs/cart_ros2/install/share/serial/cmake/serialConfig.cmake
[1.578s] -- Up-to-date symlink: /home/wjs/cart_ros2/install/share/serial/cmake/serialConfig-version.cmake
[1.582s] -- Up-to-date symlink: /home/wjs/cart_ros2/install/share/serial/package.xml
[1.593s] Invoked command in '/home/wjs/cart_ros2/build/serial' returned '0': CMAKE_PREFIX_PATH=${CMAKE_PREFIX_PATH}:/opt/ros/galactic /usr/bin/cmake --install /home/wjs/cart_ros2/build/serial
