[0.205s] Invoking command in '/home/wjs/cart_ros2/build/serial': CMAKE_PREFIX_PATH=${CMAKE_PREFIX_PATH}:/opt/ros/galactic /usr/bin/cmake /home/wjs/cart_ros2/src/roboteq_controller_ros-galactic-devel/serial-ros2-master -DAMENT_CMAKE_SYMLINK_INSTALL=1 -DCMAKE_INSTALL_PREFIX=/home/wjs/cart_ros2/install
[1.664s] -- The C compiler identification is GNU 10.5.0
[1.664s] -- The CXX compiler identification is GNU 10.5.0
[1.665s] -- Check for working C compiler: /usr/bin/cc
[1.756s] -- Check for working C compiler: /usr/bin/cc -- works
[1.763s] -- Detecting C compiler ABI info
[2.388s] -- Detecting C compiler ABI info - done
[2.449s] -- Detecting C compile features
[2.452s] -- Detecting C compile features - done
[2.473s] -- Check for working CXX compiler: /usr/bin/c++
[3.018s] -- Check for working CXX compiler: /usr/bin/c++ -- works
[3.023s] -- Detecting CXX compiler ABI info
[3.559s] -- Detecting CXX compiler ABI info - done
[3.617s] -- Detecting CXX compile features
[3.618s] -- Detecting CXX compile features - done
[3.653s] -- Found ament_cmake: 1.1.6 (/opt/ros/galactic/share/ament_cmake/cmake)
[3.851s] -- Found PythonInterp: /usr/bin/python3 (found suitable version "3.8.10", minimum required is "3") 
[3.852s] -- Using PYTHON_EXECUTABLE: /usr/bin/python3
[4.259s] -- Override CMake install command with custom implementation using symlinks instead of copying resources
[4.964s] -- Configuring done
[4.992s] -- Generating done
[5.008s] -- Build files have been written to: /home/wjs/cart_ros2/build/serial
[5.031s] Invoked command in '/home/wjs/cart_ros2/build/serial' returned '0': CMAKE_PREFIX_PATH=${CMAKE_PREFIX_PATH}:/opt/ros/galactic /usr/bin/cmake /home/wjs/cart_ros2/src/roboteq_controller_ros-galactic-devel/serial-ros2-master -DAMENT_CMAKE_SYMLINK_INSTALL=1 -DCMAKE_INSTALL_PREFIX=/home/wjs/cart_ros2/install
[5.036s] Invoking command in '/home/wjs/cart_ros2/build/serial': CMAKE_PREFIX_PATH=${CMAKE_PREFIX_PATH}:/opt/ros/galactic /usr/bin/cmake --build /home/wjs/cart_ros2/build/serial -- -j4 -l4
[5.287s] [35m[1mScanning dependencies of target serial[0m
[5.362s] [ 25%] [32mBuilding CXX object CMakeFiles/serial.dir/src/serial.cc.o[0m
[5.387s] [ 50%] [32mBuilding CXX object CMakeFiles/serial.dir/src/impl/list_ports/list_ports_linux.cc.o[0m
[5.403s] [ 75%] [32mBuilding CXX object CMakeFiles/serial.dir/src/impl/unix.cc.o[0m
[10.030s] [100%] [32m[1mLinking CXX static library libserial.a[0m
[10.462s] [100%] Built target serial
[11.837s] Invoked command in '/home/wjs/cart_ros2/build/serial' returned '0': CMAKE_PREFIX_PATH=${CMAKE_PREFIX_PATH}:/opt/ros/galactic /usr/bin/cmake --build /home/wjs/cart_ros2/build/serial -- -j4 -l4
[11.851s] Invoking command in '/home/wjs/cart_ros2/build/serial': CMAKE_PREFIX_PATH=${CMAKE_PREFIX_PATH}:/opt/ros/galactic /usr/bin/cmake --install /home/wjs/cart_ros2/build/serial
[11.944s] -- Install configuration: ""
[11.953s] -- Execute custom install script
[11.954s] -- Symlinking: /home/wjs/cart_ros2/install/share/serial/environment/library_path.sh
[12.012s] -- Symlinking: /home/wjs/cart_ros2/install/share/serial/environment/library_path.dsv
[12.125s] -- Symlinking: /home/wjs/cart_ros2/install/lib/libserial.a
[12.254s] -- Symlinking: /home/wjs/cart_ros2/install/include/serial/serial.h
[12.374s] -- Symlinking: /home/wjs/cart_ros2/install/include/serial/v8stdint.h
[12.494s] -- Symlinking: /home/wjs/cart_ros2/install/share/ament_index/resource_index/package_run_dependencies/serial
[12.560s] -- Symlinking: /home/wjs/cart_ros2/install/share/ament_index/resource_index/parent_prefix_path/serial
[12.614s] -- Symlinking: /home/wjs/cart_ros2/install/share/serial/environment/ament_prefix_path.sh
[12.671s] -- Symlinking: /home/wjs/cart_ros2/install/share/serial/environment/ament_prefix_path.dsv
[12.767s] -- Symlinking: /home/wjs/cart_ros2/install/share/serial/environment/path.sh
[12.889s] -- Symlinking: /home/wjs/cart_ros2/install/share/serial/environment/path.dsv
[12.971s] -- Symlinking: /home/wjs/cart_ros2/install/share/serial/local_setup.bash
[13.046s] -- Symlinking: /home/wjs/cart_ros2/install/share/serial/local_setup.sh
[13.112s] -- Symlinking: /home/wjs/cart_ros2/install/share/serial/local_setup.zsh
[13.184s] -- Symlinking: /home/wjs/cart_ros2/install/share/serial/local_setup.dsv
[13.304s] -- Symlinking: /home/wjs/cart_ros2/install/share/serial/package.dsv
[13.358s] -- Symlinking: /home/wjs/cart_ros2/install/share/ament_index/resource_index/packages/serial
[13.410s] -- Symlinking: /home/wjs/cart_ros2/install/share/serial/cmake/ament_cmake_export_include_directories-extras.cmake
[13.457s] -- Symlinking: /home/wjs/cart_ros2/install/share/serial/cmake/ament_cmake_export_libraries-extras.cmake
[13.505s] -- Symlinking: /home/wjs/cart_ros2/install/share/serial/cmake/serialConfig.cmake
[13.555s] -- Symlinking: /home/wjs/cart_ros2/install/share/serial/cmake/serialConfig-version.cmake
[13.608s] -- Symlinking: /home/wjs/cart_ros2/install/share/serial/package.xml
[13.711s] Invoked command in '/home/wjs/cart_ros2/build/serial' returned '0': CMAKE_PREFIX_PATH=${CMAKE_PREFIX_PATH}:/opt/ros/galactic /usr/bin/cmake --install /home/wjs/cart_ros2/build/serial
