[4.365s] Invoking command in '/home/wjs/cart_ros2/build/differential_drive': PYTHONPATH=/home/wjs/cart_ros2/build/differential_drive/prefix_override:/usr/lib/python3/dist-packages/colcon_core/task/python/colcon_distutils_commands:/home/wjs/cart_ros2/install/lib/python3.8/site-packages:${PYTHONPATH} /usr/bin/python3 -W ignore:setup.py install is deprecated -W ignore:easy_install command is deprecated setup.py develop --editable --build-directory /home/wjs/cart_ros2/build/differential_drive/build --no-deps symlink_data
[5.634s] running develop
[6.539s] running egg_info
[6.540s] writing src/differential_drive.egg-info/PKG-INFO
[6.542s] writing dependency_links to src/differential_drive.egg-info/dependency_links.txt
[6.544s] writing entry points to src/differential_drive.egg-info/entry_points.txt
[6.548s] writing requirements to src/differential_drive.egg-info/requires.txt
[6.549s] writing top-level names to src/differential_drive.egg-info/top_level.txt
[6.670s] reading manifest file 'src/differential_drive.egg-info/SOURCES.txt'
[6.680s] writing manifest file 'src/differential_drive.egg-info/SOURCES.txt'
[6.915s] running build_ext
[6.917s] Creating /home/wjs/cart_ros2/install/lib/python3.8/site-packages/differential-drive.egg-link (link to src)
[6.920s] Installing diff_tf script to /home/wjs/cart_ros2/install/lib/differential_drive
[6.923s] Installing pid_velocity script to /home/wjs/cart_ros2/install/lib/differential_drive
[6.925s] Installing twist_to_motors script to /home/wjs/cart_ros2/install/lib/differential_drive
[6.928s] Installing virtual_joystick script to /home/wjs/cart_ros2/install/lib/differential_drive
[6.929s] Installing wheel_loopback script to /home/wjs/cart_ros2/install/lib/differential_drive
[6.929s] Installing wheel_scaler script to /home/wjs/cart_ros2/install/lib/differential_drive
[6.930s] 
[6.930s] Installed /home/wjs/cart_ros2/build/differential_drive/src
[6.930s] running symlink_data
[7.058s] Invoked command in '/home/wjs/cart_ros2/build/differential_drive' returned '0': PYTHONPATH=/home/wjs/cart_ros2/build/differential_drive/prefix_override:/usr/lib/python3/dist-packages/colcon_core/task/python/colcon_distutils_commands:/home/wjs/cart_ros2/install/lib/python3.8/site-packages:${PYTHONPATH} /usr/bin/python3 -W ignore:setup.py install is deprecated -W ignore:easy_install command is deprecated setup.py develop --editable --build-directory /home/wjs/cart_ros2/build/differential_drive/build --no-deps symlink_data
