[0.160s] Invoking command in '/home/wjs/cart_ros2/build/laser_filters': CMAKE_PREFIX_PATH=${CMAKE_PREFIX_PATH}:/opt/ros/galactic /usr/bin/cmake --build /home/wjs/cart_ros2/build/laser_filters -- -j4 -l4
[1.175s] [ 14%] Built target laser_scan_filters
[1.769s] [ 28%] Built target gtest_main
[2.500s] [ 42%] Built target scan_to_cloud_filter_chain
[3.060s] [ 57%] Built target scan_to_scan_filter_chain
[3.447s] [ 71%] Built target generic_laser_filter_node
[3.701s] [ 85%] Built target gtest
[4.312s] [100%] Built target test_scan_filter_chain
[4.651s] Invoked command in '/home/wjs/cart_ros2/build/laser_filters' returned '0': CMAKE_PREFIX_PATH=${CMAKE_PREFIX_PATH}:/opt/ros/galactic /usr/bin/cmake --build /home/wjs/cart_ros2/build/laser_filters -- -j4 -l4
[4.674s] Invoking command in '/home/wjs/cart_ros2/build/laser_filters': CMAKE_PREFIX_PATH=${CMAKE_PREFIX_PATH}:/opt/ros/galactic /usr/bin/cmake --install /home/wjs/cart_ros2/build/laser_filters
[4.867s] -- Install configuration: ""
[4.869s] -- Execute custom install script
[4.879s] -- Up-to-date symlink: /home/wjs/cart_ros2/install/share/laser_filters//laser_filters_plugins.xml
[4.905s] -- Up-to-date symlink: /home/wjs/cart_ros2/install/include/laser_filters/angular_bounds_filter.h
[4.906s] -- Up-to-date symlink: /home/wjs/cart_ros2/install/include/laser_filters/angular_bounds_filter_in_place.h
[4.909s] -- Up-to-date symlink: /home/wjs/cart_ros2/install/include/laser_filters/array_filter.h
[4.910s] -- Up-to-date symlink: /home/wjs/cart_ros2/install/include/laser_filters/box_filter.h
[4.911s] -- Up-to-date symlink: /home/wjs/cart_ros2/install/include/laser_filters/footprint_filter.h
[4.914s] -- Up-to-date symlink: /home/wjs/cart_ros2/install/include/laser_filters/intensity_filter.h
[4.917s] -- Up-to-date symlink: /home/wjs/cart_ros2/install/include/laser_filters/interpolation_filter.h
[4.924s] -- Up-to-date symlink: /home/wjs/cart_ros2/install/include/laser_filters/median_filter.h
[4.925s] -- Up-to-date symlink: /home/wjs/cart_ros2/install/include/laser_filters/range_filter.h
[4.926s] -- Up-to-date symlink: /home/wjs/cart_ros2/install/include/laser_filters/scan_mask_filter.h
[4.929s] -- Up-to-date symlink: /home/wjs/cart_ros2/install/include/laser_filters/scan_shadows_filter.h
[4.932s] -- Up-to-date symlink: /home/wjs/cart_ros2/install/include/laser_filters/speckle_filter.h
[4.942s] -- Up-to-date symlink: /home/wjs/cart_ros2/install/share/laser_filters/environment/library_path.sh
[4.946s] -- Up-to-date symlink: /home/wjs/cart_ros2/install/share/laser_filters/environment/library_path.dsv
[4.951s] -- Up-to-date symlink: /home/wjs/cart_ros2/install/lib/liblaser_scan_filters.so
[4.962s] -- Up-to-date symlink: /home/wjs/cart_ros2/install/lib/laser_filters/scan_to_cloud_filter_chain
[4.971s] -- Up-to-date symlink: /home/wjs/cart_ros2/install/lib/laser_filters/scan_to_scan_filter_chain
[4.974s] -- Up-to-date symlink: /home/wjs/cart_ros2/install/lib/laser_filters/generic_laser_filter_node
[4.989s] -- Up-to-date symlink: /home/wjs/cart_ros2/install/share/laser_filters/examples/box_filter_example.launch.py
[4.999s] -- Up-to-date symlink: /home/wjs/cart_ros2/install/share/laser_filters/examples/box_filter_example.yaml
[5.000s] -- Up-to-date symlink: /home/wjs/cart_ros2/install/share/laser_filters/examples/footprint_filter_example.launch.py
[5.001s] -- Up-to-date symlink: /home/wjs/cart_ros2/install/share/laser_filters/examples/footprint_filter_example.yaml
[5.004s] -- Up-to-date symlink: /home/wjs/cart_ros2/install/share/laser_filters/examples/intensity_filter_example.launch.py
[5.006s] -- Up-to-date symlink: /home/wjs/cart_ros2/install/share/laser_filters/examples/intensity_filter_example.yaml
[5.014s] -- Up-to-date symlink: /home/wjs/cart_ros2/install/share/laser_filters/examples/mask_filter_example.launch.py
[5.016s] -- Up-to-date symlink: /home/wjs/cart_ros2/install/share/laser_filters/examples/mask_filter_example.yaml
[5.020s] -- Up-to-date symlink: /home/wjs/cart_ros2/install/share/laser_filters/examples/median_filter_example.launch.py
[5.025s] -- Up-to-date symlink: /home/wjs/cart_ros2/install/share/laser_filters/examples/median_filter_example.yaml
[5.030s] -- Up-to-date symlink: /home/wjs/cart_ros2/install/share/laser_filters/examples/multiple_filters_example.launch.py
[5.040s] -- Up-to-date symlink: /home/wjs/cart_ros2/install/share/laser_filters/examples/multiple_filters_example.yaml
[5.046s] -- Up-to-date symlink: /home/wjs/cart_ros2/install/share/laser_filters/examples/pass_through_example.launch.py
[5.056s] -- Up-to-date symlink: /home/wjs/cart_ros2/install/share/laser_filters/examples/pass_through_example.yaml
[5.059s] -- Up-to-date symlink: /home/wjs/cart_ros2/install/share/laser_filters/examples/range_filter_example.launch.py
[5.062s] -- Up-to-date symlink: /home/wjs/cart_ros2/install/share/laser_filters/examples/range_filter_example.yaml
[5.067s] -- Up-to-date symlink: /home/wjs/cart_ros2/install/share/laser_filters/examples/shadow_filter_example.launch.py
[5.070s] -- Up-to-date symlink: /home/wjs/cart_ros2/install/share/laser_filters/examples/shadow_filter_example.yaml
[5.072s] -- Up-to-date symlink: /home/wjs/cart_ros2/install/share/laser_filters/examples/speckle_filter_example.launch
[5.079s] -- Up-to-date symlink: /home/wjs/cart_ros2/install/share/laser_filters/examples/speckle_filter_example.yaml
[5.084s] -- Up-to-date symlink: /home/wjs/cart_ros2/install/share/ament_index/resource_index/package_run_dependencies/laser_filters
[5.089s] -- Up-to-date symlink: /home/wjs/cart_ros2/install/share/ament_index/resource_index/parent_prefix_path/laser_filters
[5.093s] -- Up-to-date symlink: /home/wjs/cart_ros2/install/share/laser_filters/environment/ament_prefix_path.sh
[5.106s] -- Up-to-date symlink: /home/wjs/cart_ros2/install/share/laser_filters/environment/ament_prefix_path.dsv
[5.106s] -- Up-to-date symlink: /home/wjs/cart_ros2/install/share/laser_filters/environment/path.sh
[5.109s] -- Up-to-date symlink: /home/wjs/cart_ros2/install/share/laser_filters/environment/path.dsv
[5.114s] -- Up-to-date symlink: /home/wjs/cart_ros2/install/share/laser_filters/local_setup.bash
[5.119s] -- Up-to-date symlink: /home/wjs/cart_ros2/install/share/laser_filters/local_setup.sh
[5.125s] -- Up-to-date symlink: /home/wjs/cart_ros2/install/share/laser_filters/local_setup.zsh
[5.131s] -- Up-to-date symlink: /home/wjs/cart_ros2/install/share/laser_filters/local_setup.dsv
[5.140s] -- Symlinking: /home/wjs/cart_ros2/install/share/laser_filters/package.dsv
[5.296s] -- Up-to-date symlink: /home/wjs/cart_ros2/install/share/ament_index/resource_index/packages/laser_filters
[5.301s] -- Up-to-date symlink: /home/wjs/cart_ros2/install/share/ament_index/resource_index/filters__pluginlib__plugin/laser_filters
[5.306s] -- Up-to-date symlink: /home/wjs/cart_ros2/install/share/laser_filters/cmake/ament_cmake_export_dependencies-extras.cmake
[5.308s] -- Up-to-date symlink: /home/wjs/cart_ros2/install/share/laser_filters/cmake/ament_cmake_export_include_directories-extras.cmake
[5.313s] -- Up-to-date symlink: /home/wjs/cart_ros2/install/share/laser_filters/cmake/ament_cmake_export_libraries-extras.cmake
[5.319s] -- Up-to-date symlink: /home/wjs/cart_ros2/install/share/laser_filters/cmake/laser_filtersConfig.cmake
[5.323s] -- Up-to-date symlink: /home/wjs/cart_ros2/install/share/laser_filters/cmake/laser_filtersConfig-version.cmake
[5.330s] -- Up-to-date symlink: /home/wjs/cart_ros2/install/share/laser_filters/package.xml
[5.337s] -- Up-to-date symlink: /home/wjs/cart_ros2/install/share/laser_filters/config_filter/angle_filter_F.yaml
[5.339s] -- Up-to-date symlink: /home/wjs/cart_ros2/install/share/laser_filters/config_filter/angle_filter_R.yaml
[5.365s] Invoked command in '/home/wjs/cart_ros2/build/laser_filters' returned '0': CMAKE_PREFIX_PATH=${CMAKE_PREFIX_PATH}:/opt/ros/galactic /usr/bin/cmake --install /home/wjs/cart_ros2/build/laser_filters
