[5.611s] Invoking command in '/home/wjs/cart_ros2/build/differential_drive': PYTHONPATH=/home/wjs/cart_ros2/build/differential_drive/prefix_override:/usr/lib/python3/dist-packages/colcon_core/task/python/colcon_distutils_commands:/home/wjs/cart_ros2/install/lib/python3.8/site-packages:${PYTHONPATH} /usr/bin/python3 -W ignore:setup.py install is deprecated -W ignore:easy_install command is deprecated setup.py develop --editable --build-directory /home/wjs/cart_ros2/build/differential_drive/build --no-deps symlink_data
[6.926s] running develop
[7.732s] running egg_info
[7.733s] writing src/differential_drive.egg-info/PKG-INFO
[7.735s] writing dependency_links to src/differential_drive.egg-info/dependency_links.txt
[7.735s] writing entry points to src/differential_drive.egg-info/entry_points.txt
[7.736s] writing requirements to src/differential_drive.egg-info/requires.txt
[7.736s] writing top-level names to src/differential_drive.egg-info/top_level.txt
[7.883s] reading manifest file 'src/differential_drive.egg-info/SOURCES.txt'
[7.895s] writing manifest file 'src/differential_drive.egg-info/SOURCES.txt'
[8.131s] running build_ext
[8.135s] Creating /home/wjs/cart_ros2/install/lib/python3.8/site-packages/differential-drive.egg-link (link to src)
[8.137s] Installing diff_tf script to /home/wjs/cart_ros2/install/lib/differential_drive
[8.139s] Installing pid_velocity script to /home/wjs/cart_ros2/install/lib/differential_drive
[8.140s] Installing twist_to_motors script to /home/wjs/cart_ros2/install/lib/differential_drive
[8.140s] Installing virtual_joystick script to /home/wjs/cart_ros2/install/lib/differential_drive
[8.142s] Installing wheel_loopback script to /home/wjs/cart_ros2/install/lib/differential_drive
[8.142s] Installing wheel_scaler script to /home/wjs/cart_ros2/install/lib/differential_drive
[8.146s] 
[8.152s] Installed /home/wjs/cart_ros2/build/differential_drive/src
[8.154s] running symlink_data
[8.282s] Invoked command in '/home/wjs/cart_ros2/build/differential_drive' returned '0': PYTHONPATH=/home/wjs/cart_ros2/build/differential_drive/prefix_override:/usr/lib/python3/dist-packages/colcon_core/task/python/colcon_distutils_commands:/home/wjs/cart_ros2/install/lib/python3.8/site-packages:${PYTHONPATH} /usr/bin/python3 -W ignore:setup.py install is deprecated -W ignore:easy_install command is deprecated setup.py develop --editable --build-directory /home/wjs/cart_ros2/build/differential_drive/build --no-deps symlink_data
