[1.526s] Invoking command in '/home/wjs/cart_ros2/build/agv_mapping': CMAKE_PREFIX_PATH=${CMAKE_PREFIX_PATH}:/opt/ros/galactic /usr/bin/cmake /home/wjs/cart_ros2/src/agv_mapping -DAMENT_CMAKE_SYMLINK_INSTALL=1 -DCMAKE_INSTALL_PREFIX=/home/wjs/cart_ros2/install
[1.958s] -- The C compiler identification is GNU 10.5.0
[2.341s] -- The CXX compiler identification is GNU 10.5.0
[2.378s] -- Check for working C compiler: /usr/bin/cc
[2.919s] -- Check for working C compiler: /usr/bin/cc -- works
[2.925s] -- Detecting C compiler ABI info
[3.376s] -- Detecting C compiler ABI info - done
[3.431s] -- Detecting C compile features
[3.434s] -- Detecting C compile features - done
[3.449s] -- Check for working CXX compiler: /usr/bin/c++
[3.928s] -- Check for working CXX compiler: /usr/bin/c++ -- works
[3.933s] -- Detecting CXX compiler ABI info
[4.668s] -- Detecting CXX compiler ABI info - done
[4.726s] -- Detecting CXX compile features
[4.729s] -- Detecting CXX compile features - done
[4.742s] -- Found ament_cmake: 1.1.6 (/opt/ros/galactic/share/ament_cmake/cmake)
[4.892s] -- Found PythonInterp: /usr/bin/python3 (found suitable version "3.8.10", minimum required is "3") 
[4.893s] -- Using PYTHON_EXECUTABLE: /usr/bin/python3
[5.240s] -- Override CMake install command with custom implementation using symlinks instead of copying resources
[5.481s] -- Found ament_lint_auto: 0.10.7 (/opt/ros/galactic/share/ament_lint_auto/cmake)
[6.023s] -- Added test 'copyright' to check source files copyright and LICENSE
[6.068s] -- Added test 'flake8' to check Python code syntax and style conventions
[6.080s] -- Added test 'lint_cmake' to check CMake code style
[6.088s] -- Added test 'pep257' to check Python code against some of the style conventions in PEP 257
[6.099s] -- Added test 'xmllint' to check XML markup files
[6.136s] -- Configuring done
[6.148s] -- Generating done
[6.189s] -- Build files have been written to: /home/wjs/cart_ros2/build/agv_mapping
[6.232s] Invoked command in '/home/wjs/cart_ros2/build/agv_mapping' returned '0': CMAKE_PREFIX_PATH=${CMAKE_PREFIX_PATH}:/opt/ros/galactic /usr/bin/cmake /home/wjs/cart_ros2/src/agv_mapping -DAMENT_CMAKE_SYMLINK_INSTALL=1 -DCMAKE_INSTALL_PREFIX=/home/wjs/cart_ros2/install
[6.237s] Invoking command in '/home/wjs/cart_ros2/build/agv_mapping': CMAKE_PREFIX_PATH=${CMAKE_PREFIX_PATH}:/opt/ros/galactic /usr/bin/cmake --build /home/wjs/cart_ros2/build/agv_mapping -- -j4 -l4
[6.727s] Invoked command in '/home/wjs/cart_ros2/build/agv_mapping' returned '0': CMAKE_PREFIX_PATH=${CMAKE_PREFIX_PATH}:/opt/ros/galactic /usr/bin/cmake --build /home/wjs/cart_ros2/build/agv_mapping -- -j4 -l4
[6.880s] Invoking command in '/home/wjs/cart_ros2/build/agv_mapping': CMAKE_PREFIX_PATH=${CMAKE_PREFIX_PATH}:/opt/ros/galactic /usr/bin/cmake --install /home/wjs/cart_ros2/build/agv_mapping
[7.066s] -- Install configuration: ""
[7.067s] -- Execute custom install script
[7.083s] -- Symlinking: /home/wjs/cart_ros2/install/share/agv_mapping/launch/online_async_launch.py
[7.187s] -- Symlinking: /home/wjs/cart_ros2/install/share/agv_mapping/launch/online_cartographer_launch.py
[7.287s] -- Symlinking: /home/wjs/cart_ros2/install/share/agv_mapping/config/.ekf.yaml.swo
[7.402s] -- Symlinking: /home/wjs/cart_ros2/install/share/agv_mapping/config/agv_cartographer_2d.lua
[7.534s] -- Symlinking: /home/wjs/cart_ros2/install/share/agv_mapping/config/ekf.yaml
[7.725s] -- Symlinking: /home/wjs/cart_ros2/install/share/agv_mapping/config/mapper_params_online_async.yaml
[7.847s] -- Symlinking: /home/wjs/cart_ros2/install/share/ament_index/resource_index/package_run_dependencies/agv_mapping
[7.947s] -- Symlinking: /home/wjs/cart_ros2/install/share/ament_index/resource_index/parent_prefix_path/agv_mapping
[8.003s] -- Symlinking: /home/wjs/cart_ros2/install/share/agv_mapping/environment/ament_prefix_path.sh
[8.126s] -- Symlinking: /home/wjs/cart_ros2/install/share/agv_mapping/environment/ament_prefix_path.dsv
[8.242s] -- Symlinking: /home/wjs/cart_ros2/install/share/agv_mapping/environment/path.sh
[8.363s] -- Symlinking: /home/wjs/cart_ros2/install/share/agv_mapping/environment/path.dsv
[8.463s] -- Symlinking: /home/wjs/cart_ros2/install/share/agv_mapping/local_setup.bash
[8.600s] -- Symlinking: /home/wjs/cart_ros2/install/share/agv_mapping/local_setup.sh
[8.710s] -- Symlinking: /home/wjs/cart_ros2/install/share/agv_mapping/local_setup.zsh
[8.762s] -- Symlinking: /home/wjs/cart_ros2/install/share/agv_mapping/local_setup.dsv
[8.812s] -- Symlinking: /home/wjs/cart_ros2/install/share/agv_mapping/package.dsv
[8.864s] -- Symlinking: /home/wjs/cart_ros2/install/share/ament_index/resource_index/packages/agv_mapping
[8.988s] -- Symlinking: /home/wjs/cart_ros2/install/share/agv_mapping/cmake/agv_mappingConfig.cmake
[9.086s] -- Symlinking: /home/wjs/cart_ros2/install/share/agv_mapping/cmake/agv_mappingConfig-version.cmake
[9.225s] -- Symlinking: /home/wjs/cart_ros2/install/share/agv_mapping/package.xml
[9.485s] Invoked command in '/home/wjs/cart_ros2/build/agv_mapping' returned '0': CMAKE_PREFIX_PATH=${CMAKE_PREFIX_PATH}:/opt/ros/galactic /usr/bin/cmake --install /home/wjs/cart_ros2/build/agv_mapping
