[0.227s] Invoking command in '/home/wjs/cart_ros2/build/serial': CMAKE_PREFIX_PATH=${CMAKE_PREFIX_PATH}:/opt/ros/galactic /usr/bin/cmake --build /home/wjs/cart_ros2/build/serial -- -j4 -l4
[1.627s] [100%] Built target serial
[1.632s] Invoked command in '/home/wjs/cart_ros2/build/serial' returned '0': CMAKE_PREFIX_PATH=${CMAKE_PREFIX_PATH}:/opt/ros/galactic /usr/bin/cmake --build /home/wjs/cart_ros2/build/serial -- -j4 -l4
[1.698s] Invoking command in '/home/wjs/cart_ros2/build/serial': CMAKE_PREFIX_PATH=${CMAKE_PREFIX_PATH}:/opt/ros/galactic /usr/bin/cmake --install /home/wjs/cart_ros2/build/serial
[1.757s] -- Install configuration: ""
[1.766s] -- Execute custom install script
[1.768s] -- Up-to-date symlink: /home/wjs/cart_ros2/install/share/serial/environment/library_path.sh
[1.771s] -- Up-to-date symlink: /home/wjs/cart_ros2/install/share/serial/environment/library_path.dsv
[1.779s] -- Up-to-date symlink: /home/wjs/cart_ros2/install/lib/libserial.a
[1.784s] -- Up-to-date symlink: /home/wjs/cart_ros2/install/include/serial/serial.h
[1.788s] -- Up-to-date symlink: /home/wjs/cart_ros2/install/include/serial/v8stdint.h
[1.793s] -- Up-to-date symlink: /home/wjs/cart_ros2/install/share/ament_index/resource_index/package_run_dependencies/serial
[1.797s] -- Up-to-date symlink: /home/wjs/cart_ros2/install/share/ament_index/resource_index/parent_prefix_path/serial
[1.801s] -- Up-to-date symlink: /home/wjs/cart_ros2/install/share/serial/environment/ament_prefix_path.sh
[1.803s] -- Up-to-date symlink: /home/wjs/cart_ros2/install/share/serial/environment/ament_prefix_path.dsv
[1.812s] -- Up-to-date symlink: /home/wjs/cart_ros2/install/share/serial/environment/path.sh
[1.812s] -- Up-to-date symlink: /home/wjs/cart_ros2/install/share/serial/environment/path.dsv
[1.818s] -- Up-to-date symlink: /home/wjs/cart_ros2/install/share/serial/local_setup.bash
[1.819s] -- Up-to-date symlink: /home/wjs/cart_ros2/install/share/serial/local_setup.sh
[1.821s] -- Up-to-date symlink: /home/wjs/cart_ros2/install/share/serial/local_setup.zsh
[1.821s] -- Up-to-date symlink: /home/wjs/cart_ros2/install/share/serial/local_setup.dsv
[1.821s] -- Symlinking: /home/wjs/cart_ros2/install/share/serial/package.dsv
[1.874s] -- Up-to-date symlink: /home/wjs/cart_ros2/install/share/ament_index/resource_index/packages/serial
[1.877s] -- Up-to-date symlink: /home/wjs/cart_ros2/install/share/serial/cmake/ament_cmake_export_include_directories-extras.cmake
[1.880s] -- Up-to-date symlink: /home/wjs/cart_ros2/install/share/serial/cmake/ament_cmake_export_libraries-extras.cmake
[1.883s] -- Up-to-date symlink: /home/wjs/cart_ros2/install/share/serial/cmake/serialConfig.cmake
[1.885s] -- Up-to-date symlink: /home/wjs/cart_ros2/install/share/serial/cmake/serialConfig-version.cmake
[1.889s] -- Up-to-date symlink: /home/wjs/cart_ros2/install/share/serial/package.xml
[1.903s] Invoked command in '/home/wjs/cart_ros2/build/serial' returned '0': CMAKE_PREFIX_PATH=${CMAKE_PREFIX_PATH}:/opt/ros/galactic /usr/bin/cmake --install /home/wjs/cart_ros2/build/serial
