-- The C compiler identification is GNU 10.5.0
-- The CXX compiler identification is GNU 10.5.0
-- Check for working C compiler: /usr/bin/cc
-- Check for working C compiler: /usr/bin/cc -- works
-- Detecting C compiler ABI info
-- Detecting C compiler ABI info - done
-- Detecting C compile features
-- Detecting C compile features - done
-- Check for working CXX compiler: /usr/bin/c++
-- Check for working CXX compiler: /usr/bin/c++ -- works
-- Detecting CXX compiler ABI info
-- Detecting CXX compiler ABI info - done
-- Detecting CXX compile features
-- Detecting CXX compile features - done
-- Found ament_cmake_auto: 1.1.6 (/opt/ros/galactic/share/ament_cmake_auto/cmake)
-- Found PythonInterp: /usr/bin/python3 (found suitable version "3.8.10", minimum required is "3") 
-- Using PYTHON_EXECUTABLE: /usr/bin/python3
-- Override CMake install command with custom implementation using symlinks instead of copying resources
-- Using all available rosidl_typesupport_c: rosidl_typesupport_fastrtps_c;rosidl_typesupport_introspection_c
-- Found rosidl_adapter: 2.2.3 (/opt/ros/galactic/share/rosidl_adapter/cmake)
-- Found OpenSSL: /usr/lib/aarch64-linux-gnu/libcrypto.so (found version "1.1.1f")  
-- Found FastRTPS: /opt/ros/galactic/include  
-- Using all available rosidl_typesupport_cpp: rosidl_typesupport_fastrtps_cpp;rosidl_typesupport_introspection_cpp
-- Found rmw_implementation_cmake: 3.3.1 (/opt/ros/galactic/share/rmw_implementation_cmake/cmake)
-- Found rmw_cyclonedds_cpp: 0.22.6 (/opt/ros/galactic/share/rmw_cyclonedds_cpp/cmake)
-- Using RMW implementation 'rmw_cyclonedds_cpp' as default
-- Looking for pthread.h
-- Looking for pthread.h - found
-- Performing Test CMAKE_HAVE_LIBC_PTHREAD
-- Performing Test CMAKE_HAVE_LIBC_PTHREAD - Failed
-- Looking for pthread_create in pthreads
-- Looking for pthread_create in pthreads - not found
-- Looking for pthread_create in pthread
-- Looking for pthread_create in pthread - found
-- Found Threads: TRUE  
-- Found ament_cmake_gtest: 1.1.6 (/opt/ros/galactic/share/ament_cmake_gtest/cmake)
-- Found gtest sources under '/opt/ros/galactic/src/gtest_vendor': C++ tests using 'Google Test' will be built
-- Check if compiler accepts -pthread
-- Check if compiler accepts -pthread - yes
-- Configuring done
-- Generating done
-- Build files have been written to: /home/wjs/cart_ros2/build/laser_filters
[35m[1mScanning dependencies of target laser_scan_filters[0m
[  7%] [32mBuilding CXX object CMakeFiles/laser_scan_filters.dir/src/laser_scan_filters.cpp.o[0m
[ 14%] [32m[1mLinking CXX shared library liblaser_scan_filters.so[0m
[ 14%] Built target laser_scan_filters
[35m[1mScanning dependencies of target gtest_main[0m
[ 21%] [32mBuilding CXX object gtest/CMakeFiles/gtest_main.dir/src/gtest_main.cc.o[0m
[ 28%] [32m[1mLinking CXX static library libgtest_main.a[0m
[ 28%] Built target gtest_main
[35m[1mScanning dependencies of target scan_to_cloud_filter_chain[0m
[ 35%] [32mBuilding CXX object CMakeFiles/scan_to_cloud_filter_chain.dir/src/scan_to_cloud_filter_chain.cpp.o[0m
[ 42%] [32m[1mLinking CXX executable scan_to_cloud_filter_chain[0m
[ 42%] Built target scan_to_cloud_filter_chain
[35m[1mScanning dependencies of target scan_to_scan_filter_chain[0m
[ 50%] [32mBuilding CXX object CMakeFiles/scan_to_scan_filter_chain.dir/src/scan_to_scan_filter_chain.cpp.o[0m
[ 57%] [32m[1mLinking CXX executable scan_to_scan_filter_chain[0m
[ 57%] Built target scan_to_scan_filter_chain
[35m[1mScanning dependencies of target gtest[0m
[35m[1mScanning dependencies of target generic_laser_filter_node[0m
[ 64%] [32mBuilding CXX object gtest/CMakeFiles/gtest.dir/src/gtest-all.cc.o[0m
[ 71%] [32mBuilding CXX object CMakeFiles/generic_laser_filter_node.dir/src/generic_laser_filter_node.cpp.o[0m
[ 78%] [32m[1mLinking CXX static library libgtest.a[0m
[ 78%] Built target gtest
[ 85%] [32m[1mLinking CXX executable generic_laser_filter_node[0m
[ 85%] Built target generic_laser_filter_node
[35m[1mScanning dependencies of target test_scan_filter_chain[0m
[ 92%] [32mBuilding CXX object CMakeFiles/test_scan_filter_chain.dir/test/test_scan_filter_chain.cpp.o[0m
[100%] [32m[1mLinking CXX executable test_scan_filter_chain[0m
[100%] Built target test_scan_filter_chain
-- Install configuration: ""
-- Execute custom install script
-- Symlinking: /home/wjs/cart_ros2/install/share/laser_filters//laser_filters_plugins.xml
-- Symlinking: /home/wjs/cart_ros2/install/include/laser_filters/angular_bounds_filter.h
-- Symlinking: /home/wjs/cart_ros2/install/include/laser_filters/angular_bounds_filter_in_place.h
-- Symlinking: /home/wjs/cart_ros2/install/include/laser_filters/array_filter.h
-- Symlinking: /home/wjs/cart_ros2/install/include/laser_filters/box_filter.h
-- Symlinking: /home/wjs/cart_ros2/install/include/laser_filters/footprint_filter.h
-- Symlinking: /home/wjs/cart_ros2/install/include/laser_filters/intensity_filter.h
-- Symlinking: /home/wjs/cart_ros2/install/include/laser_filters/interpolation_filter.h
-- Symlinking: /home/wjs/cart_ros2/install/include/laser_filters/median_filter.h
-- Symlinking: /home/wjs/cart_ros2/install/include/laser_filters/range_filter.h
-- Symlinking: /home/wjs/cart_ros2/install/include/laser_filters/scan_mask_filter.h
-- Symlinking: /home/wjs/cart_ros2/install/include/laser_filters/scan_shadows_filter.h
-- Symlinking: /home/wjs/cart_ros2/install/include/laser_filters/speckle_filter.h
-- Symlinking: /home/wjs/cart_ros2/install/share/laser_filters/environment/library_path.sh
-- Symlinking: /home/wjs/cart_ros2/install/share/laser_filters/environment/library_path.dsv
-- Symlinking: /home/wjs/cart_ros2/install/lib/liblaser_scan_filters.so
-- Symlinking: /home/wjs/cart_ros2/install/lib/laser_filters/scan_to_cloud_filter_chain
-- Symlinking: /home/wjs/cart_ros2/install/lib/laser_filters/scan_to_scan_filter_chain
-- Symlinking: /home/wjs/cart_ros2/install/lib/laser_filters/generic_laser_filter_node
-- Symlinking: /home/wjs/cart_ros2/install/share/laser_filters/examples/box_filter_example.launch.py
-- Symlinking: /home/wjs/cart_ros2/install/share/laser_filters/examples/box_filter_example.yaml
-- Symlinking: /home/wjs/cart_ros2/install/share/laser_filters/examples/footprint_filter_example.launch.py
-- Symlinking: /home/wjs/cart_ros2/install/share/laser_filters/examples/footprint_filter_example.yaml
-- Symlinking: /home/wjs/cart_ros2/install/share/laser_filters/examples/intensity_filter_example.launch.py
-- Symlinking: /home/wjs/cart_ros2/install/share/laser_filters/examples/intensity_filter_example.yaml
-- Symlinking: /home/wjs/cart_ros2/install/share/laser_filters/examples/mask_filter_example.launch.py
-- Symlinking: /home/wjs/cart_ros2/install/share/laser_filters/examples/mask_filter_example.yaml
-- Symlinking: /home/wjs/cart_ros2/install/share/laser_filters/examples/median_filter_example.launch.py
-- Symlinking: /home/wjs/cart_ros2/install/share/laser_filters/examples/median_filter_example.yaml
-- Symlinking: /home/wjs/cart_ros2/install/share/laser_filters/examples/multiple_filters_example.launch.py
-- Symlinking: /home/wjs/cart_ros2/install/share/laser_filters/examples/multiple_filters_example.yaml
-- Symlinking: /home/wjs/cart_ros2/install/share/laser_filters/examples/pass_through_example.launch.py
-- Symlinking: /home/wjs/cart_ros2/install/share/laser_filters/examples/pass_through_example.yaml
-- Symlinking: /home/wjs/cart_ros2/install/share/laser_filters/examples/range_filter_example.launch.py
-- Symlinking: /home/wjs/cart_ros2/install/share/laser_filters/examples/range_filter_example.yaml
-- Symlinking: /home/wjs/cart_ros2/install/share/laser_filters/examples/shadow_filter_example.launch.py
-- Symlinking: /home/wjs/cart_ros2/install/share/laser_filters/examples/shadow_filter_example.yaml
-- Symlinking: /home/wjs/cart_ros2/install/share/laser_filters/examples/speckle_filter_example.launch
-- Symlinking: /home/wjs/cart_ros2/install/share/laser_filters/examples/speckle_filter_example.yaml
-- Symlinking: /home/wjs/cart_ros2/install/share/ament_index/resource_index/package_run_dependencies/laser_filters
-- Symlinking: /home/wjs/cart_ros2/install/share/ament_index/resource_index/parent_prefix_path/laser_filters
-- Symlinking: /home/wjs/cart_ros2/install/share/laser_filters/environment/ament_prefix_path.sh
-- Symlinking: /home/wjs/cart_ros2/install/share/laser_filters/environment/ament_prefix_path.dsv
-- Symlinking: /home/wjs/cart_ros2/install/share/laser_filters/environment/path.sh
-- Symlinking: /home/wjs/cart_ros2/install/share/laser_filters/environment/path.dsv
-- Symlinking: /home/wjs/cart_ros2/install/share/laser_filters/local_setup.bash
-- Symlinking: /home/wjs/cart_ros2/install/share/laser_filters/local_setup.sh
-- Symlinking: /home/wjs/cart_ros2/install/share/laser_filters/local_setup.zsh
-- Symlinking: /home/wjs/cart_ros2/install/share/laser_filters/local_setup.dsv
-- Symlinking: /home/wjs/cart_ros2/install/share/laser_filters/package.dsv
-- Symlinking: /home/wjs/cart_ros2/install/share/ament_index/resource_index/packages/laser_filters
-- Symlinking: /home/wjs/cart_ros2/install/share/ament_index/resource_index/filters__pluginlib__plugin/laser_filters
-- Symlinking: /home/wjs/cart_ros2/install/share/laser_filters/cmake/ament_cmake_export_dependencies-extras.cmake
-- Symlinking: /home/wjs/cart_ros2/install/share/laser_filters/cmake/ament_cmake_export_include_directories-extras.cmake
-- Symlinking: /home/wjs/cart_ros2/install/share/laser_filters/cmake/ament_cmake_export_libraries-extras.cmake
-- Symlinking: /home/wjs/cart_ros2/install/share/laser_filters/cmake/laser_filtersConfig.cmake
-- Symlinking: /home/wjs/cart_ros2/install/share/laser_filters/cmake/laser_filtersConfig-version.cmake
-- Symlinking: /home/wjs/cart_ros2/install/share/laser_filters/package.xml
-- Symlinking: /home/wjs/cart_ros2/install/share/laser_filters/config_filter/angle_filter_F.yaml
-- Symlinking: /home/wjs/cart_ros2/install/share/laser_filters/config_filter/angle_filter_R.yaml
